Component: Arm Compiler for Embedded 6.19 Tool: armlink [5e73cb00]

==============================================================================

Section Cross References

    startup_stm32l073xx.o(STACK) refers (Special) to heapauxi.o(.text) for __use_two_region_memory
    startup_stm32l073xx.o(HEAP) refers (Special) to heapauxi.o(.text) for __use_two_region_memory
    startup_stm32l073xx.o(RESET) refers (Special) to heapauxi.o(.text) for __use_two_region_memory
    startup_stm32l073xx.o(RESET) refers to startup_stm32l073xx.o(STACK) for __initial_sp
    startup_stm32l073xx.o(RESET) refers to startup_stm32l073xx.o(.text) for Reset_Handler
    startup_stm32l073xx.o(RESET) refers to stm32l0xx_it.o(.text.NMI_Handler) for NMI_Handler
    startup_stm32l073xx.o(RESET) refers to stm32l0xx_it.o(.text.HardFault_Handler) for HardFault_Handler
    startup_stm32l073xx.o(RESET) refers to stm32l0xx_it.o(.text.SVC_Handler) for SVC_Handler
    startup_stm32l073xx.o(RESET) refers to stm32l0xx_it.o(.text.PendSV_Handler) for PendSV_Handler
    startup_stm32l073xx.o(RESET) refers to stm32l0xx_it.o(.text.SysTick_Handler) for SysTick_Handler
    startup_stm32l073xx.o(.text) refers (Special) to heapauxi.o(.text) for __use_two_region_memory
    startup_stm32l073xx.o(.text) refers to system_stm32l0xx.o(.text.SystemInit) for SystemInit
    startup_stm32l073xx.o(.text) refers to __main.o(!!!main) for __main
    startup_stm32l073xx.o(.text) refers to startup_stm32l073xx.o(HEAP) for Heap_Mem
    startup_stm32l073xx.o(.text) refers to startup_stm32l073xx.o(STACK) for Stack_Mem
    main.o(.text.main) refers to stm32l0xx_hal.o(.text.HAL_Init) for HAL_Init
    main.o(.text.main) refers to rt_memclr.o(.text) for __aeabi_memclr4
    main.o(.text.main) refers to stm32l0xx_hal_rcc.o(.text.HAL_RCC_OscConfig) for HAL_RCC_OscConfig
    main.o(.text.main) refers to stm32l0xx_hal_rcc.o(.text.HAL_RCC_ClockConfig) for HAL_RCC_ClockConfig
    main.o(.text.main) refers to stm32l0xx_hal_rcc_ex.o(.text.HAL_RCCEx_PeriphCLKConfig) for HAL_RCCEx_PeriphCLKConfig
    main.o(.text.main) refers to stm32l0xx_hal_i2c.o(.text.HAL_I2C_Init) for HAL_I2C_Init
    main.o(.text.main) refers to stm32l0xx_hal_i2c_ex.o(.text.HAL_I2CEx_ConfigAnalogFilter) for HAL_I2CEx_ConfigAnalogFilter
    main.o(.text.main) refers to stm32l0xx_hal_i2c_ex.o(.text.HAL_I2CEx_ConfigDigitalFilter) for HAL_I2CEx_ConfigDigitalFilter
    main.o(.text.main) refers to stm32l0xx_hal_uart.o(.text.HAL_UART_Init) for HAL_UART_Init
    main.o(.text.main) refers to stm32l0xx_hal_tim.o(.text.HAL_TIM_Base_Init) for HAL_TIM_Base_Init
    main.o(.text.main) refers to stm32l0xx_hal_tim.o(.text.HAL_TIM_ConfigClockSource) for HAL_TIM_ConfigClockSource
    main.o(.text.main) refers to stm32l0xx_hal_tim_ex.o(.text.HAL_TIMEx_MasterConfigSynchronization) for HAL_TIMEx_MasterConfigSynchronization
    main.o(.text.main) refers to main.o(.bss.hi2c1) for hi2c1
    main.o(.text.main) refers to main.o(.bss.hi2c3) for hi2c3
    main.o(.text.main) refers to main.o(.bss.huart4) for huart4
    main.o(.text.main) refers to main.o(.bss.htim2) for htim2
    main.o(.ARM.exidx.text.main) refers to main.o(.text.main) for [Anonymous Symbol]
    main.o(.text.SystemClock_Config) refers to rt_memclr.o(.text) for __aeabi_memclr4
    main.o(.text.SystemClock_Config) refers to stm32l0xx_hal_rcc.o(.text.HAL_RCC_OscConfig) for HAL_RCC_OscConfig
    main.o(.text.SystemClock_Config) refers to stm32l0xx_hal_rcc.o(.text.HAL_RCC_ClockConfig) for HAL_RCC_ClockConfig
    main.o(.text.SystemClock_Config) refers to stm32l0xx_hal_rcc_ex.o(.text.HAL_RCCEx_PeriphCLKConfig) for HAL_RCCEx_PeriphCLKConfig
    main.o(.ARM.exidx.text.SystemClock_Config) refers to main.o(.text.SystemClock_Config) for [Anonymous Symbol]
    main.o(.ARM.exidx.text.Error_Handler) refers to main.o(.text.Error_Handler) for [Anonymous Symbol]
    stm32l0xx_it.o(.ARM.exidx.text.NMI_Handler) refers to stm32l0xx_it.o(.text.NMI_Handler) for [Anonymous Symbol]
    stm32l0xx_it.o(.ARM.exidx.text.HardFault_Handler) refers to stm32l0xx_it.o(.text.HardFault_Handler) for [Anonymous Symbol]
    stm32l0xx_it.o(.ARM.exidx.text.SVC_Handler) refers to stm32l0xx_it.o(.text.SVC_Handler) for [Anonymous Symbol]
    stm32l0xx_it.o(.ARM.exidx.text.PendSV_Handler) refers to stm32l0xx_it.o(.text.PendSV_Handler) for [Anonymous Symbol]
    stm32l0xx_it.o(.text.SysTick_Handler) refers to stm32l0xx_hal.o(.text.HAL_IncTick) for HAL_IncTick
    stm32l0xx_it.o(.ARM.exidx.text.SysTick_Handler) refers to stm32l0xx_it.o(.text.SysTick_Handler) for [Anonymous Symbol]
    stm32l0xx_hal_msp.o(.ARM.exidx.text.HAL_MspInit) refers to stm32l0xx_hal_msp.o(.text.HAL_MspInit) for [Anonymous Symbol]
    stm32l0xx_hal_msp.o(.text.HAL_I2C_MspInit) refers to stm32l0xx_hal_gpio.o(.text.HAL_GPIO_Init) for HAL_GPIO_Init
    stm32l0xx_hal_msp.o(.ARM.exidx.text.HAL_I2C_MspInit) refers to stm32l0xx_hal_msp.o(.text.HAL_I2C_MspInit) for [Anonymous Symbol]
[...]
    stm32l0xx_hal_uart.o(.ARM.exidx.text.HAL_UART_ReceiverTimeout_Config) refers to stm32l0xx_hal_uart.o(.text.HAL_UART_ReceiverTimeout_Config) for [Anonymous Symbol]
    stm32l0xx_hal_uart.o(.ARM.exidx.text.HAL_UART_EnableReceiverTimeout) refers to stm32l0xx_hal_uart.o(.text.HAL_UART_EnableReceiverTimeout) for [Anonymous Symbol]
    stm32l0xx_hal_uart.o(.ARM.exidx.text.HAL_UART_DisableReceiverTimeout) refers to stm32l0xx_hal_uart.o(.text.HAL_UART_DisableReceiverTimeout) for [Anonymous Symbol]
    stm32l0xx_hal_uart.o(.text.HAL_MultiProcessor_EnableMuteMode) refers to stm32l0xx_hal_uart.o(.text.UART_CheckIdleState) for UART_CheckIdleState
    stm32l0xx_hal_uart.o(.ARM.exidx.text.HAL_MultiProcessor_EnableMuteMode) refers to stm32l0xx_hal_uart.o(.text.HAL_MultiProcessor_EnableMuteMode) for [Anonymous Symbol]
    stm32l0xx_hal_uart.o(.text.HAL_MultiProcessor_DisableMuteMode) refers to stm32l0xx_hal_uart.o(.text.UART_CheckIdleState) for UART_CheckIdleState
    stm32l0xx_hal_uart.o(.ARM.exidx.text.HAL_MultiProcessor_DisableMuteMode) refers to stm32l0xx_hal_uart.o(.text.HAL_MultiProcessor_DisableMuteMode) for [Anonymous Symbol]
    stm32l0xx_hal_uart.o(.ARM.exidx.text.HAL_MultiProcessor_EnterMuteMode) refers to stm32l0xx_hal_uart.o(.text.HAL_MultiProcessor_EnterMuteMode) for [Anonymous Symbol]
    stm32l0xx_hal_uart.o(.ARM.exidx.text.HAL_HalfDuplex_EnableTransmitter) refers to stm32l0xx_hal_uart.o(.text.HAL_HalfDuplex_EnableTransmitter) for [Anonymous Symbol]
    stm32l0xx_hal_uart.o(.ARM.exidx.text.HAL_HalfDuplex_EnableReceiver) refers to stm32l0xx_hal_uart.o(.text.HAL_HalfDuplex_EnableReceiver) for [Anonymous Symbol]
    stm32l0xx_hal_uart.o(.ARM.exidx.text.HAL_LIN_SendBreak) refers to stm32l0xx_hal_uart.o(.text.HAL_LIN_SendBreak) for [Anonymous Symbol]
    stm32l0xx_hal_uart.o(.ARM.exidx.text.HAL_UART_GetState) refers to stm32l0xx_hal_uart.o(.text.HAL_UART_GetState) for [Anonymous Symbol]
    stm32l0xx_hal_uart.o(.ARM.exidx.text.HAL_UART_GetError) refers to stm32l0xx_hal_uart.o(.text.HAL_UART_GetError) for [Anonymous Symbol]
    stm32l0xx_hal_uart.o(.text.UART_RxISR_16BIT) refers to stm32l0xx_hal_uart.o(.text.HAL_UARTEx_RxEventCallback) for HAL_UARTEx_RxEventCallback
    stm32l0xx_hal_uart.o(.text.UART_RxISR_16BIT) refers to stm32l0xx_hal_uart.o(.text.HAL_UART_RxCpltCallback) for HAL_UART_RxCpltCallback
    stm32l0xx_hal_uart.o(.ARM.exidx.text.UART_RxISR_16BIT) refers to stm32l0xx_hal_uart.o(.text.UART_RxISR_16BIT) for [Anonymous Symbol]
    stm32l0xx_hal_uart.o(.text.UART_RxISR_8BIT) refers to stm32l0xx_hal_uart.o(.text.HAL_UARTEx_RxEventCallback) for HAL_UARTEx_RxEventCallback
    stm32l0xx_hal_uart.o(.text.UART_RxISR_8BIT) refers to stm32l0xx_hal_uart.o(.text.HAL_UART_RxCpltCallback) for HAL_UART_RxCpltCallback
    stm32l0xx_hal_uart.o(.ARM.exidx.text.UART_RxISR_8BIT) refers to stm32l0xx_hal_uart.o(.text.UART_RxISR_8BIT) for [Anonymous Symbol]
    stm32l0xx_hal_uart.o(.text.UART_DMAReceiveCplt) refers to stm32l0xx_hal_uart.o(.text.HAL_UARTEx_RxEventCallback) for HAL_UARTEx_RxEventCallback
    stm32l0xx_hal_uart.o(.text.UART_DMAReceiveCplt) refers to stm32l0xx_hal_uart.o(.text.HAL_UART_RxCpltCallback) for HAL_UART_RxCpltCallback
    stm32l0xx_hal_uart.o(.ARM.exidx.text.UART_DMAReceiveCplt) refers to stm32l0xx_hal_uart.o(.text.UART_DMAReceiveCplt) for [Anonymous Symbol]
    stm32l0xx_hal_uart.o(.text.UART_DMARxHalfCplt) refers to stm32l0xx_hal_uart.o(.text.HAL_UARTEx_RxEventCallback) for HAL_UARTEx_RxEventCallback
    stm32l0xx_hal_uart.o(.text.UART_DMARxHalfCplt) refers to stm32l0xx_hal_uart.o(.text.HAL_UART_RxHalfCpltCallback) for HAL_UART_RxHalfCpltCallback
    stm32l0xx_hal_uart.o(.ARM.exidx.text.UART_DMARxHalfCplt) refers to stm32l0xx_hal_uart.o(.text.UART_DMARxHalfCplt) for [Anonymous Symbol]
    stm32l0xx_hal_uart_ex.o(.text.HAL_RS485Ex_Init) refers to stm32l0xx_hal_msp.o(.text.HAL_UART_MspInit) for HAL_UART_MspInit
    stm32l0xx_hal_uart_ex.o(.text.HAL_RS485Ex_Init) refers to stm32l0xx_hal_uart.o(.text.UART_SetConfig) for UART_SetConfig
    stm32l0xx_hal_uart_ex.o(.text.HAL_RS485Ex_Init) refers to stm32l0xx_hal_uart.o(.text.UART_AdvFeatureConfig) for UART_AdvFeatureConfig
    stm32l0xx_hal_uart_ex.o(.text.HAL_RS485Ex_Init) refers to stm32l0xx_hal_uart.o(.text.UART_CheckIdleState) for UART_CheckIdleState
    stm32l0xx_hal_uart_ex.o(.ARM.exidx.text.HAL_RS485Ex_Init) refers to stm32l0xx_hal_uart_ex.o(.text.HAL_RS485Ex_Init) for [Anonymous Symbol]
    stm32l0xx_hal_uart_ex.o(.ARM.exidx.text.HAL_UARTEx_WakeupCallback) refers to stm32l0xx_hal_uart_ex.o(.text.HAL_UARTEx_WakeupCallback) for [Anonymous Symbol]
    stm32l0xx_hal_uart_ex.o(.ARM.exidx.text.HAL_UARTEx_EnableClockStopMode) refers to stm32l0xx_hal_uart_ex.o(.text.HAL_UARTEx_EnableClockStopMode) for [Anonymous Symbol]
    stm32l0xx_hal_uart_ex.o(.ARM.exidx.text.HAL_UARTEx_DisableClockStopMode) refers to stm32l0xx_hal_uart_ex.o(.text.HAL_UARTEx_DisableClockStopMode) for [Anonymous Symbol]
    stm32l0xx_hal_uart_ex.o(.text.HAL_MultiProcessorEx_AddressLength_Set) refers to stm32l0xx_hal_uart.o(.text.UART_CheckIdleState) for UART_CheckIdleState
    stm32l0xx_hal_uart_ex.o(.ARM.exidx.text.HAL_MultiProcessorEx_AddressLength_Set) refers to stm32l0xx_hal_uart_ex.o(.text.HAL_MultiProcessorEx_AddressLength_Set) for [Anonymous Symbol]
    stm32l0xx_hal_uart_ex.o(.text.HAL_UARTEx_StopModeWakeUpSourceConfig) refers to stm32l0xx_hal.o(.text.HAL_GetTick) for HAL_GetTick
    stm32l0xx_hal_uart_ex.o(.text.HAL_UARTEx_StopModeWakeUpSourceConfig) refers to stm32l0xx_hal_uart.o(.text.UART_WaitOnFlagUntilTimeout) for UART_WaitOnFlagUntilTimeout
    stm32l0xx_hal_uart_ex.o(.ARM.exidx.text.HAL_UARTEx_StopModeWakeUpSourceConfig) refers to stm32l0xx_hal_uart_ex.o(.text.HAL_UARTEx_StopModeWakeUpSourceConfig) for [Anonymous Symbol]
    stm32l0xx_hal_uart_ex.o(.ARM.exidx.text.HAL_UARTEx_EnableStopMode) refers to stm32l0xx_hal_uart_ex.o(.text.HAL_UARTEx_EnableStopMode) for [Anonymous Symbol]
    stm32l0xx_hal_uart_ex.o(.ARM.exidx.text.HAL_UARTEx_DisableStopMode) refers to stm32l0xx_hal_uart_ex.o(.text.HAL_UARTEx_DisableStopMode) for [Anonymous Symbol]
    stm32l0xx_hal_uart_ex.o(.text.HAL_UARTEx_ReceiveToIdle) refers to stm32l0xx_hal.o(.text.HAL_GetTick) for HAL_GetTick
    stm32l0xx_hal_uart_ex.o(.ARM.exidx.text.HAL_UARTEx_ReceiveToIdle) refers to stm32l0xx_hal_uart_ex.o(.text.HAL_UARTEx_ReceiveToIdle) for [Anonymous Symbol]
    stm32l0xx_hal_uart_ex.o(.text.HAL_UARTEx_ReceiveToIdle_IT) refers to stm32l0xx_hal_uart.o(.text.UART_Start_Receive_IT) for UART_Start_Receive_IT
    stm32l0xx_hal_uart_ex.o(.ARM.exidx.text.HAL_UARTEx_ReceiveToIdle_IT) refers to stm32l0xx_hal_uart_ex.o(.text.HAL_UARTEx_ReceiveToIdle_IT) for [Anonymous Symbol]
    stm32l0xx_hal_uart_ex.o(.text.HAL_UARTEx_ReceiveToIdle_DMA) refers to stm32l0xx_hal_uart.o(.text.UART_Start_Receive_DMA) for UART_Start_Receive_DMA
    stm32l0xx_hal_uart_ex.o(.ARM.exidx.text.HAL_UARTEx_ReceiveToIdle_DMA) refers to stm32l0xx_hal_uart_ex.o(.text.HAL_UARTEx_ReceiveToIdle_DMA) for [Anonymous Symbol]
    stm32l0xx_hal_uart_ex.o(.ARM.exidx.text.HAL_UARTEx_GetRxEventType) refers to stm32l0xx_hal_uart_ex.o(.text.HAL_UARTEx_GetRxEventType) for [Anonymous Symbol]
    system_stm32l0xx.o(.ARM.exidx.text.SystemInit) refers to system_stm32l0xx.o(.text.SystemInit) for [Anonymous Symbol]
    system_stm32l0xx.o(.text.SystemCoreClockUpdate) refers to aeabi_sdivfast.o(.text_divfast) for __aeabi_uidiv
    system_stm32l0xx.o(.text.SystemCoreClockUpdate) refers to system_stm32l0xx.o(.rodata.PLLMulTable) for PLLMulTable
    system_stm32l0xx.o(.text.SystemCoreClockUpdate) refers to system_stm32l0xx.o(.data.SystemCoreClock) for SystemCoreClock
    system_stm32l0xx.o(.text.SystemCoreClockUpdate) refers to system_stm32l0xx.o(.rodata.AHBPrescTable) for AHBPrescTable
    system_stm32l0xx.o(.ARM.exidx.text.SystemCoreClockUpdate) refers to system_stm32l0xx.o(.text.SystemCoreClockUpdate) for [Anonymous Symbol]
    statechart.o(.ARM.exidx.text.statechart_init) refers to statechart.o(.text.statechart_init) for [Anonymous Symbol]
    statechart.o(.text.statechart_enter) refers to statechart.o(.text.micro_step) for micro_step
    statechart.o(.ARM.exidx.text.statechart_enter) refers to statechart.o(.text.statechart_enter) for [Anonymous Symbol]
    statechart.o(.ARM.exidx.text.micro_step) refers to statechart.o(.text.micro_step) for [Anonymous Symbol]
    statechart.o(.ARM.exidx.text.statechart_exit) refers to statechart.o(.text.statechart_exit) for [Anonymous Symbol]
    statechart.o(.text.statechart_trigger_without_event) refers to statechart.o(.text.run_cycle) for run_cycle
    statechart.o(.ARM.exidx.text.statechart_trigger_without_event) refers to statechart.o(.text.statechart_trigger_without_event) for [Anonymous Symbol]
    statechart.o(.ARM.exidx.text.run_cycle) refers to statechart.o(.text.run_cycle) for [Anonymous Symbol]
    statechart.o(.ARM.exidx.text.statechart_is_active) refers to statechart.o(.text.statechart_is_active) for [Anonymous Symbol]
    statechart.o(.ARM.exidx.text.statechart_is_final) refers to statechart.o(.text.statechart_is_final) for [Anonymous Symbol]
    statechart.o(.ARM.exidx.text.statechart_is_state_active) refers to statechart.o(.text.statechart_is_state_active) for [Anonymous Symbol]
    statechart.o(.text.statechart_raise_getSample) refers to statechart.o(.text.run_cycle) for run_cycle
    statechart.o(.ARM.exidx.text.statechart_raise_getSample) refers to statechart.o(.text.statechart_raise_getSample) for [Anonymous Symbol]
    __main.o(!!!main) refers to __rtentry.o(.ARM.Collect$$rtentry$$00000000) for __rt_entry
    __rtentry.o(.ARM.Collect$$rtentry$$00000000) refers (Special) to __rtentry2.o(.ARM.Collect$$rtentry$$0000000A) for __rt_entry_li
    __rtentry.o(.ARM.Collect$$rtentry$$00000000) refers (Special) to __rtentry2.o(.ARM.Collect$$rtentry$$0000000D) for __rt_entry_main
    __rtentry.o(.ARM.Collect$$rtentry$$00000000) refers (Special) to __rtentry2.o(.ARM.Collect$$rtentry$$0000000C) for __rt_entry_postli_1
    __rtentry.o(.ARM.Collect$$rtentry$$00000000) refers (Special) to __rtentry2.o(.ARM.Collect$$rtentry$$00000009) for __rt_entry_postsh_1
    __rtentry.o(.ARM.Collect$$rtentry$$00000000) refers (Special) to __rtentry2.o(.ARM.Collect$$rtentry$$00000002) for __rt_entry_presh_1
    __rtentry.o(.ARM.Collect$$rtentry$$00000000) refers (Special) to __rtentry4.o(.ARM.Collect$$rtentry$$00000004) for __rt_entry_sh
    aeabi_idiv0_sigfpe.o(.text) refers to rt_div0.o(.text) for __rt_div0
    aeabi_ldiv0_sigfpe.o(.text) refers to rt_div0.o(.text) for __rt_div0
    __rtentry2.o(.ARM.Collect$$rtentry$$00000008) refers to boardinit2.o(.text) for _platform_post_stackheap_init
    __rtentry2.o(.ARM.Collect$$rtentry$$0000000A) refers to libinit.o(.ARM.Collect$$libinit$$00000000) for __rt_lib_init
    __rtentry2.o(.ARM.Collect$$rtentry$$0000000B) refers to boardinit3.o(.text) for _platform_post_lib_init
    __rtentry2.o(.ARM.Collect$$rtentry$$0000000D) refers to main.o(.text.main) for main
    __rtentry2.o(.ARM.Collect$$rtentry$$0000000D) refers to exit.o(.text) for exit
    __rtentry2.o(.ARM.exidx) refers to __rtentry2.o(.ARM.Collect$$rtentry$$00000001) for .ARM.Collect$$rtentry$$00000001
    __rtentry2.o(.ARM.exidx) refers to __rtentry2.o(.ARM.Collect$$rtentry$$00000008) for .ARM.Collect$$rtentry$$00000008
    __rtentry2.o(.ARM.exidx) refers to __rtentry2.o(.ARM.Collect$$rtentry$$0000000A) for .ARM.Collect$$rtentry$$0000000A
    __rtentry2.o(.ARM.exidx) refers to __rtentry2.o(.ARM.Collect$$rtentry$$0000000B) for .ARM.Collect$$rtentry$$0000000B
    __rtentry2.o(.ARM.exidx) refers to __rtentry2.o(.ARM.Collect$$rtentry$$0000000D) for .ARM.Collect$$rtentry$$0000000D
    __rtentry4.o(.ARM.Collect$$rtentry$$00000004) refers to sys_stackheap_outer.o(.text) for __user_setup_stackheap
    __rtentry4.o(.ARM.exidx) refers to __rtentry4.o(.ARM.Collect$$rtentry$$00000004) for .ARM.Collect$$rtentry$$00000004
    rt_div0.o(.text) refers to defsig_fpe_outer.o(.text) for __rt_SIGFPE
    sys_stackheap_outer.o(.text) refers to libspace.o(.text) for __user_perproc_libspace
    sys_stackheap_outer.o(.text) refers to startup_stm32l073xx.o(.text) for __user_initial_stackheap
    sys_stackheap_outer.o(__vectab_stack_and_reset_area) refers to tempstk.o(.text) for __temporary_stack_top
    sys_stackheap_outer.o(__vectab_stack_and_reset_area) refers to __main.o(!!!main) for __main
    exit.o(.text) refers to rtexit.o(.ARM.Collect$$rtexit$$00000000) for __rt_exit
    defsig_fpe_outer.o(.text) refers to defsig_fpe_inner.o(.text) for __rt_SIGFPE_inner
    defsig_fpe_outer.o(.text) refers to defsig_exit.o(.text) for __sig_exit
    defsig_fpe_formal.o(.text) refers to rt_raise.o(.text) for __rt_raise
    libinit.o(.ARM.Collect$$libinit$$00000000) refers (Special) to libinit2.o(.ARM.Collect$$libinit$$00000030) for __rt_lib_init_alloca_1
    libinit.o(.ARM.Collect$$libinit$$00000000) refers (Special) to libinit2.o(.ARM.Collect$$libinit$$0000002E) for __rt_lib_init_argv_1
    libinit.o(.ARM.Collect$$libinit$$00000000) refers (Special) to libinit2.o(.ARM.Collect$$libinit$$0000001D) for __rt_lib_init_atexit_1
    libinit.o(.ARM.Collect$$libinit$$00000000) refers (Special) to libinit2.o(.ARM.Collect$$libinit$$00000023) for __rt_lib_init_clock_1
    libinit.o(.ARM.Collect$$libinit$$00000000) refers (Special) to libinit2.o(.ARM.Collect$$libinit$$00000034) for __rt_lib_init_cpp_1
    libinit.o(.ARM.Collect$$libinit$$00000000) refers (Special) to libinit2.o(.ARM.Collect$$libinit$$00000032) for __rt_lib_init_exceptions_1
    libinit.o(.ARM.Collect$$libinit$$00000000) refers (Special) to libinit2.o(.ARM.Collect$$libinit$$00000002) for __rt_lib_init_fp_1
    libinit.o(.ARM.Collect$$libinit$$00000000) refers (Special) to libinit2.o(.ARM.Collect$$libinit$$00000021) for __rt_lib_init_fp_trap_1
    libinit.o(.ARM.Collect$$libinit$$00000000) refers (Special) to libinit2.o(.ARM.Collect$$libinit$$00000025) for __rt_lib_init_getenv_1
    libinit.o(.ARM.Collect$$libinit$$00000000) refers (Special) to libinit2.o(.ARM.Collect$$libinit$$0000000C) for __rt_lib_init_heap_1
    libinit.o(.ARM.Collect$$libinit$$00000000) refers (Special) to libinit2.o(.ARM.Collect$$libinit$$00000013) for __rt_lib_init_lc_collate_1
    libinit.o(.ARM.Collect$$libinit$$00000000) refers (Special) to libinit2.o(.ARM.Collect$$libinit$$00000015) for __rt_lib_init_lc_ctype_1
    libinit.o(.ARM.Collect$$libinit$$00000000) refers (Special) to libinit2.o(.ARM.Collect$$libinit$$00000017) for __rt_lib_init_lc_monetary_1
    libinit.o(.ARM.Collect$$libinit$$00000000) refers (Special) to libinit2.o(.ARM.Collect$$libinit$$00000019) for __rt_lib_init_lc_numeric_1
    libinit.o(.ARM.Collect$$libinit$$00000000) refers (Special) to libinit2.o(.ARM.Collect$$libinit$$0000001B) for __rt_lib_init_lc_time_1
    libinit.o(.ARM.Collect$$libinit$$00000000) refers (Special) to libinit2.o(.ARM.Collect$$libinit$$00000006) for __rt_lib_init_preinit_1
    libinit.o(.ARM.Collect$$libinit$$00000000) refers (Special) to libinit2.o(.ARM.Collect$$libinit$$00000010) for __rt_lib_init_rand_1
    libinit.o(.ARM.Collect$$libinit$$00000000) refers (Special) to libinit2.o(.ARM.Collect$$libinit$$00000004) for __rt_lib_init_relocate_pie_1
    libinit.o(.ARM.Collect$$libinit$$00000000) refers (Special) to libinit2.o(.ARM.Collect$$libinit$$00000035) for __rt_lib_init_return
    libinit.o(.ARM.Collect$$libinit$$00000000) refers (Special) to libinit2.o(.ARM.Collect$$libinit$$0000001F) for __rt_lib_init_signal_1
    libinit.o(.ARM.Collect$$libinit$$00000000) refers (Special) to libinit2.o(.ARM.Collect$$libinit$$00000027) for __rt_lib_init_stdio_1
    libinit.o(.ARM.Collect$$libinit$$00000000) refers (Special) to libinit2.o(.ARM.Collect$$libinit$$0000000E) for __rt_lib_init_user_alloc_1
    libspace.o(.text) refers to libspace.o(.bss) for __libspace_start
    rtexit.o(.ARM.Collect$$rtexit$$00000000) refers (Special) to rtexit2.o(.ARM.Collect$$rtexit$$00000004) for __rt_exit_exit
    rtexit.o(.ARM.Collect$$rtexit$$00000000) refers (Special) to rtexit2.o(.ARM.Collect$$rtexit$$00000003) for __rt_exit_ls
    rtexit.o(.ARM.Collect$$rtexit$$00000000) refers (Special) to rtexit2.o(.ARM.Collect$$rtexit$$00000002) for __rt_exit_prels_1
    rtexit.o(.ARM.exidx) refers (Special) to rtexit2.o(.ARM.Collect$$rtexit$$00000004) for __rt_exit_exit
    rtexit.o(.ARM.exidx) refers (Special) to rtexit2.o(.ARM.Collect$$rtexit$$00000003) for __rt_exit_ls
    rtexit.o(.ARM.exidx) refers (Special) to rtexit2.o(.ARM.Collect$$rtexit$$00000002) for __rt_exit_prels_1
    rtexit.o(.ARM.exidx) refers to rtexit.o(.ARM.Collect$$rtexit$$00000000) for .ARM.Collect$$rtexit$$00000000
    rt_raise.o(.text) refers to __raise.o(.text) for __raise
    rt_raise.o(.text) refers to sys_exit.o(.text) for _sys_exit
    defsig_exit.o(.text) refers to sys_exit.o(.text) for _sys_exit
    defsig_fpe_inner.o(.text) refers to defsig_general.o(.text) for __default_signal_display
    libinit2.o(.ARM.Collect$$libinit$$00000012) refers to libinit2.o(.ARM.Collect$$libinit$$00000011) for .ARM.Collect$$libinit$$00000011
    libinit2.o(.ARM.Collect$$libinit$$00000014) refers to libinit2.o(.ARM.Collect$$libinit$$00000011) for .ARM.Collect$$libinit$$00000011
    libinit2.o(.ARM.Collect$$libinit$$00000016) refers to libinit2.o(.ARM.Collect$$libinit$$00000011) for .ARM.Collect$$libinit$$00000011
    libinit2.o(.ARM.Collect$$libinit$$00000018) refers to libinit2.o(.ARM.Collect$$libinit$$00000011) for .ARM.Collect$$libinit$$00000011
    libinit2.o(.ARM.Collect$$libinit$$0000001A) refers to libinit2.o(.ARM.Collect$$libinit$$00000011) for .ARM.Collect$$libinit$$00000011
    libinit2.o(.ARM.Collect$$libinit$$00000028) refers to argv_veneer.o(.text) for __ARM_argv_veneer
    libinit2.o(.ARM.Collect$$libinit$$00000029) refers to argv_veneer.o(.text) for __ARM_argv_veneer
    sys_exit.o(.text) refers (Special) to use_no_semi.o(.text) for __I$use$semihosting
    sys_exit.o(.text) refers (Special) to indicate_semi.o(.text) for __semihosting_library_function
    sys_exit_hlt.o(.text) refers (Special) to use_no_semi.o(.text) for __I$use$semihosting
    sys_exit_hlt.o(.text) refers (Special) to indicate_semi.o(.text) for __semihosting_library_function
    rtexit2.o(.ARM.Collect$$rtexit$$00000003) refers to libshutdown.o(.ARM.Collect$$libshutdown$$00000000) for __rt_lib_shutdown
    rtexit2.o(.ARM.Collect$$rtexit$$00000004) refers to sys_exit.o(.text) for _sys_exit
    rtexit2.o(.ARM.exidx) refers to rtexit2.o(.ARM.Collect$$rtexit$$00000001) for .ARM.Collect$$rtexit$$00000001
    rtexit2.o(.ARM.exidx) refers to rtexit2.o(.ARM.Collect$$rtexit$$00000003) for .ARM.Collect$$rtexit$$00000003
    rtexit2.o(.ARM.exidx) refers to rtexit2.o(.ARM.Collect$$rtexit$$00000004) for .ARM.Collect$$rtexit$$00000004
    __raise.o(.text) refers to defsig.o(CL$$defsig) for __default_signal_handler
    defsig_general.o(.text) refers to sys_wrch.o(.text) for _ttywrch
    sys_wrch.o(.text) refers (Special) to use_no_semi.o(.text) for __I$use$semihosting
    sys_wrch.o(.text) refers (Special) to indicate_semi.o(.text) for __semihosting_library_function
    sys_wrch_hlt.o(.text) refers (Special) to use_no_semi.o(.text) for __I$use$semihosting
    sys_wrch_hlt.o(.text) refers (Special) to indicate_semi.o(.text) for __semihosting_library_function
    defsig.o(CL$$defsig) refers to defsig_fpe_inner.o(.text) for __rt_SIGFPE_inner
    defsig.o(CL$$defsig) refers to defsig_rtmem_inner.o(.text) for __rt_SIGRTMEM_inner
    _get_argv_nomalloc.o(.text) refers (Special) to hrguard.o(.text) for __heap_region$guard
    _get_argv_nomalloc.o(.text) refers to defsig_rtmem_outer.o(.text) for __rt_SIGRTMEM
    _get_argv_nomalloc.o(.text) refers to sys_command.o(.text) for _sys_command_string
    libshutdown.o(.ARM.Collect$$libshutdown$$00000000) refers (Special) to libshutdown2.o(.ARM.Collect$$libshutdown$$00000002) for __rt_lib_shutdown_cpp_1
    libshutdown.o(.ARM.Collect$$libshutdown$$00000000) refers (Special) to libshutdown2.o(.ARM.Collect$$libshutdown$$00000007) for __rt_lib_shutdown_fp_trap_1
    libshutdown.o(.ARM.Collect$$libshutdown$$00000000) refers (Special) to libshutdown2.o(.ARM.Collect$$libshutdown$$0000000F) for __rt_lib_shutdown_heap_1
    libshutdown.o(.ARM.Collect$$libshutdown$$00000000) refers (Special) to libshutdown2.o(.ARM.Collect$$libshutdown$$00000010) for __rt_lib_shutdown_return
    libshutdown.o(.ARM.Collect$$libshutdown$$00000000) refers (Special) to libshutdown2.o(.ARM.Collect$$libshutdown$$0000000A) for __rt_lib_shutdown_signal_1
    libshutdown.o(.ARM.Collect$$libshutdown$$00000000) refers (Special) to libshutdown2.o(.ARM.Collect$$libshutdown$$00000004) for __rt_lib_shutdown_stdio_1
    libshutdown.o(.ARM.Collect$$libshutdown$$00000000) refers (Special) to libshutdown2.o(.ARM.Collect$$libshutdown$$0000000C) for __rt_lib_shutdown_user_alloc_1
    sys_command.o(.text) refers (Special) to use_no_semi.o(.text) for __I$use$semihosting
    sys_command.o(.text) refers (Special) to indicate_semi.o(.text) for __semihosting_library_function
    sys_command_hlt.o(.text) refers (Special) to use_no_semi.o(.text) for __I$use$semihosting
    sys_command_hlt.o(.text) refers (Special) to indicate_semi.o(.text) for __semihosting_library_function
    defsig_abrt_inner.o(.text) refers to defsig_general.o(.text) for __default_signal_display
    defsig_rtred_inner.o(.text) refers to defsig_general.o(.text) for __default_signal_display
    defsig_rtmem_inner.o(.text) refers to defsig_general.o(.text) for __default_signal_display
    defsig_rtmem_outer.o(.text) refers to defsig_rtmem_inner.o(.text) for __rt_SIGRTMEM_inner
    defsig_rtmem_outer.o(.text) refers to defsig_exit.o(.text) for __sig_exit
    defsig_rtmem_formal.o(.text) refers to rt_raise.o(.text) for __rt_raise
    defsig_stak_inner.o(.text) refers to defsig_general.o(.text) for __default_signal_display
    defsig_pvfn_inner.o(.text) refers to defsig_general.o(.text) for __default_signal_display
    defsig_cppl_inner.o(.text) refers to defsig_general.o(.text) for __default_signal_display
    defsig_segv_inner.o(.text) refers to defsig_general.o(.text) for __default_signal_display
    defsig_other.o(.text) refers to defsig_general.o(.text) for __default_signal_display


==============================================================================

Removing Unused input sections from the image.

    Removing main.o(.text), (0 bytes).
    Removing main.o(.ARM.exidx.text.main), (8 bytes).
    Removing main.o(.text.SystemClock_Config), (152 bytes).
    Removing main.o(.ARM.exidx.text.SystemClock_Config), (8 bytes).
    Removing main.o(.text.Error_Handler), (8 bytes).
    Removing main.o(.ARM.exidx.text.Error_Handler), (8 bytes).
    Removing main.o(.ARM.use_no_argv), (4 bytes).
    Removing stm32l0xx_it.o(.text), (0 bytes).
    Removing stm32l0xx_it.o(.ARM.exidx.text.NMI_Handler), (8 bytes).
    Removing stm32l0xx_it.o(.ARM.exidx.text.HardFault_Handler), (8 bytes).
    Removing stm32l0xx_it.o(.ARM.exidx.text.SVC_Handler), (8 bytes).
    Removing stm32l0xx_it.o(.ARM.exidx.text.PendSV_Handler), (8 bytes).
    Removing stm32l0xx_it.o(.ARM.exidx.text.SysTick_Handler), (8 bytes).
    Removing stm32l0xx_hal_msp.o(.text), (0 bytes).
    Removing stm32l0xx_hal_msp.o(.ARM.exidx.text.HAL_MspInit), (8 bytes).
    Removing stm32l0xx_hal_msp.o(.ARM.exidx.text.HAL_I2C_MspInit), (8 bytes).
    Removing stm32l0xx_hal_msp.o(.text.HAL_I2C_MspDeInit), (100 bytes).
    Removing stm32l0xx_hal_msp.o(.ARM.exidx.text.HAL_I2C_MspDeInit), (8 bytes).
    Removing stm32l0xx_hal_msp.o(.ARM.exidx.text.HAL_TIM_Base_MspInit), (8 bytes).
    Removing stm32l0xx_hal_msp.o(.text.HAL_TIM_Base_MspDeInit), (28 bytes).
    Removing stm32l0xx_hal_msp.o(.ARM.exidx.text.HAL_TIM_Base_MspDeInit), (8 bytes).
    Removing stm32l0xx_hal_msp.o(.ARM.exidx.text.HAL_UART_MspInit), (8 bytes).
    Removing stm32l0xx_hal_msp.o(.text.HAL_UART_MspDeInit), (44 bytes).
    Removing stm32l0xx_hal_msp.o(.ARM.exidx.text.HAL_UART_MspDeInit), (8 bytes).
    Removing stm32l0xx_hal_i2c.o(.text), (0 bytes).
    Removing stm32l0xx_hal_i2c.o(.ARM.exidx.text.HAL_I2C_Init), (8 bytes).
    Removing stm32l0xx_hal_i2c.o(.text.HAL_I2C_MspInit), (2 bytes).
    Removing stm32l0xx_hal_i2c.o(.ARM.exidx.text.HAL_I2C_MspInit), (8 bytes).
    Removing stm32l0xx_hal_i2c.o(.text.HAL_I2C_DeInit), (50 bytes).
    Removing stm32l0xx_hal_i2c.o(.ARM.exidx.text.HAL_I2C_DeInit), (8 bytes).
    Removing stm32l0xx_hal_i2c.o(.text.HAL_I2C_MspDeInit), (2 bytes).
    Removing stm32l0xx_hal_i2c.o(.ARM.exidx.text.HAL_I2C_MspDeInit), (8 bytes).
    Removing stm32l0xx_hal_i2c.o(.text.HAL_I2C_Master_Transmit), (412 bytes).
    Removing stm32l0xx_hal_i2c.o(.ARM.exidx.text.HAL_I2C_Master_Transmit), (8 bytes).
    Removing stm32l0xx_hal_i2c.o(.text.I2C_WaitOnFlagUntilTimeout), (222 bytes).
    Removing stm32l0xx_hal_i2c.o(.ARM.exidx.text.I2C_WaitOnFlagUntilTimeout), (8 bytes).
    Removing stm32l0xx_hal_i2c.o(.text.I2C_WaitOnTXISFlagUntilTimeout), (166 bytes).
    Removing stm32l0xx_hal_i2c.o(.ARM.exidx.text.I2C_WaitOnTXISFlagUntilTimeout), (8 bytes).
    Removing stm32l0xx_hal_i2c.o(.text.I2C_WaitOnSTOPFlagUntilTimeout), (134 bytes).
    Removing stm32l0xx_hal_i2c.o(.ARM.exidx.text.I2C_WaitOnSTOPFlagUntilTimeout), (8 bytes).
    Removing stm32l0xx_hal_i2c.o(.text.HAL_I2C_Master_Receive), (412 bytes).
    Removing stm32l0xx_hal_i2c.o(.ARM.exidx.text.HAL_I2C_Master_Receive), (8 bytes).
    Removing stm32l0xx_hal_i2c.o(.text.I2C_WaitOnRXNEFlagUntilTimeout), (220 bytes).
    Removing stm32l0xx_hal_i2c.o(.ARM.exidx.text.I2C_WaitOnRXNEFlagUntilTimeout), (8 bytes).
    Removing stm32l0xx_hal_i2c.o(.text.HAL_I2C_Slave_Transmit), (440 bytes).
    Removing stm32l0xx_hal_i2c.o(.ARM.exidx.text.HAL_I2C_Slave_Transmit), (8 bytes).
    Removing stm32l0xx_hal_i2c.o(.text.HAL_I2C_Slave_Receive), (370 bytes).
    Removing stm32l0xx_hal_i2c.o(.ARM.exidx.text.HAL_I2C_Slave_Receive), (8 bytes).
    Removing stm32l0xx_hal_i2c.o(.text.HAL_I2C_Master_Transmit_IT), (140 bytes).
    Removing stm32l0xx_hal_i2c.o(.ARM.exidx.text.HAL_I2C_Master_Transmit_IT), (8 bytes).
    Removing stm32l0xx_hal_i2c.o(.text.I2C_Master_ISR_IT), (384 bytes).
    Removing stm32l0xx_hal_i2c.o(.ARM.exidx.text.I2C_Master_ISR_IT), (8 bytes).
    Removing stm32l0xx_hal_i2c.o(.text.I2C_Enable_IRQ), (140 bytes).
    Removing stm32l0xx_hal_i2c.o(.ARM.exidx.text.I2C_Enable_IRQ), (8 bytes).
    Removing stm32l0xx_hal_i2c.o(.text.HAL_I2C_Master_Receive_IT), (132 bytes).
    Removing stm32l0xx_hal_i2c.o(.ARM.exidx.text.HAL_I2C_Master_Receive_IT), (8 bytes).
    Removing stm32l0xx_hal_i2c.o(.text.HAL_I2C_Slave_Transmit_IT), (124 bytes).
    Removing stm32l0xx_hal_i2c.o(.ARM.exidx.text.HAL_I2C_Slave_Transmit_IT), (8 bytes).
    Removing stm32l0xx_hal_i2c.o(.text.I2C_Slave_ISR_IT), (612 bytes).
    Removing stm32l0xx_hal_i2c.o(.ARM.exidx.text.I2C_Slave_ISR_IT), (8 bytes).
    Removing stm32l0xx_hal_i2c.o(.text.HAL_I2C_Slave_Receive_IT), (84 bytes).
    Removing stm32l0xx_hal_i2c.o(.ARM.exidx.text.HAL_I2C_Slave_Receive_IT), (8 bytes).
    Removing stm32l0xx_hal_i2c.o(.text.HAL_I2C_Master_Transmit_DMA), (328 bytes).
    Removing stm32l0xx_hal_i2c.o(.ARM.exidx.text.HAL_I2C_Master_Transmit_DMA), (8 bytes).
    Removing stm32l0xx_hal_i2c.o(.text.I2C_Master_ISR_DMA), (464 bytes).
    Removing stm32l0xx_hal_i2c.o(.ARM.exidx.text.I2C_Master_ISR_DMA), (8 bytes).
    Removing stm32l0xx_hal_i2c.o(.text.I2C_DMAMasterTransmitCplt), (204 bytes).
    Removing stm32l0xx_hal_i2c.o(.ARM.exidx.text.I2C_DMAMasterTransmitCplt), (8 bytes).
    Removing stm32l0xx_hal_i2c.o(.text.I2C_DMAError), (24 bytes).
    Removing stm32l0xx_hal_i2c.o(.ARM.exidx.text.I2C_DMAError), (8 bytes).
    Removing stm32l0xx_hal_i2c.o(.text.HAL_I2C_Master_Receive_DMA), (324 bytes).
    Removing stm32l0xx_hal_i2c.o(.ARM.exidx.text.HAL_I2C_Master_Receive_DMA), (8 bytes).
    Removing stm32l0xx_hal_i2c.o(.text.I2C_DMAMasterReceiveCplt), (204 bytes).
    Removing stm32l0xx_hal_i2c.o(.ARM.exidx.text.I2C_DMAMasterReceiveCplt), (8 bytes).
    Removing stm32l0xx_hal_i2c.o(.text.HAL_I2C_Slave_Transmit_DMA), (272 bytes).
    Removing stm32l0xx_hal_i2c.o(.ARM.exidx.text.HAL_I2C_Slave_Transmit_DMA), (8 bytes).
    Removing stm32l0xx_hal_i2c.o(.text.I2C_Slave_ISR_DMA), (396 bytes).
    Removing stm32l0xx_hal_i2c.o(.ARM.exidx.text.I2C_Slave_ISR_DMA), (8 bytes).
    Removing stm32l0xx_hal_i2c.o(.text.I2C_DMASlaveTransmitCplt), (152 bytes).
    Removing stm32l0xx_hal_i2c.o(.ARM.exidx.text.I2C_DMASlaveTransmitCplt), (8 bytes).
    Removing stm32l0xx_hal_i2c.o(.text.HAL_I2C_Slave_Receive_DMA), (216 bytes).
    Removing stm32l0xx_hal_i2c.o(.ARM.exidx.text.HAL_I2C_Slave_Receive_DMA), (8 bytes).
    Removing stm32l0xx_hal_i2c.o(.text.I2C_DMASlaveReceiveCplt), (164 bytes).
    Removing stm32l0xx_hal_i2c.o(.ARM.exidx.text.I2C_DMASlaveReceiveCplt), (8 bytes).
    Removing stm32l0xx_hal_i2c.o(.text.HAL_I2C_Mem_Write), (548 bytes).
    Removing stm32l0xx_hal_i2c.o(.ARM.exidx.text.HAL_I2C_Mem_Write), (8 bytes).
    Removing stm32l0xx_hal_i2c.o(.text.HAL_I2C_Mem_Read), (556 bytes).
    Removing stm32l0xx_hal_i2c.o(.ARM.exidx.text.HAL_I2C_Mem_Read), (8 bytes).
    Removing stm32l0xx_hal_i2c.o(.text.HAL_I2C_Mem_Write_IT), (176 bytes).
    Removing stm32l0xx_hal_i2c.o(.ARM.exidx.text.HAL_I2C_Mem_Write_IT), (8 bytes).
    Removing stm32l0xx_hal_i2c.o(.text.I2C_Mem_ISR_IT), (412 bytes).
    Removing stm32l0xx_hal_i2c.o(.ARM.exidx.text.I2C_Mem_ISR_IT), (8 bytes).
    Removing stm32l0xx_hal_i2c.o(.text.HAL_I2C_Mem_Read_IT), (172 bytes).
    Removing stm32l0xx_hal_i2c.o(.ARM.exidx.text.HAL_I2C_Mem_Read_IT), (8 bytes).
    Removing stm32l0xx_hal_i2c.o(.text.HAL_I2C_Mem_Write_DMA), (296 bytes).
    Removing stm32l0xx_hal_i2c.o(.ARM.exidx.text.HAL_I2C_Mem_Write_DMA), (8 bytes).
    Removing stm32l0xx_hal_i2c.o(.text.I2C_Mem_ISR_DMA), (420 bytes).
    Removing stm32l0xx_hal_i2c.o(.ARM.exidx.text.I2C_Mem_ISR_DMA), (8 bytes).
    Removing stm32l0xx_hal_i2c.o(.text.HAL_I2C_Mem_Read_DMA), (300 bytes).
    Removing stm32l0xx_hal_i2c.o(.ARM.exidx.text.HAL_I2C_Mem_Read_DMA), (8 bytes).
    Removing stm32l0xx_hal_i2c.o(.text.HAL_I2C_IsDeviceReady), (380 bytes).
    Removing stm32l0xx_hal_i2c.o(.ARM.exidx.text.HAL_I2C_IsDeviceReady), (8 bytes).
    Removing stm32l0xx_hal_i2c.o(.text.HAL_I2C_Master_Seq_Transmit_IT), (196 bytes).
    Removing stm32l0xx_hal_i2c.o(.ARM.exidx.text.HAL_I2C_Master_Seq_Transmit_IT), (8 bytes).
    Removing stm32l0xx_hal_i2c.o(.text.HAL_I2C_Master_Seq_Transmit_DMA), (404 bytes).
    Removing stm32l0xx_hal_i2c.o(.ARM.exidx.text.HAL_I2C_Master_Seq_Transmit_DMA), (8 bytes).
    Removing stm32l0xx_hal_i2c.o(.text.HAL_I2C_Master_Seq_Receive_IT), (196 bytes).
    Removing stm32l0xx_hal_i2c.o(.ARM.exidx.text.HAL_I2C_Master_Seq_Receive_IT), (8 bytes).
    Removing stm32l0xx_hal_i2c.o(.text.HAL_I2C_Master_Seq_Receive_DMA), (400 bytes).
    Removing stm32l0xx_hal_i2c.o(.ARM.exidx.text.HAL_I2C_Master_Seq_Receive_DMA), (8 bytes).
    Removing stm32l0xx_hal_i2c.o(.text.HAL_I2C_Slave_Seq_Transmit_IT), (228 bytes).
    Removing stm32l0xx_hal_i2c.o(.ARM.exidx.text.HAL_I2C_Slave_Seq_Transmit_IT), (8 bytes).
    Removing stm32l0xx_hal_i2c.o(.text.I2C_DMAAbort), (62 bytes).
    Removing stm32l0xx_hal_i2c.o(.ARM.exidx.text.I2C_DMAAbort), (8 bytes).
    Removing stm32l0xx_hal_i2c.o(.text.HAL_I2C_Slave_Seq_Transmit_DMA), (388 bytes).
    Removing stm32l0xx_hal_i2c.o(.ARM.exidx.text.HAL_I2C_Slave_Seq_Transmit_DMA), (8 bytes).
    Removing stm32l0xx_hal_i2c.o(.text.HAL_I2C_Slave_Seq_Receive_IT), (224 bytes).
    Removing stm32l0xx_hal_i2c.o(.ARM.exidx.text.HAL_I2C_Slave_Seq_Receive_IT), (8 bytes).
    Removing stm32l0xx_hal_i2c.o(.text.HAL_I2C_Slave_Seq_Receive_DMA), (384 bytes).
    Removing stm32l0xx_hal_i2c.o(.ARM.exidx.text.HAL_I2C_Slave_Seq_Receive_DMA), (8 bytes).
    Removing stm32l0xx_hal_i2c.o(.text.HAL_I2C_EnableListen_IT), (44 bytes).
    Removing stm32l0xx_hal_i2c.o(.ARM.exidx.text.HAL_I2C_EnableListen_IT), (8 bytes).
    Removing stm32l0xx_hal_i2c.o(.text.HAL_I2C_DisableListen_IT), (54 bytes).
    Removing stm32l0xx_hal_i2c.o(.ARM.exidx.text.HAL_I2C_DisableListen_IT), (8 bytes).
    Removing stm32l0xx_hal_i2c.o(.text.HAL_I2C_Master_Abort_IT), (196 bytes).
    Removing stm32l0xx_hal_i2c.o(.ARM.exidx.text.HAL_I2C_Master_Abort_IT), (8 bytes).
    Removing stm32l0xx_hal_i2c.o(.text.HAL_I2C_EV_IRQHandler), (18 bytes).
    Removing stm32l0xx_hal_i2c.o(.ARM.exidx.text.HAL_I2C_EV_IRQHandler), (8 bytes).
    Removing stm32l0xx_hal_i2c.o(.text.HAL_I2C_ER_IRQHandler), (130 bytes).
    Removing stm32l0xx_hal_i2c.o(.ARM.exidx.text.HAL_I2C_ER_IRQHandler), (8 bytes).
    Removing stm32l0xx_hal_i2c.o(.text.I2C_ITError), (380 bytes).
    Removing stm32l0xx_hal_i2c.o(.ARM.exidx.text.I2C_ITError), (8 bytes).
    Removing stm32l0xx_hal_i2c.o(.text.HAL_I2C_MasterTxCpltCallback), (2 bytes).
    Removing stm32l0xx_hal_i2c.o(.ARM.exidx.text.HAL_I2C_MasterTxCpltCallback), (8 bytes).
    Removing stm32l0xx_hal_i2c.o(.text.HAL_I2C_MasterRxCpltCallback), (2 bytes).
    Removing stm32l0xx_hal_i2c.o(.ARM.exidx.text.HAL_I2C_MasterRxCpltCallback), (8 bytes).
    Removing stm32l0xx_hal_i2c.o(.text.HAL_I2C_SlaveTxCpltCallback), (2 bytes).
    Removing stm32l0xx_hal_i2c.o(.ARM.exidx.text.HAL_I2C_SlaveTxCpltCallback), (8 bytes).
    Removing stm32l0xx_hal_i2c.o(.text.HAL_I2C_SlaveRxCpltCallback), (2 bytes).
    Removing stm32l0xx_hal_i2c.o(.ARM.exidx.text.HAL_I2C_SlaveRxCpltCallback), (8 bytes).
    Removing stm32l0xx_hal_i2c.o(.text.HAL_I2C_AddrCallback), (2 bytes).
    Removing stm32l0xx_hal_i2c.o(.ARM.exidx.text.HAL_I2C_AddrCallback), (8 bytes).
    Removing stm32l0xx_hal_i2c.o(.text.HAL_I2C_ListenCpltCallback), (2 bytes).
    Removing stm32l0xx_hal_i2c.o(.ARM.exidx.text.HAL_I2C_ListenCpltCallback), (8 bytes).
    Removing stm32l0xx_hal_i2c.o(.text.HAL_I2C_MemTxCpltCallback), (2 bytes).
    Removing stm32l0xx_hal_i2c.o(.ARM.exidx.text.HAL_I2C_MemTxCpltCallback), (8 bytes).
    Removing stm32l0xx_hal_i2c.o(.text.HAL_I2C_MemRxCpltCallback), (2 bytes).
    Removing stm32l0xx_hal_i2c.o(.ARM.exidx.text.HAL_I2C_MemRxCpltCallback), (8 bytes).
    Removing stm32l0xx_hal_i2c.o(.text.HAL_I2C_ErrorCallback), (2 bytes).
    Removing stm32l0xx_hal_i2c.o(.ARM.exidx.text.HAL_I2C_ErrorCallback), (8 bytes).
    Removing stm32l0xx_hal_i2c.o(.text.HAL_I2C_AbortCpltCallback), (2 bytes).
    Removing stm32l0xx_hal_i2c.o(.ARM.exidx.text.HAL_I2C_AbortCpltCallback), (8 bytes).
    Removing stm32l0xx_hal_i2c.o(.text.HAL_I2C_GetState), (6 bytes).
    Removing stm32l0xx_hal_i2c.o(.ARM.exidx.text.HAL_I2C_GetState), (8 bytes).
    Removing stm32l0xx_hal_i2c.o(.text.HAL_I2C_GetMode), (6 bytes).
    Removing stm32l0xx_hal_i2c.o(.ARM.exidx.text.HAL_I2C_GetMode), (8 bytes).
    Removing stm32l0xx_hal_i2c.o(.text.HAL_I2C_GetError), (4 bytes).
    Removing stm32l0xx_hal_i2c.o(.ARM.exidx.text.HAL_I2C_GetError), (8 bytes).
    Removing stm32l0xx_hal_i2c.o(.text.I2C_ITMasterSeqCplt), (96 bytes).
    Removing stm32l0xx_hal_i2c.o(.ARM.exidx.text.I2C_ITMasterSeqCplt), (8 bytes).
    Removing stm32l0xx_hal_i2c.o(.text.I2C_ITMasterCplt), (264 bytes).
    Removing stm32l0xx_hal_i2c.o(.ARM.exidx.text.I2C_ITMasterCplt), (8 bytes).
    Removing stm32l0xx_hal_i2c.o(.text.I2C_ITSlaveCplt), (520 bytes).
    Removing stm32l0xx_hal_i2c.o(.ARM.exidx.text.I2C_ITSlaveCplt), (8 bytes).
    Removing stm32l0xx_hal_i2c.o(.text.I2C_ITSlaveSeqCplt), (132 bytes).
    Removing stm32l0xx_hal_i2c.o(.ARM.exidx.text.I2C_ITSlaveSeqCplt), (8 bytes).
    Removing stm32l0xx_hal_i2c.o(.text.I2C_ITAddrCplt), (168 bytes).
    Removing stm32l0xx_hal_i2c.o(.ARM.exidx.text.I2C_ITAddrCplt), (8 bytes).
    Removing stm32l0xx_hal_i2c.o(.text.I2C_IsErrorOccurred), (384 bytes).
    Removing stm32l0xx_hal_i2c.o(.ARM.exidx.text.I2C_IsErrorOccurred), (8 bytes).
    Removing stm32l0xx_hal_i2c_ex.o(.text), (0 bytes).
    Removing stm32l0xx_hal_i2c_ex.o(.ARM.exidx.text.HAL_I2CEx_ConfigAnalogFilter), (8 bytes).
    Removing stm32l0xx_hal_i2c_ex.o(.ARM.exidx.text.HAL_I2CEx_ConfigDigitalFilter), (8 bytes).
    Removing stm32l0xx_hal_i2c_ex.o(.text.HAL_I2CEx_EnableWakeUp), (60 bytes).
    Removing stm32l0xx_hal_i2c_ex.o(.ARM.exidx.text.HAL_I2CEx_EnableWakeUp), (8 bytes).
    Removing stm32l0xx_hal_i2c_ex.o(.text.HAL_I2CEx_DisableWakeUp), (60 bytes).
    Removing stm32l0xx_hal_i2c_ex.o(.ARM.exidx.text.HAL_I2CEx_DisableWakeUp), (8 bytes).
    Removing stm32l0xx_hal_i2c_ex.o(.text.HAL_I2CEx_EnableFastModePlus), (28 bytes).
    Removing stm32l0xx_hal_i2c_ex.o(.ARM.exidx.text.HAL_I2CEx_EnableFastModePlus), (8 bytes).
    Removing stm32l0xx_hal_i2c_ex.o(.text.HAL_I2CEx_DisableFastModePlus), (28 bytes).
    Removing stm32l0xx_hal_i2c_ex.o(.ARM.exidx.text.HAL_I2CEx_DisableFastModePlus), (8 bytes).
    Removing stm32l0xx_hal.o(.text), (0 bytes).
    Removing stm32l0xx_hal.o(.ARM.exidx.text.HAL_Init), (8 bytes).
    Removing stm32l0xx_hal.o(.ARM.exidx.text.HAL_InitTick), (8 bytes).
    Removing stm32l0xx_hal.o(.text.HAL_MspInit), (2 bytes).
    Removing stm32l0xx_hal.o(.ARM.exidx.text.HAL_MspInit), (8 bytes).
    Removing stm32l0xx_hal.o(.text.HAL_DeInit), (36 bytes).
    Removing stm32l0xx_hal.o(.ARM.exidx.text.HAL_DeInit), (8 bytes).
    Removing stm32l0xx_hal.o(.text.HAL_MspDeInit), (2 bytes).
    Removing stm32l0xx_hal.o(.ARM.exidx.text.HAL_MspDeInit), (8 bytes).
    Removing stm32l0xx_hal.o(.ARM.exidx.text.HAL_IncTick), (8 bytes).
    Removing stm32l0xx_hal.o(.ARM.exidx.text.HAL_GetTick), (8 bytes).
    Removing stm32l0xx_hal.o(.text.HAL_GetTickPrio), (12 bytes).
    Removing stm32l0xx_hal.o(.ARM.exidx.text.HAL_GetTickPrio), (8 bytes).
    Removing stm32l0xx_hal.o(.text.HAL_SetTickFreq), (36 bytes).
    Removing stm32l0xx_hal.o(.ARM.exidx.text.HAL_SetTickFreq), (8 bytes).
    Removing stm32l0xx_hal.o(.text.HAL_GetTickFreq), (12 bytes).
    Removing stm32l0xx_hal.o(.ARM.exidx.text.HAL_GetTickFreq), (8 bytes).
    Removing stm32l0xx_hal.o(.text.HAL_Delay), (36 bytes).
    Removing stm32l0xx_hal.o(.ARM.exidx.text.HAL_Delay), (8 bytes).
    Removing stm32l0xx_hal.o(.text.HAL_SuspendTick), (16 bytes).
    Removing stm32l0xx_hal.o(.ARM.exidx.text.HAL_SuspendTick), (8 bytes).
    Removing stm32l0xx_hal.o(.text.HAL_ResumeTick), (16 bytes).
    Removing stm32l0xx_hal.o(.ARM.exidx.text.HAL_ResumeTick), (8 bytes).
    Removing stm32l0xx_hal.o(.text.HAL_GetHalVersion), (8 bytes).
    Removing stm32l0xx_hal.o(.ARM.exidx.text.HAL_GetHalVersion), (8 bytes).
    Removing stm32l0xx_hal.o(.text.HAL_GetREVID), (12 bytes).
    Removing stm32l0xx_hal.o(.ARM.exidx.text.HAL_GetREVID), (8 bytes).
    Removing stm32l0xx_hal.o(.text.HAL_GetDEVID), (20 bytes).
    Removing stm32l0xx_hal.o(.ARM.exidx.text.HAL_GetDEVID), (8 bytes).
    Removing stm32l0xx_hal.o(.text.HAL_GetUIDw0), (12 bytes).
    Removing stm32l0xx_hal.o(.ARM.exidx.text.HAL_GetUIDw0), (8 bytes).
    Removing stm32l0xx_hal.o(.text.HAL_GetUIDw1), (12 bytes).
    Removing stm32l0xx_hal.o(.ARM.exidx.text.HAL_GetUIDw1), (8 bytes).
    Removing stm32l0xx_hal.o(.text.HAL_GetUIDw2), (12 bytes).
    Removing stm32l0xx_hal.o(.ARM.exidx.text.HAL_GetUIDw2), (8 bytes).
    Removing stm32l0xx_hal.o(.text.HAL_DBGMCU_EnableDBGSleepMode), (16 bytes).
    Removing stm32l0xx_hal.o(.ARM.exidx.text.HAL_DBGMCU_EnableDBGSleepMode), (8 bytes).
    Removing stm32l0xx_hal.o(.text.HAL_DBGMCU_DisableDBGSleepMode), (16 bytes).
    Removing stm32l0xx_hal.o(.ARM.exidx.text.HAL_DBGMCU_DisableDBGSleepMode), (8 bytes).
    Removing stm32l0xx_hal.o(.text.HAL_DBGMCU_EnableDBGStopMode), (16 bytes).
    Removing stm32l0xx_hal.o(.ARM.exidx.text.HAL_DBGMCU_EnableDBGStopMode), (8 bytes).
    Removing stm32l0xx_hal.o(.text.HAL_DBGMCU_DisableDBGStopMode), (16 bytes).
    Removing stm32l0xx_hal.o(.ARM.exidx.text.HAL_DBGMCU_DisableDBGStopMode), (8 bytes).
    Removing stm32l0xx_hal.o(.text.HAL_DBGMCU_EnableDBGStandbyMode), (16 bytes).
    Removing stm32l0xx_hal.o(.ARM.exidx.text.HAL_DBGMCU_EnableDBGStandbyMode), (8 bytes).
    Removing stm32l0xx_hal.o(.text.HAL_DBGMCU_DisableDBGStandbyMode), (16 bytes).
    Removing stm32l0xx_hal.o(.ARM.exidx.text.HAL_DBGMCU_DisableDBGStandbyMode), (8 bytes).
    Removing stm32l0xx_hal.o(.text.HAL_DBGMCU_DBG_EnableLowPowerConfig), (16 bytes).
    Removing stm32l0xx_hal.o(.ARM.exidx.text.HAL_DBGMCU_DBG_EnableLowPowerConfig), (8 bytes).
    Removing stm32l0xx_hal.o(.text.HAL_DBGMCU_DBG_DisableLowPowerConfig), (16 bytes).
    Removing stm32l0xx_hal.o(.ARM.exidx.text.HAL_DBGMCU_DBG_DisableLowPowerConfig), (8 bytes).
    Removing stm32l0xx_hal.o(.text.HAL_SYSCFG_GetBootMode), (16 bytes).
    Removing stm32l0xx_hal.o(.ARM.exidx.text.HAL_SYSCFG_GetBootMode), (8 bytes).
    Removing stm32l0xx_hal.o(.text.HAL_SYSCFG_VREFINT_OutputSelect), (24 bytes).
    Removing stm32l0xx_hal.o(.ARM.exidx.text.HAL_SYSCFG_VREFINT_OutputSelect), (8 bytes).
    Removing stm32l0xx_hal.o(.text.HAL_SYSCFG_Enable_Lock_VREFINT), (20 bytes).
    Removing stm32l0xx_hal.o(.ARM.exidx.text.HAL_SYSCFG_Enable_Lock_VREFINT), (8 bytes).
    Removing stm32l0xx_hal.o(.text.HAL_SYSCFG_Disable_Lock_VREFINT), (20 bytes).
    Removing stm32l0xx_hal.o(.ARM.exidx.text.HAL_SYSCFG_Disable_Lock_VREFINT), (8 bytes).
    Removing stm32l0xx_hal_rcc.o(.text), (0 bytes).
    Removing stm32l0xx_hal_rcc.o(.text.HAL_RCC_DeInit), (224 bytes).
    Removing stm32l0xx_hal_rcc.o(.ARM.exidx.text.HAL_RCC_DeInit), (8 bytes).
    Removing stm32l0xx_hal_rcc.o(.ARM.exidx.text.HAL_RCC_OscConfig), (8 bytes).
    Removing stm32l0xx_hal_rcc.o(.ARM.exidx.text.HAL_RCC_GetSysClockFreq), (8 bytes).
    Removing stm32l0xx_hal_rcc.o(.ARM.exidx.text.HAL_RCC_ClockConfig), (8 bytes).
    Removing stm32l0xx_hal_rcc.o(.text.HAL_RCC_MCOConfig), (144 bytes).
    Removing stm32l0xx_hal_rcc.o(.ARM.exidx.text.HAL_RCC_MCOConfig), (8 bytes).
    Removing stm32l0xx_hal_rcc.o(.text.HAL_RCC_EnableCSS), (20 bytes).
    Removing stm32l0xx_hal_rcc.o(.ARM.exidx.text.HAL_RCC_EnableCSS), (8 bytes).
    Removing stm32l0xx_hal_rcc.o(.text.HAL_RCC_GetHCLKFreq), (12 bytes).
    Removing stm32l0xx_hal_rcc.o(.ARM.exidx.text.HAL_RCC_GetHCLKFreq), (8 bytes).
    Removing stm32l0xx_hal_rcc.o(.ARM.exidx.text.HAL_RCC_GetPCLK1Freq), (8 bytes).
    Removing stm32l0xx_hal_rcc.o(.ARM.exidx.text.HAL_RCC_GetPCLK2Freq), (8 bytes).
    Removing stm32l0xx_hal_rcc.o(.text.HAL_RCC_GetOscConfig), (160 bytes).
    Removing stm32l0xx_hal_rcc.o(.ARM.exidx.text.HAL_RCC_GetOscConfig), (8 bytes).
    Removing stm32l0xx_hal_rcc.o(.text.HAL_RCC_GetClockConfig), (64 bytes).
    Removing stm32l0xx_hal_rcc.o(.ARM.exidx.text.HAL_RCC_GetClockConfig), (8 bytes).
    Removing stm32l0xx_hal_rcc.o(.text.HAL_RCC_NMI_IRQHandler), (28 bytes).
    Removing stm32l0xx_hal_rcc.o(.ARM.exidx.text.HAL_RCC_NMI_IRQHandler), (8 bytes).
    Removing stm32l0xx_hal_rcc.o(.text.HAL_RCC_CSSCallback), (2 bytes).
    Removing stm32l0xx_hal_rcc.o(.ARM.exidx.text.HAL_RCC_CSSCallback), (8 bytes).
    Removing stm32l0xx_hal_rcc_ex.o(.text), (0 bytes).
    Removing stm32l0xx_hal_rcc_ex.o(.ARM.exidx.text.HAL_RCCEx_PeriphCLKConfig), (8 bytes).
    Removing stm32l0xx_hal_rcc_ex.o(.text.HAL_RCCEx_GetPeriphCLKConfig), (108 bytes).
    Removing stm32l0xx_hal_rcc_ex.o(.ARM.exidx.text.HAL_RCCEx_GetPeriphCLKConfig), (8 bytes).
    Removing stm32l0xx_hal_rcc_ex.o(.text.HAL_RCCEx_GetPeriphCLKFreq), (576 bytes).
    Removing stm32l0xx_hal_rcc_ex.o(.ARM.exidx.text.HAL_RCCEx_GetPeriphCLKFreq), (8 bytes).
    Removing stm32l0xx_hal_rcc_ex.o(.text.HAL_RCCEx_EnableLSECSS), (20 bytes).
    Removing stm32l0xx_hal_rcc_ex.o(.ARM.exidx.text.HAL_RCCEx_EnableLSECSS), (8 bytes).
    Removing stm32l0xx_hal_rcc_ex.o(.text.HAL_RCCEx_DisableLSECSS), (28 bytes).
    Removing stm32l0xx_hal_rcc_ex.o(.ARM.exidx.text.HAL_RCCEx_DisableLSECSS), (8 bytes).
    Removing stm32l0xx_hal_rcc_ex.o(.text.HAL_RCCEx_EnableLSECSS_IT), (48 bytes).
    Removing stm32l0xx_hal_rcc_ex.o(.ARM.exidx.text.HAL_RCCEx_EnableLSECSS_IT), (8 bytes).
    Removing stm32l0xx_hal_rcc_ex.o(.text.HAL_RCCEx_LSECSS_IRQHandler), (24 bytes).
    Removing stm32l0xx_hal_rcc_ex.o(.ARM.exidx.text.HAL_RCCEx_LSECSS_IRQHandler), (8 bytes).
    Removing stm32l0xx_hal_rcc_ex.o(.text.HAL_RCCEx_LSECSS_Callback), (2 bytes).
    Removing stm32l0xx_hal_rcc_ex.o(.ARM.exidx.text.HAL_RCCEx_LSECSS_Callback), (8 bytes).
    Removing stm32l0xx_hal_rcc_ex.o(.text.HAL_RCCEx_EnableHSI48_VREFINT), (20 bytes).
    Removing stm32l0xx_hal_rcc_ex.o(.ARM.exidx.text.HAL_RCCEx_EnableHSI48_VREFINT), (8 bytes).
    Removing stm32l0xx_hal_rcc_ex.o(.text.HAL_RCCEx_DisableHSI48_VREFINT), (20 bytes).
    Removing stm32l0xx_hal_rcc_ex.o(.ARM.exidx.text.HAL_RCCEx_DisableHSI48_VREFINT), (8 bytes).
    Removing stm32l0xx_hal_rcc_ex.o(.text.HAL_RCCEx_CRSConfig), (76 bytes).
    Removing stm32l0xx_hal_rcc_ex.o(.ARM.exidx.text.HAL_RCCEx_CRSConfig), (8 bytes).
    Removing stm32l0xx_hal_rcc_ex.o(.text.HAL_RCCEx_CRSSoftwareSynchronizationGenerate), (16 bytes).
    Removing stm32l0xx_hal_rcc_ex.o(.ARM.exidx.text.HAL_RCCEx_CRSSoftwareSynchronizationGenerate), (8 bytes).
    Removing stm32l0xx_hal_rcc_ex.o(.text.HAL_RCCEx_CRSGetSynchronizationInfo), (44 bytes).
    Removing stm32l0xx_hal_rcc_ex.o(.ARM.exidx.text.HAL_RCCEx_CRSGetSynchronizationInfo), (8 bytes).
    Removing stm32l0xx_hal_rcc_ex.o(.text.HAL_RCCEx_CRSWaitSynchronization), (324 bytes).
    Removing stm32l0xx_hal_rcc_ex.o(.ARM.exidx.text.HAL_RCCEx_CRSWaitSynchronization), (8 bytes).
    Removing stm32l0xx_hal_rcc_ex.o(.text.HAL_RCCEx_CRS_IRQHandler), (148 bytes).
    Removing stm32l0xx_hal_rcc_ex.o(.ARM.exidx.text.HAL_RCCEx_CRS_IRQHandler), (8 bytes).
    Removing stm32l0xx_hal_rcc_ex.o(.text.HAL_RCCEx_CRS_SyncOkCallback), (2 bytes).
    Removing stm32l0xx_hal_rcc_ex.o(.ARM.exidx.text.HAL_RCCEx_CRS_SyncOkCallback), (8 bytes).
    Removing stm32l0xx_hal_rcc_ex.o(.text.HAL_RCCEx_CRS_SyncWarnCallback), (2 bytes).
    Removing stm32l0xx_hal_rcc_ex.o(.ARM.exidx.text.HAL_RCCEx_CRS_SyncWarnCallback), (8 bytes).
    Removing stm32l0xx_hal_rcc_ex.o(.text.HAL_RCCEx_CRS_ExpectedSyncCallback), (2 bytes).
    Removing stm32l0xx_hal_rcc_ex.o(.ARM.exidx.text.HAL_RCCEx_CRS_ExpectedSyncCallback), (8 bytes).
    Removing stm32l0xx_hal_rcc_ex.o(.text.HAL_RCCEx_CRS_ErrorCallback), (2 bytes).
    Removing stm32l0xx_hal_rcc_ex.o(.ARM.exidx.text.HAL_RCCEx_CRS_ErrorCallback), (8 bytes).
    Removing stm32l0xx_hal_flash_ramfunc.o(.text), (0 bytes).
    Removing stm32l0xx_hal_flash_ramfunc.o(.text.HAL_FLASHEx_EnableRunPowerDown), (36 bytes).
    Removing stm32l0xx_hal_flash_ramfunc.o(.ARM.exidx.text.HAL_FLASHEx_EnableRunPowerDown), (8 bytes).
    Removing stm32l0xx_hal_flash_ramfunc.o(.text.HAL_FLASHEx_DisableRunPowerDown), (36 bytes).
    Removing stm32l0xx_hal_flash_ramfunc.o(.ARM.exidx.text.HAL_FLASHEx_DisableRunPowerDown), (8 bytes).
    Removing stm32l0xx_hal_flash_ramfunc.o(.text.HAL_FLASHEx_EraseParallelPage), (92 bytes).
    Removing stm32l0xx_hal_flash_ramfunc.o(.ARM.exidx.text.HAL_FLASHEx_EraseParallelPage), (8 bytes).
    Removing stm32l0xx_hal_flash_ramfunc.o(.text.FLASHRAM_WaitForLastOperation), (344 bytes).
    Removing stm32l0xx_hal_flash_ramfunc.o(.ARM.exidx.text.FLASHRAM_WaitForLastOperation), (8 bytes).
    Removing stm32l0xx_hal_flash_ramfunc.o(.text.HAL_FLASHEx_ProgramParallelHalfPage), (240 bytes).
    Removing stm32l0xx_hal_flash_ramfunc.o(.ARM.exidx.text.HAL_FLASHEx_ProgramParallelHalfPage), (8 bytes).
    Removing stm32l0xx_hal_flash_ramfunc.o(.text.HAL_FLASHEx_HalfPageProgram), (140 bytes).
    Removing stm32l0xx_hal_flash_ramfunc.o(.ARM.exidx.text.HAL_FLASHEx_HalfPageProgram), (8 bytes).
    Removing stm32l0xx_hal_flash_ramfunc.o(.text.HAL_FLASHEx_GetError), (16 bytes).
    Removing stm32l0xx_hal_flash_ramfunc.o(.ARM.exidx.text.HAL_FLASHEx_GetError), (8 bytes).
    Removing stm32l0xx_hal_flash.o(.text), (0 bytes).
    Removing stm32l0xx_hal_flash.o(.text.HAL_FLASH_Program), (76 bytes).
    Removing stm32l0xx_hal_flash.o(.ARM.exidx.text.HAL_FLASH_Program), (8 bytes).
    Removing stm32l0xx_hal_flash.o(.text.FLASH_WaitForLastOperation), (148 bytes).
    Removing stm32l0xx_hal_flash.o(.ARM.exidx.text.FLASH_WaitForLastOperation), (8 bytes).
    Removing stm32l0xx_hal_flash.o(.text.HAL_FLASH_Program_IT), (52 bytes).
    Removing stm32l0xx_hal_flash.o(.ARM.exidx.text.HAL_FLASH_Program_IT), (8 bytes).
    Removing stm32l0xx_hal_flash.o(.text.HAL_FLASH_IRQHandler), (252 bytes).
    Removing stm32l0xx_hal_flash.o(.ARM.exidx.text.HAL_FLASH_IRQHandler), (8 bytes).
    Removing stm32l0xx_hal_flash.o(.text.FLASH_SetErrorCode), (192 bytes).
    Removing stm32l0xx_hal_flash.o(.ARM.exidx.text.FLASH_SetErrorCode), (8 bytes).
    Removing stm32l0xx_hal_flash.o(.text.HAL_FLASH_OperationErrorCallback), (2 bytes).
    Removing stm32l0xx_hal_flash.o(.ARM.exidx.text.HAL_FLASH_OperationErrorCallback), (8 bytes).
    Removing stm32l0xx_hal_flash.o(.text.HAL_FLASH_EndOfOperationCallback), (2 bytes).
    Removing stm32l0xx_hal_flash.o(.ARM.exidx.text.HAL_FLASH_EndOfOperationCallback), (8 bytes).
    Removing stm32l0xx_hal_flash.o(.text.HAL_FLASH_Unlock), (100 bytes).
    Removing stm32l0xx_hal_flash.o(.ARM.exidx.text.HAL_FLASH_Unlock), (8 bytes).
    Removing stm32l0xx_hal_flash.o(.text.HAL_FLASH_Lock), (28 bytes).
    Removing stm32l0xx_hal_flash.o(.ARM.exidx.text.HAL_FLASH_Lock), (8 bytes).
    Removing stm32l0xx_hal_flash.o(.text.HAL_FLASH_OB_Unlock), (72 bytes).
    Removing stm32l0xx_hal_flash.o(.ARM.exidx.text.HAL_FLASH_OB_Unlock), (8 bytes).
    Removing stm32l0xx_hal_flash.o(.text.HAL_FLASH_OB_Lock), (20 bytes).
    Removing stm32l0xx_hal_flash.o(.ARM.exidx.text.HAL_FLASH_OB_Lock), (8 bytes).
    Removing stm32l0xx_hal_flash.o(.text.HAL_FLASH_OB_Launch), (32 bytes).
    Removing stm32l0xx_hal_flash.o(.ARM.exidx.text.HAL_FLASH_OB_Launch), (8 bytes).
    Removing stm32l0xx_hal_flash.o(.text.HAL_FLASH_GetError), (12 bytes).
    Removing stm32l0xx_hal_flash.o(.ARM.exidx.text.HAL_FLASH_GetError), (8 bytes).
    Removing stm32l0xx_hal_flash.o(.bss.pFlash), (24 bytes).
    Removing stm32l0xx_hal_flash_ex.o(.text), (0 bytes).
    Removing stm32l0xx_hal_flash_ex.o(.text.HAL_FLASHEx_Erase), (172 bytes).
    Removing stm32l0xx_hal_flash_ex.o(.ARM.exidx.text.HAL_FLASHEx_Erase), (8 bytes).
    Removing stm32l0xx_hal_flash_ex.o(.text.FLASH_PageErase), (44 bytes).
    Removing stm32l0xx_hal_flash_ex.o(.ARM.exidx.text.FLASH_PageErase), (8 bytes).
    Removing stm32l0xx_hal_flash_ex.o(.text.HAL_FLASHEx_Erase_IT), (108 bytes).
    Removing stm32l0xx_hal_flash_ex.o(.ARM.exidx.text.HAL_FLASHEx_Erase_IT), (8 bytes).
    Removing stm32l0xx_hal_flash_ex.o(.text.HAL_FLASHEx_OBProgram), (344 bytes).
    Removing stm32l0xx_hal_flash_ex.o(.ARM.exidx.text.HAL_FLASHEx_OBProgram), (8 bytes).
    Removing stm32l0xx_hal_flash_ex.o(.text.FLASH_OB_ProtectedSectorsConfig), (168 bytes).
    Removing stm32l0xx_hal_flash_ex.o(.ARM.exidx.text.FLASH_OB_ProtectedSectorsConfig), (8 bytes).
    Removing stm32l0xx_hal_flash_ex.o(.text.HAL_FLASHEx_OBGetConfig), (76 bytes).
    Removing stm32l0xx_hal_flash_ex.o(.ARM.exidx.text.HAL_FLASHEx_OBGetConfig), (8 bytes).
    Removing stm32l0xx_hal_flash_ex.o(.text.HAL_FLASHEx_AdvOBProgram), (104 bytes).
    Removing stm32l0xx_hal_flash_ex.o(.ARM.exidx.text.HAL_FLASHEx_AdvOBProgram), (8 bytes).
    Removing stm32l0xx_hal_flash_ex.o(.text.HAL_FLASHEx_AdvOBGetConfig), (40 bytes).
    Removing stm32l0xx_hal_flash_ex.o(.ARM.exidx.text.HAL_FLASHEx_AdvOBGetConfig), (8 bytes).
    Removing stm32l0xx_hal_flash_ex.o(.text.HAL_FLASHEx_OB_SelectPCROP), (68 bytes).
    Removing stm32l0xx_hal_flash_ex.o(.ARM.exidx.text.HAL_FLASHEx_OB_SelectPCROP), (8 bytes).
    Removing stm32l0xx_hal_flash_ex.o(.text.HAL_FLASHEx_OB_DeSelectPCROP), (56 bytes).
    Removing stm32l0xx_hal_flash_ex.o(.ARM.exidx.text.HAL_FLASHEx_OB_DeSelectPCROP), (8 bytes).
    Removing stm32l0xx_hal_flash_ex.o(.text.HAL_FLASHEx_DATAEEPROM_Unlock), (56 bytes).
    Removing stm32l0xx_hal_flash_ex.o(.ARM.exidx.text.HAL_FLASHEx_DATAEEPROM_Unlock), (8 bytes).
    Removing stm32l0xx_hal_flash_ex.o(.text.HAL_FLASHEx_DATAEEPROM_Lock), (20 bytes).
    Removing stm32l0xx_hal_flash_ex.o(.ARM.exidx.text.HAL_FLASHEx_DATAEEPROM_Lock), (8 bytes).
    Removing stm32l0xx_hal_flash_ex.o(.text.HAL_FLASHEx_DATAEEPROM_Erase), (44 bytes).
    Removing stm32l0xx_hal_flash_ex.o(.ARM.exidx.text.HAL_FLASHEx_DATAEEPROM_Erase), (8 bytes).
    Removing stm32l0xx_hal_flash_ex.o(.text.HAL_FLASHEx_DATAEEPROM_Program), (104 bytes).
    Removing stm32l0xx_hal_flash_ex.o(.ARM.exidx.text.HAL_FLASHEx_DATAEEPROM_Program), (8 bytes).
    Removing stm32l0xx_hal_flash_ex.o(.text.HAL_FLASHEx_DATAEEPROM_EnableFixedTimeProgram), (20 bytes).
    Removing stm32l0xx_hal_flash_ex.o(.ARM.exidx.text.HAL_FLASHEx_DATAEEPROM_EnableFixedTimeProgram), (8 bytes).
    Removing stm32l0xx_hal_flash_ex.o(.text.HAL_FLASHEx_DATAEEPROM_DisableFixedTimeProgram), (20 bytes).
    Removing stm32l0xx_hal_flash_ex.o(.ARM.exidx.text.HAL_FLASHEx_DATAEEPROM_DisableFixedTimeProgram), (8 bytes).
    Removing stm32l0xx_hal_gpio.o(.text), (0 bytes).
    Removing stm32l0xx_hal_gpio.o(.ARM.exidx.text.HAL_GPIO_Init), (8 bytes).
    Removing stm32l0xx_hal_gpio.o(.text.HAL_GPIO_DeInit), (228 bytes).
    Removing stm32l0xx_hal_gpio.o(.ARM.exidx.text.HAL_GPIO_DeInit), (8 bytes).
    Removing stm32l0xx_hal_gpio.o(.text.HAL_GPIO_ReadPin), (10 bytes).
    Removing stm32l0xx_hal_gpio.o(.ARM.exidx.text.HAL_GPIO_ReadPin), (8 bytes).
    Removing stm32l0xx_hal_gpio.o(.text.HAL_GPIO_WritePin), (16 bytes).
    Removing stm32l0xx_hal_gpio.o(.ARM.exidx.text.HAL_GPIO_WritePin), (8 bytes).
    Removing stm32l0xx_hal_gpio.o(.text.HAL_GPIO_TogglePin), (16 bytes).
    Removing stm32l0xx_hal_gpio.o(.ARM.exidx.text.HAL_GPIO_TogglePin), (8 bytes).
    Removing stm32l0xx_hal_gpio.o(.text.HAL_GPIO_LockPin), (40 bytes).
    Removing stm32l0xx_hal_gpio.o(.ARM.exidx.text.HAL_GPIO_LockPin), (8 bytes).
    Removing stm32l0xx_hal_gpio.o(.text.HAL_GPIO_EXTI_IRQHandler), (24 bytes).
    Removing stm32l0xx_hal_gpio.o(.ARM.exidx.text.HAL_GPIO_EXTI_IRQHandler), (8 bytes).
    Removing stm32l0xx_hal_gpio.o(.text.HAL_GPIO_EXTI_Callback), (2 bytes).
    Removing stm32l0xx_hal_gpio.o(.ARM.exidx.text.HAL_GPIO_EXTI_Callback), (8 bytes).
    Removing stm32l0xx_hal_dma.o(.text), (0 bytes).
    Removing stm32l0xx_hal_dma.o(.text.HAL_DMA_Init), (164 bytes).
    Removing stm32l0xx_hal_dma.o(.ARM.exidx.text.HAL_DMA_Init), (8 bytes).
    Removing stm32l0xx_hal_dma.o(.text.HAL_DMA_DeInit), (108 bytes).
    Removing stm32l0xx_hal_dma.o(.ARM.exidx.text.HAL_DMA_DeInit), (8 bytes).
    Removing stm32l0xx_hal_dma.o(.text.HAL_DMA_Start), (108 bytes).
    Removing stm32l0xx_hal_dma.o(.ARM.exidx.text.HAL_DMA_Start), (8 bytes).
    Removing stm32l0xx_hal_dma.o(.text.HAL_DMA_Start_IT), (132 bytes).
    Removing stm32l0xx_hal_dma.o(.ARM.exidx.text.HAL_DMA_Start_IT), (8 bytes).
    Removing stm32l0xx_hal_dma.o(.text.HAL_DMA_Abort), (66 bytes).
    Removing stm32l0xx_hal_dma.o(.ARM.exidx.text.HAL_DMA_Abort), (8 bytes).
    Removing stm32l0xx_hal_dma.o(.text.HAL_DMA_Abort_IT), (70 bytes).
    Removing stm32l0xx_hal_dma.o(.ARM.exidx.text.HAL_DMA_Abort_IT), (8 bytes).
    Removing stm32l0xx_hal_dma.o(.text.HAL_DMA_PollForTransfer), (300 bytes).
    Removing stm32l0xx_hal_dma.o(.ARM.exidx.text.HAL_DMA_PollForTransfer), (8 bytes).
    Removing stm32l0xx_hal_dma.o(.text.HAL_DMA_IRQHandler), (212 bytes).
    Removing stm32l0xx_hal_dma.o(.ARM.exidx.text.HAL_DMA_IRQHandler), (8 bytes).
    Removing stm32l0xx_hal_dma.o(.text.HAL_DMA_RegisterCallback), (70 bytes).
    Removing stm32l0xx_hal_dma.o(.ARM.exidx.text.HAL_DMA_RegisterCallback), (8 bytes).
    Removing stm32l0xx_hal_dma.o(.text.HAL_DMA_UnRegisterCallback), (102 bytes).
    Removing stm32l0xx_hal_dma.o(.ARM.exidx.text.HAL_DMA_UnRegisterCallback), (8 bytes).
    Removing stm32l0xx_hal_dma.o(.text.HAL_DMA_GetState), (6 bytes).
    Removing stm32l0xx_hal_dma.o(.ARM.exidx.text.HAL_DMA_GetState), (8 bytes).
    Removing stm32l0xx_hal_dma.o(.text.HAL_DMA_GetError), (4 bytes).
    Removing stm32l0xx_hal_dma.o(.ARM.exidx.text.HAL_DMA_GetError), (8 bytes).
    Removing stm32l0xx_hal_pwr.o(.text), (0 bytes).
    Removing stm32l0xx_hal_pwr.o(.text.HAL_PWR_DeInit), (24 bytes).
    Removing stm32l0xx_hal_pwr.o(.ARM.exidx.text.HAL_PWR_DeInit), (8 bytes).
    Removing stm32l0xx_hal_pwr.o(.text.HAL_PWR_EnableBkUpAccess), (20 bytes).
    Removing stm32l0xx_hal_pwr.o(.ARM.exidx.text.HAL_PWR_EnableBkUpAccess), (8 bytes).
    Removing stm32l0xx_hal_pwr.o(.text.HAL_PWR_DisableBkUpAccess), (20 bytes).
    Removing stm32l0xx_hal_pwr.o(.ARM.exidx.text.HAL_PWR_DisableBkUpAccess), (8 bytes).
    Removing stm32l0xx_hal_pwr.o(.text.HAL_PWR_ConfigPVD), (116 bytes).
    Removing stm32l0xx_hal_pwr.o(.ARM.exidx.text.HAL_PWR_ConfigPVD), (8 bytes).
    Removing stm32l0xx_hal_pwr.o(.text.HAL_PWR_EnablePVD), (16 bytes).
    Removing stm32l0xx_hal_pwr.o(.ARM.exidx.text.HAL_PWR_EnablePVD), (8 bytes).
    Removing stm32l0xx_hal_pwr.o(.text.HAL_PWR_DisablePVD), (16 bytes).
    Removing stm32l0xx_hal_pwr.o(.ARM.exidx.text.HAL_PWR_DisablePVD), (8 bytes).
    Removing stm32l0xx_hal_pwr.o(.text.HAL_PWR_EnableWakeUpPin), (16 bytes).
    Removing stm32l0xx_hal_pwr.o(.ARM.exidx.text.HAL_PWR_EnableWakeUpPin), (8 bytes).
    Removing stm32l0xx_hal_pwr.o(.text.HAL_PWR_DisableWakeUpPin), (16 bytes).
    Removing stm32l0xx_hal_pwr.o(.ARM.exidx.text.HAL_PWR_DisableWakeUpPin), (8 bytes).
    Removing stm32l0xx_hal_pwr.o(.text.HAL_PWR_EnterSLEEPMode), (96 bytes).
    Removing stm32l0xx_hal_pwr.o(.ARM.exidx.text.HAL_PWR_EnterSLEEPMode), (8 bytes).
    Removing stm32l0xx_hal_pwr.o(.text.HAL_PWR_EnterSTOPMode), (96 bytes).
    Removing stm32l0xx_hal_pwr.o(.ARM.exidx.text.HAL_PWR_EnterSTOPMode), (8 bytes).
    Removing stm32l0xx_hal_pwr.o(.text.HAL_PWR_EnterSTANDBYMode), (32 bytes).
    Removing stm32l0xx_hal_pwr.o(.ARM.exidx.text.HAL_PWR_EnterSTANDBYMode), (8 bytes).
    Removing stm32l0xx_hal_pwr.o(.text.HAL_PWR_EnableSleepOnExit), (16 bytes).
    Removing stm32l0xx_hal_pwr.o(.ARM.exidx.text.HAL_PWR_EnableSleepOnExit), (8 bytes).
    Removing stm32l0xx_hal_pwr.o(.text.HAL_PWR_DisableSleepOnExit), (16 bytes).
    Removing stm32l0xx_hal_pwr.o(.ARM.exidx.text.HAL_PWR_DisableSleepOnExit), (8 bytes).
    Removing stm32l0xx_hal_pwr.o(.text.HAL_PWR_EnableSEVOnPend), (16 bytes).
    Removing stm32l0xx_hal_pwr.o(.ARM.exidx.text.HAL_PWR_EnableSEVOnPend), (8 bytes).
    Removing stm32l0xx_hal_pwr.o(.text.HAL_PWR_DisableSEVOnPend), (16 bytes).
    Removing stm32l0xx_hal_pwr.o(.ARM.exidx.text.HAL_PWR_DisableSEVOnPend), (8 bytes).
    Removing stm32l0xx_hal_pwr.o(.text.HAL_PWR_PVD_IRQHandler), (28 bytes).
    Removing stm32l0xx_hal_pwr.o(.ARM.exidx.text.HAL_PWR_PVD_IRQHandler), (8 bytes).
    Removing stm32l0xx_hal_pwr.o(.text.HAL_PWR_PVDCallback), (2 bytes).
    Removing stm32l0xx_hal_pwr.o(.ARM.exidx.text.HAL_PWR_PVDCallback), (8 bytes).
    Removing stm32l0xx_hal_pwr_ex.o(.text), (0 bytes).
    Removing stm32l0xx_hal_pwr_ex.o(.text.HAL_PWREx_GetVoltageRange), (16 bytes).
    Removing stm32l0xx_hal_pwr_ex.o(.ARM.exidx.text.HAL_PWREx_GetVoltageRange), (8 bytes).
    Removing stm32l0xx_hal_pwr_ex.o(.text.HAL_PWREx_EnableFastWakeUp), (20 bytes).
    Removing stm32l0xx_hal_pwr_ex.o(.ARM.exidx.text.HAL_PWREx_EnableFastWakeUp), (8 bytes).
    Removing stm32l0xx_hal_pwr_ex.o(.text.HAL_PWREx_DisableFastWakeUp), (20 bytes).
    Removing stm32l0xx_hal_pwr_ex.o(.ARM.exidx.text.HAL_PWREx_DisableFastWakeUp), (8 bytes).
    Removing stm32l0xx_hal_pwr_ex.o(.text.HAL_PWREx_EnableUltraLowPower), (20 bytes).
    Removing stm32l0xx_hal_pwr_ex.o(.ARM.exidx.text.HAL_PWREx_EnableUltraLowPower), (8 bytes).
    Removing stm32l0xx_hal_pwr_ex.o(.text.HAL_PWREx_DisableUltraLowPower), (20 bytes).
    Removing stm32l0xx_hal_pwr_ex.o(.ARM.exidx.text.HAL_PWREx_DisableUltraLowPower), (8 bytes).
    Removing stm32l0xx_hal_pwr_ex.o(.text.HAL_PWREx_EnableLowPowerRunMode), (24 bytes).
    Removing stm32l0xx_hal_pwr_ex.o(.ARM.exidx.text.HAL_PWREx_EnableLowPowerRunMode), (8 bytes).
    Removing stm32l0xx_hal_pwr_ex.o(.text.HAL_PWREx_DisableLowPowerRunMode), (128 bytes).
    Removing stm32l0xx_hal_pwr_ex.o(.ARM.exidx.text.HAL_PWREx_DisableLowPowerRunMode), (8 bytes).
    Removing stm32l0xx_hal_cortex.o(.text), (0 bytes).
    Removing stm32l0xx_hal_cortex.o(.ARM.exidx.text.HAL_NVIC_SetPriority), (8 bytes).
    Removing stm32l0xx_hal_cortex.o(.text.HAL_NVIC_EnableIRQ), (24 bytes).
    Removing stm32l0xx_hal_cortex.o(.ARM.exidx.text.HAL_NVIC_EnableIRQ), (8 bytes).
    Removing stm32l0xx_hal_cortex.o(.text.HAL_NVIC_DisableIRQ), (32 bytes).
    Removing stm32l0xx_hal_cortex.o(.ARM.exidx.text.HAL_NVIC_DisableIRQ), (8 bytes).
    Removing stm32l0xx_hal_cortex.o(.text.HAL_NVIC_SystemReset), (32 bytes).
    Removing stm32l0xx_hal_cortex.o(.ARM.exidx.text.HAL_NVIC_SystemReset), (8 bytes).
    Removing stm32l0xx_hal_cortex.o(.ARM.exidx.text.HAL_SYSTICK_Config), (8 bytes).
    Removing stm32l0xx_hal_cortex.o(.text.HAL_NVIC_GetPriority), (48 bytes).
    Removing stm32l0xx_hal_cortex.o(.ARM.exidx.text.HAL_NVIC_GetPriority), (8 bytes).
    Removing stm32l0xx_hal_cortex.o(.text.HAL_NVIC_SetPendingIRQ), (24 bytes).
    Removing stm32l0xx_hal_cortex.o(.ARM.exidx.text.HAL_NVIC_SetPendingIRQ), (8 bytes).
    Removing stm32l0xx_hal_cortex.o(.text.HAL_NVIC_GetPendingIRQ), (28 bytes).
    Removing stm32l0xx_hal_cortex.o(.ARM.exidx.text.HAL_NVIC_GetPendingIRQ), (8 bytes).
    Removing stm32l0xx_hal_cortex.o(.text.HAL_NVIC_ClearPendingIRQ), (24 bytes).
    Removing stm32l0xx_hal_cortex.o(.ARM.exidx.text.HAL_NVIC_ClearPendingIRQ), (8 bytes).
    Removing stm32l0xx_hal_cortex.o(.text.HAL_SYSTICK_CLKSourceConfig), (28 bytes).
    Removing stm32l0xx_hal_cortex.o(.ARM.exidx.text.HAL_SYSTICK_CLKSourceConfig), (8 bytes).
    Removing stm32l0xx_hal_cortex.o(.text.HAL_SYSTICK_IRQHandler), (8 bytes).
    Removing stm32l0xx_hal_cortex.o(.ARM.exidx.text.HAL_SYSTICK_IRQHandler), (8 bytes).
    Removing stm32l0xx_hal_cortex.o(.text.HAL_SYSTICK_Callback), (2 bytes).
    Removing stm32l0xx_hal_cortex.o(.ARM.exidx.text.HAL_SYSTICK_Callback), (8 bytes).
    Removing stm32l0xx_hal_cortex.o(.text.HAL_MPU_Disable), (16 bytes).
    Removing stm32l0xx_hal_cortex.o(.ARM.exidx.text.HAL_MPU_Disable), (8 bytes).
    Removing stm32l0xx_hal_cortex.o(.text.HAL_MPU_Enable), (24 bytes).
    Removing stm32l0xx_hal_cortex.o(.ARM.exidx.text.HAL_MPU_Enable), (8 bytes).
    Removing stm32l0xx_hal_cortex.o(.text.HAL_MPU_ConfigRegion), (88 bytes).
    Removing stm32l0xx_hal_cortex.o(.ARM.exidx.text.HAL_MPU_ConfigRegion), (8 bytes).
    Removing stm32l0xx_hal_exti.o(.text), (0 bytes).
    Removing stm32l0xx_hal_exti.o(.text.HAL_EXTI_SetConfigLine), (160 bytes).
    Removing stm32l0xx_hal_exti.o(.ARM.exidx.text.HAL_EXTI_SetConfigLine), (8 bytes).
    Removing stm32l0xx_hal_exti.o(.text.HAL_EXTI_GetConfigLine), (128 bytes).
    Removing stm32l0xx_hal_exti.o(.ARM.exidx.text.HAL_EXTI_GetConfigLine), (8 bytes).
    Removing stm32l0xx_hal_exti.o(.text.HAL_EXTI_ClearConfigLine), (96 bytes).
    Removing stm32l0xx_hal_exti.o(.ARM.exidx.text.HAL_EXTI_ClearConfigLine), (8 bytes).
    Removing stm32l0xx_hal_exti.o(.text.HAL_EXTI_RegisterCallback), (14 bytes).
    Removing stm32l0xx_hal_exti.o(.ARM.exidx.text.HAL_EXTI_RegisterCallback), (8 bytes).
    Removing stm32l0xx_hal_exti.o(.text.HAL_EXTI_GetHandle), (14 bytes).
    Removing stm32l0xx_hal_exti.o(.ARM.exidx.text.HAL_EXTI_GetHandle), (8 bytes).
    Removing stm32l0xx_hal_exti.o(.text.HAL_EXTI_IRQHandler), (36 bytes).
    Removing stm32l0xx_hal_exti.o(.ARM.exidx.text.HAL_EXTI_IRQHandler), (8 bytes).
    Removing stm32l0xx_hal_exti.o(.text.HAL_EXTI_GetPending), (24 bytes).
    Removing stm32l0xx_hal_exti.o(.ARM.exidx.text.HAL_EXTI_GetPending), (8 bytes).
    Removing stm32l0xx_hal_exti.o(.text.HAL_EXTI_ClearPending), (20 bytes).
    Removing stm32l0xx_hal_exti.o(.ARM.exidx.text.HAL_EXTI_ClearPending), (8 bytes).
    Removing stm32l0xx_hal_exti.o(.text.HAL_EXTI_GenerateSWI), (20 bytes).
    Removing stm32l0xx_hal_exti.o(.ARM.exidx.text.HAL_EXTI_GenerateSWI), (8 bytes).
    Removing stm32l0xx_hal_tim.o(.text), (0 bytes).
    Removing stm32l0xx_hal_tim.o(.ARM.exidx.text.HAL_TIM_Base_Init), (8 bytes).
    Removing stm32l0xx_hal_tim.o(.text.HAL_TIM_Base_MspInit), (2 bytes).
    Removing stm32l0xx_hal_tim.o(.ARM.exidx.text.HAL_TIM_Base_MspInit), (8 bytes).
    Removing stm32l0xx_hal_tim.o(.text.HAL_TIM_Base_DeInit), (60 bytes).
    Removing stm32l0xx_hal_tim.o(.ARM.exidx.text.HAL_TIM_Base_DeInit), (8 bytes).
    Removing stm32l0xx_hal_tim.o(.text.HAL_TIM_Base_MspDeInit), (2 bytes).
    Removing stm32l0xx_hal_tim.o(.ARM.exidx.text.HAL_TIM_Base_MspDeInit), (8 bytes).
    Removing stm32l0xx_hal_tim.o(.text.HAL_TIM_Base_Start), (100 bytes).
    Removing stm32l0xx_hal_tim.o(.ARM.exidx.text.HAL_TIM_Base_Start), (8 bytes).
    Removing stm32l0xx_hal_tim.o(.text.HAL_TIM_Base_Stop), (32 bytes).
    Removing stm32l0xx_hal_tim.o(.ARM.exidx.text.HAL_TIM_Base_Stop), (8 bytes).
    Removing stm32l0xx_hal_tim.o(.text.HAL_TIM_Base_Start_IT), (104 bytes).
    Removing stm32l0xx_hal_tim.o(.ARM.exidx.text.HAL_TIM_Base_Start_IT), (8 bytes).
    Removing stm32l0xx_hal_tim.o(.text.HAL_TIM_Base_Stop_IT), (48 bytes).
    Removing stm32l0xx_hal_tim.o(.ARM.exidx.text.HAL_TIM_Base_Stop_IT), (8 bytes).
    Removing stm32l0xx_hal_tim.o(.text.HAL_TIM_Base_Start_DMA), (172 bytes).
    Removing stm32l0xx_hal_tim.o(.ARM.exidx.text.HAL_TIM_Base_Start_DMA), (8 bytes).
    Removing stm32l0xx_hal_tim.o(.text.TIM_DMAPeriodElapsedCplt), (30 bytes).
    Removing stm32l0xx_hal_tim.o(.ARM.exidx.text.TIM_DMAPeriodElapsedCplt), (8 bytes).
    Removing stm32l0xx_hal_tim.o(.text.TIM_DMAPeriodElapsedHalfCplt), (10 bytes).
    Removing stm32l0xx_hal_tim.o(.ARM.exidx.text.TIM_DMAPeriodElapsedHalfCplt), (8 bytes).
    Removing stm32l0xx_hal_tim.o(.text.TIM_DMAError), (90 bytes).
    Removing stm32l0xx_hal_tim.o(.ARM.exidx.text.TIM_DMAError), (8 bytes).
    Removing stm32l0xx_hal_tim.o(.text.HAL_TIM_Base_Stop_DMA), (60 bytes).
    Removing stm32l0xx_hal_tim.o(.ARM.exidx.text.HAL_TIM_Base_Stop_DMA), (8 bytes).
    Removing stm32l0xx_hal_tim.o(.text.HAL_TIM_OC_Init), (200 bytes).
    Removing stm32l0xx_hal_tim.o(.ARM.exidx.text.HAL_TIM_OC_Init), (8 bytes).
    Removing stm32l0xx_hal_tim.o(.text.HAL_TIM_OC_MspInit), (2 bytes).
    Removing stm32l0xx_hal_tim.o(.ARM.exidx.text.HAL_TIM_OC_MspInit), (8 bytes).
    Removing stm32l0xx_hal_tim.o(.text.HAL_TIM_OC_DeInit), (60 bytes).
    Removing stm32l0xx_hal_tim.o(.ARM.exidx.text.HAL_TIM_OC_DeInit), (8 bytes).
    Removing stm32l0xx_hal_tim.o(.text.HAL_TIM_OC_MspDeInit), (2 bytes).
    Removing stm32l0xx_hal_tim.o(.ARM.exidx.text.HAL_TIM_OC_MspDeInit), (8 bytes).
    Removing stm32l0xx_hal_tim.o(.text.HAL_TIM_OC_Start), (176 bytes).
    Removing stm32l0xx_hal_tim.o(.ARM.exidx.text.HAL_TIM_OC_Start), (8 bytes).
    Removing stm32l0xx_hal_tim.o(.text.HAL_TIM_OC_Stop), (88 bytes).
    Removing stm32l0xx_hal_tim.o(.ARM.exidx.text.HAL_TIM_OC_Stop), (8 bytes).
    Removing stm32l0xx_hal_tim.o(.text.HAL_TIM_OC_Start_IT), (204 bytes).
    Removing stm32l0xx_hal_tim.o(.ARM.exidx.text.HAL_TIM_OC_Start_IT), (8 bytes).
    Removing stm32l0xx_hal_tim.o(.text.HAL_TIM_OC_Stop_IT), (116 bytes).
    Removing stm32l0xx_hal_tim.o(.ARM.exidx.text.HAL_TIM_OC_Stop_IT), (8 bytes).
    Removing stm32l0xx_hal_tim.o(.text.HAL_TIM_OC_Start_DMA), (448 bytes).
    Removing stm32l0xx_hal_tim.o(.ARM.exidx.text.HAL_TIM_OC_Start_DMA), (8 bytes).
    Removing stm32l0xx_hal_tim.o(.text.TIM_DMADelayPulseCplt), (104 bytes).
    Removing stm32l0xx_hal_tim.o(.ARM.exidx.text.TIM_DMADelayPulseCplt), (8 bytes).
    Removing stm32l0xx_hal_tim.o(.text.TIM_DMADelayPulseHalfCplt), (56 bytes).
    Removing stm32l0xx_hal_tim.o(.ARM.exidx.text.TIM_DMADelayPulseHalfCplt), (8 bytes).
    Removing stm32l0xx_hal_tim.o(.text.HAL_TIM_OC_Stop_DMA), (192 bytes).
    Removing stm32l0xx_hal_tim.o(.ARM.exidx.text.HAL_TIM_OC_Stop_DMA), (8 bytes).
    Removing stm32l0xx_hal_tim.o(.text.HAL_TIM_PWM_Init), (200 bytes).
    Removing stm32l0xx_hal_tim.o(.ARM.exidx.text.HAL_TIM_PWM_Init), (8 bytes).
    Removing stm32l0xx_hal_tim.o(.text.HAL_TIM_PWM_MspInit), (2 bytes).
    Removing stm32l0xx_hal_tim.o(.ARM.exidx.text.HAL_TIM_PWM_MspInit), (8 bytes).
    Removing stm32l0xx_hal_tim.o(.text.HAL_TIM_PWM_DeInit), (60 bytes).
    Removing stm32l0xx_hal_tim.o(.ARM.exidx.text.HAL_TIM_PWM_DeInit), (8 bytes).
    Removing stm32l0xx_hal_tim.o(.text.HAL_TIM_PWM_MspDeInit), (2 bytes).
    Removing stm32l0xx_hal_tim.o(.ARM.exidx.text.HAL_TIM_PWM_MspDeInit), (8 bytes).
    Removing stm32l0xx_hal_tim.o(.text.HAL_TIM_PWM_Start), (176 bytes).
    Removing stm32l0xx_hal_tim.o(.ARM.exidx.text.HAL_TIM_PWM_Start), (8 bytes).
    Removing stm32l0xx_hal_tim.o(.text.HAL_TIM_PWM_Stop), (88 bytes).
    Removing stm32l0xx_hal_tim.o(.ARM.exidx.text.HAL_TIM_PWM_Stop), (8 bytes).
    Removing stm32l0xx_hal_tim.o(.text.HAL_TIM_PWM_Start_IT), (204 bytes).
    Removing stm32l0xx_hal_tim.o(.ARM.exidx.text.HAL_TIM_PWM_Start_IT), (8 bytes).
    Removing stm32l0xx_hal_tim.o(.text.HAL_TIM_PWM_Stop_IT), (116 bytes).
    Removing stm32l0xx_hal_tim.o(.ARM.exidx.text.HAL_TIM_PWM_Stop_IT), (8 bytes).
    Removing stm32l0xx_hal_tim.o(.text.HAL_TIM_PWM_Start_DMA), (448 bytes).
    Removing stm32l0xx_hal_tim.o(.ARM.exidx.text.HAL_TIM_PWM_Start_DMA), (8 bytes).
    Removing stm32l0xx_hal_tim.o(.text.HAL_TIM_PWM_Stop_DMA), (192 bytes).
    Removing stm32l0xx_hal_tim.o(.ARM.exidx.text.HAL_TIM_PWM_Stop_DMA), (8 bytes).
    Removing stm32l0xx_hal_tim.o(.text.HAL_TIM_IC_Init), (200 bytes).
    Removing stm32l0xx_hal_tim.o(.ARM.exidx.text.HAL_TIM_IC_Init), (8 bytes).
    Removing stm32l0xx_hal_tim.o(.text.HAL_TIM_IC_MspInit), (2 bytes).
    Removing stm32l0xx_hal_tim.o(.ARM.exidx.text.HAL_TIM_IC_MspInit), (8 bytes).
    Removing stm32l0xx_hal_tim.o(.text.HAL_TIM_IC_DeInit), (60 bytes).
    Removing stm32l0xx_hal_tim.o(.ARM.exidx.text.HAL_TIM_IC_DeInit), (8 bytes).
    Removing stm32l0xx_hal_tim.o(.text.HAL_TIM_IC_MspDeInit), (2 bytes).
    Removing stm32l0xx_hal_tim.o(.ARM.exidx.text.HAL_TIM_IC_MspDeInit), (8 bytes).
    Removing stm32l0xx_hal_tim.o(.text.HAL_TIM_IC_Start), (176 bytes).
    Removing stm32l0xx_hal_tim.o(.ARM.exidx.text.HAL_TIM_IC_Start), (8 bytes).
    Removing stm32l0xx_hal_tim.o(.text.HAL_TIM_IC_Stop), (88 bytes).
    Removing stm32l0xx_hal_tim.o(.ARM.exidx.text.HAL_TIM_IC_Stop), (8 bytes).
    Removing stm32l0xx_hal_tim.o(.text.HAL_TIM_IC_Start_IT), (204 bytes).
    Removing stm32l0xx_hal_tim.o(.ARM.exidx.text.HAL_TIM_IC_Start_IT), (8 bytes).
    Removing stm32l0xx_hal_tim.o(.text.HAL_TIM_IC_Stop_IT), (116 bytes).
    Removing stm32l0xx_hal_tim.o(.ARM.exidx.text.HAL_TIM_IC_Stop_IT), (8 bytes).
    Removing stm32l0xx_hal_tim.o(.text.HAL_TIM_IC_Start_DMA), (408 bytes).
    Removing stm32l0xx_hal_tim.o(.ARM.exidx.text.HAL_TIM_IC_Start_DMA), (8 bytes).
    Removing stm32l0xx_hal_tim.o(.text.TIM_DMACaptureCplt), (104 bytes).
    Removing stm32l0xx_hal_tim.o(.ARM.exidx.text.TIM_DMACaptureCplt), (8 bytes).
    Removing stm32l0xx_hal_tim.o(.text.TIM_DMACaptureHalfCplt), (56 bytes).
    Removing stm32l0xx_hal_tim.o(.ARM.exidx.text.TIM_DMACaptureHalfCplt), (8 bytes).
    Removing stm32l0xx_hal_tim.o(.text.HAL_TIM_IC_Stop_DMA), (192 bytes).
    Removing stm32l0xx_hal_tim.o(.ARM.exidx.text.HAL_TIM_IC_Stop_DMA), (8 bytes).
    Removing stm32l0xx_hal_tim.o(.text.HAL_TIM_OnePulse_Init), (212 bytes).
    Removing stm32l0xx_hal_tim.o(.ARM.exidx.text.HAL_TIM_OnePulse_Init), (8 bytes).
    Removing stm32l0xx_hal_tim.o(.text.HAL_TIM_OnePulse_MspInit), (2 bytes).
    Removing stm32l0xx_hal_tim.o(.ARM.exidx.text.HAL_TIM_OnePulse_MspInit), (8 bytes).
    Removing stm32l0xx_hal_tim.o(.text.HAL_TIM_OnePulse_DeInit), (56 bytes).
    Removing stm32l0xx_hal_tim.o(.ARM.exidx.text.HAL_TIM_OnePulse_DeInit), (8 bytes).
    Removing stm32l0xx_hal_tim.o(.text.HAL_TIM_OnePulse_MspDeInit), (2 bytes).
    Removing stm32l0xx_hal_tim.o(.ARM.exidx.text.HAL_TIM_OnePulse_MspDeInit), (8 bytes).
    Removing stm32l0xx_hal_tim.o(.text.HAL_TIM_OnePulse_Start), (64 bytes).
    Removing stm32l0xx_hal_tim.o(.ARM.exidx.text.HAL_TIM_OnePulse_Start), (8 bytes).
    Removing stm32l0xx_hal_tim.o(.text.HAL_TIM_OnePulse_Stop), (64 bytes).
    Removing stm32l0xx_hal_tim.o(.ARM.exidx.text.HAL_TIM_OnePulse_Stop), (8 bytes).
    Removing stm32l0xx_hal_tim.o(.text.HAL_TIM_OnePulse_Start_IT), (78 bytes).
    Removing stm32l0xx_hal_tim.o(.ARM.exidx.text.HAL_TIM_OnePulse_Start_IT), (8 bytes).
    Removing stm32l0xx_hal_tim.o(.text.HAL_TIM_OnePulse_Stop_IT), (80 bytes).
    Removing stm32l0xx_hal_tim.o(.ARM.exidx.text.HAL_TIM_OnePulse_Stop_IT), (8 bytes).
    Removing stm32l0xx_hal_tim.o(.text.HAL_TIM_Encoder_Init), (292 bytes).
    Removing stm32l0xx_hal_tim.o(.ARM.exidx.text.HAL_TIM_Encoder_Init), (8 bytes).
    Removing stm32l0xx_hal_tim.o(.text.HAL_TIM_Encoder_MspInit), (2 bytes).
    Removing stm32l0xx_hal_tim.o(.ARM.exidx.text.HAL_TIM_Encoder_MspInit), (8 bytes).
    Removing stm32l0xx_hal_tim.o(.text.HAL_TIM_Encoder_DeInit), (56 bytes).
    Removing stm32l0xx_hal_tim.o(.ARM.exidx.text.HAL_TIM_Encoder_DeInit), (8 bytes).
    Removing stm32l0xx_hal_tim.o(.text.HAL_TIM_Encoder_MspDeInit), (2 bytes).
    Removing stm32l0xx_hal_tim.o(.ARM.exidx.text.HAL_TIM_Encoder_MspDeInit), (8 bytes).
    Removing stm32l0xx_hal_tim.o(.text.HAL_TIM_Encoder_Start), (124 bytes).
    Removing stm32l0xx_hal_tim.o(.ARM.exidx.text.HAL_TIM_Encoder_Start), (8 bytes).
    Removing stm32l0xx_hal_tim.o(.text.HAL_TIM_Encoder_Stop), (116 bytes).
    Removing stm32l0xx_hal_tim.o(.ARM.exidx.text.HAL_TIM_Encoder_Stop), (8 bytes).
    Removing stm32l0xx_hal_tim.o(.text.HAL_TIM_Encoder_Start_IT), (158 bytes).
    Removing stm32l0xx_hal_tim.o(.ARM.exidx.text.HAL_TIM_Encoder_Start_IT), (8 bytes).
    Removing stm32l0xx_hal_tim.o(.text.HAL_TIM_Encoder_Stop_IT), (164 bytes).
    Removing stm32l0xx_hal_tim.o(.ARM.exidx.text.HAL_TIM_Encoder_Stop_IT), (8 bytes).
    Removing stm32l0xx_hal_tim.o(.text.HAL_TIM_Encoder_Start_DMA), (436 bytes).
    Removing stm32l0xx_hal_tim.o(.ARM.exidx.text.HAL_TIM_Encoder_Start_DMA), (8 bytes).
    Removing stm32l0xx_hal_tim.o(.text.HAL_TIM_Encoder_Stop_DMA), (192 bytes).
    Removing stm32l0xx_hal_tim.o(.ARM.exidx.text.HAL_TIM_Encoder_Stop_DMA), (8 bytes).
    Removing stm32l0xx_hal_tim.o(.text.HAL_TIM_IRQHandler), (278 bytes).
    Removing stm32l0xx_hal_tim.o(.ARM.exidx.text.HAL_TIM_IRQHandler), (8 bytes).
    Removing stm32l0xx_hal_tim.o(.text.HAL_TIM_IC_CaptureCallback), (2 bytes).
    Removing stm32l0xx_hal_tim.o(.ARM.exidx.text.HAL_TIM_IC_CaptureCallback), (8 bytes).
    Removing stm32l0xx_hal_tim.o(.text.HAL_TIM_OC_DelayElapsedCallback), (2 bytes).
    Removing stm32l0xx_hal_tim.o(.ARM.exidx.text.HAL_TIM_OC_DelayElapsedCallback), (8 bytes).
    Removing stm32l0xx_hal_tim.o(.text.HAL_TIM_PWM_PulseFinishedCallback), (2 bytes).
    Removing stm32l0xx_hal_tim.o(.ARM.exidx.text.HAL_TIM_PWM_PulseFinishedCallback), (8 bytes).
    Removing stm32l0xx_hal_tim.o(.text.HAL_TIM_PeriodElapsedCallback), (2 bytes).
    Removing stm32l0xx_hal_tim.o(.ARM.exidx.text.HAL_TIM_PeriodElapsedCallback), (8 bytes).
    Removing stm32l0xx_hal_tim.o(.text.HAL_TIM_TriggerCallback), (2 bytes).
    Removing stm32l0xx_hal_tim.o(.ARM.exidx.text.HAL_TIM_TriggerCallback), (8 bytes).
    Removing stm32l0xx_hal_tim.o(.text.HAL_TIM_OC_ConfigChannel), (238 bytes).
    Removing stm32l0xx_hal_tim.o(.ARM.exidx.text.HAL_TIM_OC_ConfigChannel), (8 bytes).
    Removing stm32l0xx_hal_tim.o(.text.HAL_TIM_IC_ConfigChannel), (404 bytes).
    Removing stm32l0xx_hal_tim.o(.ARM.exidx.text.HAL_TIM_IC_ConfigChannel), (8 bytes).
    Removing stm32l0xx_hal_tim.o(.text.HAL_TIM_PWM_ConfigChannel), (336 bytes).
    Removing stm32l0xx_hal_tim.o(.ARM.exidx.text.HAL_TIM_PWM_ConfigChannel), (8 bytes).
    Removing stm32l0xx_hal_tim.o(.text.HAL_TIM_OnePulse_ConfigChannel), (396 bytes).
    Removing stm32l0xx_hal_tim.o(.ARM.exidx.text.HAL_TIM_OnePulse_ConfigChannel), (8 bytes).
    Removing stm32l0xx_hal_tim.o(.text.HAL_TIM_DMABurst_WriteStart), (22 bytes).
    Removing stm32l0xx_hal_tim.o(.ARM.exidx.text.HAL_TIM_DMABurst_WriteStart), (8 bytes).
    Removing stm32l0xx_hal_tim.o(.text.HAL_TIM_DMABurst_MultiWriteStart), (312 bytes).
    Removing stm32l0xx_hal_tim.o(.ARM.exidx.text.HAL_TIM_DMABurst_MultiWriteStart), (8 bytes).
    Removing stm32l0xx_hal_tim.o(.text.TIM_DMATriggerCplt), (30 bytes).
    Removing stm32l0xx_hal_tim.o(.ARM.exidx.text.TIM_DMATriggerCplt), (8 bytes).
    Removing stm32l0xx_hal_tim.o(.text.TIM_DMATriggerHalfCplt), (10 bytes).
    Removing stm32l0xx_hal_tim.o(.ARM.exidx.text.TIM_DMATriggerHalfCplt), (8 bytes).
    Removing stm32l0xx_hal_tim.o(.text.HAL_TIM_DMABurst_WriteStop), (116 bytes).
    Removing stm32l0xx_hal_tim.o(.ARM.exidx.text.HAL_TIM_DMABurst_WriteStop), (8 bytes).
    Removing stm32l0xx_hal_tim.o(.text.HAL_TIM_DMABurst_ReadStart), (22 bytes).
    Removing stm32l0xx_hal_tim.o(.ARM.exidx.text.HAL_TIM_DMABurst_ReadStart), (8 bytes).
    Removing stm32l0xx_hal_tim.o(.text.HAL_TIM_DMABurst_MultiReadStart), (312 bytes).
    Removing stm32l0xx_hal_tim.o(.ARM.exidx.text.HAL_TIM_DMABurst_MultiReadStart), (8 bytes).
    Removing stm32l0xx_hal_tim.o(.text.HAL_TIM_DMABurst_ReadStop), (116 bytes).
    Removing stm32l0xx_hal_tim.o(.ARM.exidx.text.HAL_TIM_DMABurst_ReadStop), (8 bytes).
    Removing stm32l0xx_hal_tim.o(.text.HAL_TIM_GenerateEvent), (34 bytes).
    Removing stm32l0xx_hal_tim.o(.ARM.exidx.text.HAL_TIM_GenerateEvent), (8 bytes).
    Removing stm32l0xx_hal_tim.o(.text.HAL_TIM_ConfigOCrefClear), (220 bytes).
    Removing stm32l0xx_hal_tim.o(.ARM.exidx.text.HAL_TIM_ConfigOCrefClear), (8 bytes).
    Removing stm32l0xx_hal_tim.o(.ARM.exidx.text.HAL_TIM_ConfigClockSource), (8 bytes).
    Removing stm32l0xx_hal_tim.o(.text.HAL_TIM_ConfigTI1Input), (16 bytes).
    Removing stm32l0xx_hal_tim.o(.ARM.exidx.text.HAL_TIM_ConfigTI1Input), (8 bytes).
    Removing stm32l0xx_hal_tim.o(.text.HAL_TIM_SlaveConfigSynchro), (78 bytes).
    Removing stm32l0xx_hal_tim.o(.ARM.exidx.text.HAL_TIM_SlaveConfigSynchro), (8 bytes).
    Removing stm32l0xx_hal_tim.o(.text.TIM_SlaveTimer_SetConfig), (192 bytes).
    Removing stm32l0xx_hal_tim.o(.ARM.exidx.text.TIM_SlaveTimer_SetConfig), (8 bytes).
    Removing stm32l0xx_hal_tim.o(.text.HAL_TIM_SlaveConfigSynchro_IT), (78 bytes).
    Removing stm32l0xx_hal_tim.o(.ARM.exidx.text.HAL_TIM_SlaveConfigSynchro_IT), (8 bytes).
    Removing stm32l0xx_hal_tim.o(.text.HAL_TIM_ReadCapturedValue), (56 bytes).
    Removing stm32l0xx_hal_tim.o(.ARM.exidx.text.HAL_TIM_ReadCapturedValue), (8 bytes).
    Removing stm32l0xx_hal_tim.o(.text.HAL_TIM_PeriodElapsedHalfCpltCallback), (2 bytes).
    Removing stm32l0xx_hal_tim.o(.ARM.exidx.text.HAL_TIM_PeriodElapsedHalfCpltCallback), (8 bytes).
    Removing stm32l0xx_hal_tim.o(.text.HAL_TIM_IC_CaptureHalfCpltCallback), (2 bytes).
    Removing stm32l0xx_hal_tim.o(.ARM.exidx.text.HAL_TIM_IC_CaptureHalfCpltCallback), (8 bytes).
    Removing stm32l0xx_hal_tim.o(.text.HAL_TIM_PWM_PulseFinishedHalfCpltCallback), (2 bytes).
    Removing stm32l0xx_hal_tim.o(.ARM.exidx.text.HAL_TIM_PWM_PulseFinishedHalfCpltCallback), (8 bytes).
    Removing stm32l0xx_hal_tim.o(.text.HAL_TIM_TriggerHalfCpltCallback), (2 bytes).
    Removing stm32l0xx_hal_tim.o(.ARM.exidx.text.HAL_TIM_TriggerHalfCpltCallback), (8 bytes).
    Removing stm32l0xx_hal_tim.o(.text.HAL_TIM_ErrorCallback), (2 bytes).
    Removing stm32l0xx_hal_tim.o(.ARM.exidx.text.HAL_TIM_ErrorCallback), (8 bytes).
    Removing stm32l0xx_hal_tim.o(.text.HAL_TIM_Base_GetState), (6 bytes).
    Removing stm32l0xx_hal_tim.o(.ARM.exidx.text.HAL_TIM_Base_GetState), (8 bytes).
    Removing stm32l0xx_hal_tim.o(.text.HAL_TIM_OC_GetState), (6 bytes).
    Removing stm32l0xx_hal_tim.o(.ARM.exidx.text.HAL_TIM_OC_GetState), (8 bytes).
    Removing stm32l0xx_hal_tim.o(.text.HAL_TIM_PWM_GetState), (6 bytes).
    Removing stm32l0xx_hal_tim.o(.ARM.exidx.text.HAL_TIM_PWM_GetState), (8 bytes).
    Removing stm32l0xx_hal_tim.o(.text.HAL_TIM_IC_GetState), (6 bytes).
    Removing stm32l0xx_hal_tim.o(.ARM.exidx.text.HAL_TIM_IC_GetState), (8 bytes).
    Removing stm32l0xx_hal_tim.o(.text.HAL_TIM_OnePulse_GetState), (6 bytes).
    Removing stm32l0xx_hal_tim.o(.ARM.exidx.text.HAL_TIM_OnePulse_GetState), (8 bytes).
    Removing stm32l0xx_hal_tim.o(.text.HAL_TIM_Encoder_GetState), (6 bytes).
    Removing stm32l0xx_hal_tim.o(.ARM.exidx.text.HAL_TIM_Encoder_GetState), (8 bytes).
    Removing stm32l0xx_hal_tim.o(.text.HAL_TIM_GetActiveChannel), (4 bytes).
    Removing stm32l0xx_hal_tim.o(.ARM.exidx.text.HAL_TIM_GetActiveChannel), (8 bytes).
    Removing stm32l0xx_hal_tim.o(.text.HAL_TIM_GetChannelState), (32 bytes).
    Removing stm32l0xx_hal_tim.o(.ARM.exidx.text.HAL_TIM_GetChannelState), (8 bytes).
    Removing stm32l0xx_hal_tim.o(.text.HAL_TIM_DMABurstState), (6 bytes).
    Removing stm32l0xx_hal_tim.o(.ARM.exidx.text.HAL_TIM_DMABurstState), (8 bytes).
    Removing stm32l0xx_hal_tim.o(.rodata.cst16), (32 bytes).
    Removing stm32l0xx_hal_tim_ex.o(.text), (0 bytes).
    Removing stm32l0xx_hal_tim_ex.o(.ARM.exidx.text.HAL_TIMEx_MasterConfigSynchronization), (8 bytes).
    Removing stm32l0xx_hal_tim_ex.o(.text.HAL_TIMEx_RemapConfig), (28 bytes).
    Removing stm32l0xx_hal_tim_ex.o(.ARM.exidx.text.HAL_TIMEx_RemapConfig), (8 bytes).
    Removing stm32l0xx_hal_uart.o(.text), (0 bytes).
    Removing stm32l0xx_hal_uart.o(.ARM.exidx.text.HAL_UART_Init), (8 bytes).
    Removing stm32l0xx_hal_uart.o(.text.HAL_UART_MspInit), (2 bytes).
    Removing stm32l0xx_hal_uart.o(.ARM.exidx.text.HAL_UART_MspInit), (8 bytes).
    Removing stm32l0xx_hal_uart.o(.ARM.exidx.text.UART_SetConfig), (8 bytes).
    Removing stm32l0xx_hal_uart.o(.ARM.exidx.text.UART_AdvFeatureConfig), (8 bytes).
    Removing stm32l0xx_hal_uart.o(.ARM.exidx.text.UART_CheckIdleState), (8 bytes).
    Removing stm32l0xx_hal_uart.o(.text.HAL_HalfDuplex_Init), (114 bytes).
    Removing stm32l0xx_hal_uart.o(.ARM.exidx.text.HAL_HalfDuplex_Init), (8 bytes).
    Removing stm32l0xx_hal_uart.o(.text.HAL_LIN_Init), (144 bytes).
    Removing stm32l0xx_hal_uart.o(.ARM.exidx.text.HAL_LIN_Init), (8 bytes).
    Removing stm32l0xx_hal_uart.o(.text.HAL_MultiProcessor_Init), (146 bytes).
    Removing stm32l0xx_hal_uart.o(.ARM.exidx.text.HAL_MultiProcessor_Init), (8 bytes).
    Removing stm32l0xx_hal_uart.o(.text.HAL_UART_DeInit), (60 bytes).
    Removing stm32l0xx_hal_uart.o(.ARM.exidx.text.HAL_UART_DeInit), (8 bytes).
    Removing stm32l0xx_hal_uart.o(.text.HAL_UART_MspDeInit), (2 bytes).
    Removing stm32l0xx_hal_uart.o(.ARM.exidx.text.HAL_UART_MspDeInit), (8 bytes).
    Removing stm32l0xx_hal_uart.o(.text.HAL_UART_Transmit), (216 bytes).
    Removing stm32l0xx_hal_uart.o(.ARM.exidx.text.HAL_UART_Transmit), (8 bytes).
    Removing stm32l0xx_hal_uart.o(.ARM.exidx.text.UART_WaitOnFlagUntilTimeout), (8 bytes).
    Removing stm32l0xx_hal_uart.o(.text.HAL_UART_Receive), (252 bytes).
    Removing stm32l0xx_hal_uart.o(.ARM.exidx.text.HAL_UART_Receive), (8 bytes).
    Removing stm32l0xx_hal_uart.o(.text.HAL_UART_Transmit_IT), (116 bytes).
    Removing stm32l0xx_hal_uart.o(.ARM.exidx.text.HAL_UART_Transmit_IT), (8 bytes).
    Removing stm32l0xx_hal_uart.o(.text.UART_TxISR_16BIT), (96 bytes).
    Removing stm32l0xx_hal_uart.o(.ARM.exidx.text.UART_TxISR_16BIT), (8 bytes).
    Removing stm32l0xx_hal_uart.o(.text.UART_TxISR_8BIT), (88 bytes).
    Removing stm32l0xx_hal_uart.o(.ARM.exidx.text.UART_TxISR_8BIT), (8 bytes).
    Removing stm32l0xx_hal_uart.o(.text.HAL_UART_Receive_IT), (112 bytes).
    Removing stm32l0xx_hal_uart.o(.ARM.exidx.text.HAL_UART_Receive_IT), (8 bytes).
    Removing stm32l0xx_hal_uart.o(.text.UART_Start_Receive_IT), (204 bytes).
    Removing stm32l0xx_hal_uart.o(.ARM.exidx.text.UART_Start_Receive_IT), (8 bytes).
    Removing stm32l0xx_hal_uart.o(.text.HAL_UART_Transmit_DMA), (176 bytes).
    Removing stm32l0xx_hal_uart.o(.ARM.exidx.text.HAL_UART_Transmit_DMA), (8 bytes).
    Removing stm32l0xx_hal_uart.o(.text.UART_DMATransmitCplt), (74 bytes).
    Removing stm32l0xx_hal_uart.o(.ARM.exidx.text.UART_DMATransmitCplt), (8 bytes).
    Removing stm32l0xx_hal_uart.o(.text.UART_DMATxHalfCplt), (10 bytes).
    Removing stm32l0xx_hal_uart.o(.ARM.exidx.text.UART_DMATxHalfCplt), (8 bytes).
    Removing stm32l0xx_hal_uart.o(.text.UART_DMAError), (178 bytes).
    Removing stm32l0xx_hal_uart.o(.ARM.exidx.text.UART_DMAError), (8 bytes).
    Removing stm32l0xx_hal_uart.o(.text.HAL_UART_Receive_DMA), (272 bytes).
    Removing stm32l0xx_hal_uart.o(.ARM.exidx.text.HAL_UART_Receive_DMA), (8 bytes).
    Removing stm32l0xx_hal_uart.o(.text.UART_Start_Receive_DMA), (168 bytes).
    Removing stm32l0xx_hal_uart.o(.ARM.exidx.text.UART_Start_Receive_DMA), (8 bytes).
    Removing stm32l0xx_hal_uart.o(.text.HAL_UART_DMAPause), (124 bytes).
    Removing stm32l0xx_hal_uart.o(.ARM.exidx.text.HAL_UART_DMAPause), (8 bytes).
    Removing stm32l0xx_hal_uart.o(.text.HAL_UART_DMAResume), (136 bytes).
    Removing stm32l0xx_hal_uart.o(.ARM.exidx.text.HAL_UART_DMAResume), (8 bytes).
    Removing stm32l0xx_hal_uart.o(.text.HAL_UART_DMAStop), (258 bytes).
    Removing stm32l0xx_hal_uart.o(.ARM.exidx.text.HAL_UART_DMAStop), (8 bytes).
    Removing stm32l0xx_hal_uart.o(.text.HAL_UART_Abort), (248 bytes).
    Removing stm32l0xx_hal_uart.o(.ARM.exidx.text.HAL_UART_Abort), (8 bytes).
    Removing stm32l0xx_hal_uart.o(.text.HAL_UART_AbortTransmit), (110 bytes).
    Removing stm32l0xx_hal_uart.o(.ARM.exidx.text.HAL_UART_AbortTransmit), (8 bytes).
    Removing stm32l0xx_hal_uart.o(.text.HAL_UART_AbortReceive), (178 bytes).
    Removing stm32l0xx_hal_uart.o(.ARM.exidx.text.HAL_UART_AbortReceive), (8 bytes).
    Removing stm32l0xx_hal_uart.o(.text.HAL_UART_Abort_IT), (296 bytes).
    Removing stm32l0xx_hal_uart.o(.ARM.exidx.text.HAL_UART_Abort_IT), (8 bytes).
    Removing stm32l0xx_hal_uart.o(.text.UART_DMATxAbortCallback), (58 bytes).
    Removing stm32l0xx_hal_uart.o(.ARM.exidx.text.UART_DMATxAbortCallback), (8 bytes).
    Removing stm32l0xx_hal_uart.o(.text.UART_DMARxAbortCallback), (66 bytes).
    Removing stm32l0xx_hal_uart.o(.ARM.exidx.text.UART_DMARxAbortCallback), (8 bytes).
    Removing stm32l0xx_hal_uart.o(.text.HAL_UART_AbortCpltCallback), (2 bytes).
    Removing stm32l0xx_hal_uart.o(.ARM.exidx.text.HAL_UART_AbortCpltCallback), (8 bytes).
    Removing stm32l0xx_hal_uart.o(.text.HAL_UART_AbortTransmit_IT), (136 bytes).
    Removing stm32l0xx_hal_uart.o(.ARM.exidx.text.HAL_UART_AbortTransmit_IT), (8 bytes).
    Removing stm32l0xx_hal_uart.o(.text.UART_DMATxOnlyAbortCallback), (20 bytes).
    Removing stm32l0xx_hal_uart.o(.ARM.exidx.text.UART_DMATxOnlyAbortCallback), (8 bytes).
    Removing stm32l0xx_hal_uart.o(.text.HAL_UART_AbortTransmitCpltCallback), (2 bytes).
    Removing stm32l0xx_hal_uart.o(.ARM.exidx.text.HAL_UART_AbortTransmitCpltCallback), (8 bytes).
    Removing stm32l0xx_hal_uart.o(.text.HAL_UART_AbortReceive_IT), (212 bytes).
    Removing stm32l0xx_hal_uart.o(.ARM.exidx.text.HAL_UART_AbortReceive_IT), (8 bytes).
    Removing stm32l0xx_hal_uart.o(.text.UART_DMARxOnlyAbortCallback), (38 bytes).
    Removing stm32l0xx_hal_uart.o(.ARM.exidx.text.UART_DMARxOnlyAbortCallback), (8 bytes).
    Removing stm32l0xx_hal_uart.o(.text.HAL_UART_AbortReceiveCpltCallback), (2 bytes).
    Removing stm32l0xx_hal_uart.o(.ARM.exidx.text.HAL_UART_AbortReceiveCpltCallback), (8 bytes).
    Removing stm32l0xx_hal_uart.o(.text.HAL_UART_IRQHandler), (1008 bytes).
    Removing stm32l0xx_hal_uart.o(.ARM.exidx.text.HAL_UART_IRQHandler), (8 bytes).
    Removing stm32l0xx_hal_uart.o(.text.UART_DMAAbortOnError), (22 bytes).
    Removing stm32l0xx_hal_uart.o(.ARM.exidx.text.UART_DMAAbortOnError), (8 bytes).
    Removing stm32l0xx_hal_uart.o(.text.HAL_UART_ErrorCallback), (2 bytes).
    Removing stm32l0xx_hal_uart.o(.ARM.exidx.text.HAL_UART_ErrorCallback), (8 bytes).
    Removing stm32l0xx_hal_uart.o(.text.HAL_UARTEx_RxEventCallback), (2 bytes).
    Removing stm32l0xx_hal_uart.o(.ARM.exidx.text.HAL_UARTEx_RxEventCallback), (8 bytes).
    Removing stm32l0xx_hal_uart.o(.text.HAL_UART_TxCpltCallback), (2 bytes).
    Removing stm32l0xx_hal_uart.o(.ARM.exidx.text.HAL_UART_TxCpltCallback), (8 bytes).
    Removing stm32l0xx_hal_uart.o(.text.HAL_UART_TxHalfCpltCallback), (2 bytes).
    Removing stm32l0xx_hal_uart.o(.ARM.exidx.text.HAL_UART_TxHalfCpltCallback), (8 bytes).
    Removing stm32l0xx_hal_uart.o(.text.HAL_UART_RxCpltCallback), (2 bytes).
    Removing stm32l0xx_hal_uart.o(.ARM.exidx.text.HAL_UART_RxCpltCallback), (8 bytes).
    Removing stm32l0xx_hal_uart.o(.text.HAL_UART_RxHalfCpltCallback), (2 bytes).
    Removing stm32l0xx_hal_uart.o(.ARM.exidx.text.HAL_UART_RxHalfCpltCallback), (8 bytes).
    Removing stm32l0xx_hal_uart.o(.text.HAL_UART_ReceiverTimeout_Config), (28 bytes).
    Removing stm32l0xx_hal_uart.o(.ARM.exidx.text.HAL_UART_ReceiverTimeout_Config), (8 bytes).
    Removing stm32l0xx_hal_uart.o(.text.HAL_UART_EnableReceiverTimeout), (64 bytes).
    Removing stm32l0xx_hal_uart.o(.ARM.exidx.text.HAL_UART_EnableReceiverTimeout), (8 bytes).
    Removing stm32l0xx_hal_uart.o(.text.HAL_UART_DisableReceiverTimeout), (64 bytes).
    Removing stm32l0xx_hal_uart.o(.ARM.exidx.text.HAL_UART_DisableReceiverTimeout), (8 bytes).
    Removing stm32l0xx_hal_uart.o(.text.HAL_MultiProcessor_EnableMuteMode), (58 bytes).
    Removing stm32l0xx_hal_uart.o(.ARM.exidx.text.HAL_MultiProcessor_EnableMuteMode), (8 bytes).
    Removing stm32l0xx_hal_uart.o(.text.HAL_MultiProcessor_DisableMuteMode), (58 bytes).
    Removing stm32l0xx_hal_uart.o(.ARM.exidx.text.HAL_MultiProcessor_DisableMuteMode), (8 bytes).
    Removing stm32l0xx_hal_uart.o(.text.HAL_MultiProcessor_EnterMuteMode), (12 bytes).
    Removing stm32l0xx_hal_uart.o(.ARM.exidx.text.HAL_MultiProcessor_EnterMuteMode), (8 bytes).
    Removing stm32l0xx_hal_uart.o(.text.HAL_HalfDuplex_EnableTransmitter), (82 bytes).
    Removing stm32l0xx_hal_uart.o(.ARM.exidx.text.HAL_HalfDuplex_EnableTransmitter), (8 bytes).
    Removing stm32l0xx_hal_uart.o(.text.HAL_HalfDuplex_EnableReceiver), (82 bytes).
    Removing stm32l0xx_hal_uart.o(.ARM.exidx.text.HAL_HalfDuplex_EnableReceiver), (8 bytes).
    Removing stm32l0xx_hal_uart.o(.text.HAL_LIN_SendBreak), (44 bytes).
    Removing stm32l0xx_hal_uart.o(.ARM.exidx.text.HAL_LIN_SendBreak), (8 bytes).
    Removing stm32l0xx_hal_uart.o(.text.HAL_UART_GetState), (10 bytes).
    Removing stm32l0xx_hal_uart.o(.ARM.exidx.text.HAL_UART_GetState), (8 bytes).
    Removing stm32l0xx_hal_uart.o(.text.HAL_UART_GetError), (6 bytes).
    Removing stm32l0xx_hal_uart.o(.ARM.exidx.text.HAL_UART_GetError), (8 bytes).
    Removing stm32l0xx_hal_uart.o(.text.UART_RxISR_16BIT), (212 bytes).
    Removing stm32l0xx_hal_uart.o(.ARM.exidx.text.UART_RxISR_16BIT), (8 bytes).
    Removing stm32l0xx_hal_uart.o(.text.UART_RxISR_8BIT), (216 bytes).
    Removing stm32l0xx_hal_uart.o(.ARM.exidx.text.UART_RxISR_8BIT), (8 bytes).
    Removing stm32l0xx_hal_uart.o(.text.UART_DMAReceiveCplt), (144 bytes).
    Removing stm32l0xx_hal_uart.o(.ARM.exidx.text.UART_DMAReceiveCplt), (8 bytes).
    Removing stm32l0xx_hal_uart.o(.text.UART_DMARxHalfCplt), (32 bytes).
    Removing stm32l0xx_hal_uart.o(.ARM.exidx.text.UART_DMARxHalfCplt), (8 bytes).
    Removing stm32l0xx_hal_uart_ex.o(.text), (0 bytes).
    Removing stm32l0xx_hal_uart_ex.o(.text.HAL_RS485Ex_Init), (144 bytes).
    Removing stm32l0xx_hal_uart_ex.o(.ARM.exidx.text.HAL_RS485Ex_Init), (8 bytes).
    Removing stm32l0xx_hal_uart_ex.o(.text.HAL_UARTEx_WakeupCallback), (2 bytes).
    Removing stm32l0xx_hal_uart_ex.o(.ARM.exidx.text.HAL_UARTEx_WakeupCallback), (8 bytes).
    Removing stm32l0xx_hal_uart_ex.o(.text.HAL_UARTEx_EnableClockStopMode), (50 bytes).
    Removing stm32l0xx_hal_uart_ex.o(.ARM.exidx.text.HAL_UARTEx_EnableClockStopMode), (8 bytes).
    Removing stm32l0xx_hal_uart_ex.o(.text.HAL_UARTEx_DisableClockStopMode), (50 bytes).
    Removing stm32l0xx_hal_uart_ex.o(.ARM.exidx.text.HAL_UARTEx_DisableClockStopMode), (8 bytes).
    Removing stm32l0xx_hal_uart_ex.o(.text.HAL_MultiProcessorEx_AddressLength_Set), (46 bytes).
    Removing stm32l0xx_hal_uart_ex.o(.ARM.exidx.text.HAL_MultiProcessorEx_AddressLength_Set), (8 bytes).
    Removing stm32l0xx_hal_uart_ex.o(.text.HAL_UARTEx_StopModeWakeUpSourceConfig), (140 bytes).
    Removing stm32l0xx_hal_uart_ex.o(.ARM.exidx.text.HAL_UARTEx_StopModeWakeUpSourceConfig), (8 bytes).
    Removing stm32l0xx_hal_uart_ex.o(.text.HAL_UARTEx_EnableStopMode), (50 bytes).
    Removing stm32l0xx_hal_uart_ex.o(.ARM.exidx.text.HAL_UARTEx_EnableStopMode), (8 bytes).
    Removing stm32l0xx_hal_uart_ex.o(.text.HAL_UARTEx_DisableStopMode), (50 bytes).
    Removing stm32l0xx_hal_uart_ex.o(.ARM.exidx.text.HAL_UARTEx_DisableStopMode), (8 bytes).
    Removing stm32l0xx_hal_uart_ex.o(.text.HAL_UARTEx_ReceiveToIdle), (448 bytes).
    Removing stm32l0xx_hal_uart_ex.o(.ARM.exidx.text.HAL_UARTEx_ReceiveToIdle), (8 bytes).
    Removing stm32l0xx_hal_uart_ex.o(.text.HAL_UARTEx_ReceiveToIdle_IT), (108 bytes).
    Removing stm32l0xx_hal_uart_ex.o(.ARM.exidx.text.HAL_UARTEx_ReceiveToIdle_IT), (8 bytes).
    Removing stm32l0xx_hal_uart_ex.o(.text.HAL_UARTEx_ReceiveToIdle_DMA), (108 bytes).
    Removing stm32l0xx_hal_uart_ex.o(.ARM.exidx.text.HAL_UARTEx_ReceiveToIdle_DMA), (8 bytes).
    Removing stm32l0xx_hal_uart_ex.o(.text.HAL_UARTEx_GetRxEventType), (4 bytes).
    Removing stm32l0xx_hal_uart_ex.o(.ARM.exidx.text.HAL_UARTEx_GetRxEventType), (8 bytes).
    Removing system_stm32l0xx.o(.text), (0 bytes).
    Removing system_stm32l0xx.o(.ARM.exidx.text.SystemInit), (8 bytes).
    Removing system_stm32l0xx.o(.text.SystemCoreClockUpdate), (168 bytes).
    Removing system_stm32l0xx.o(.ARM.exidx.text.SystemCoreClockUpdate), (8 bytes).
    Removing statechart.o(.text), (0 bytes).
    Removing statechart.o(.text.statechart_init), (28 bytes).
    Removing statechart.o(.ARM.exidx.text.statechart_init), (8 bytes).
    Removing statechart.o(.text.statechart_enter), (50 bytes).
    Removing statechart.o(.ARM.exidx.text.statechart_enter), (8 bytes).
    Removing statechart.o(.text.micro_step), (118 bytes).
    Removing statechart.o(.ARM.exidx.text.micro_step), (8 bytes).
    Removing statechart.o(.text.statechart_exit), (38 bytes).
    Removing statechart.o(.ARM.exidx.text.statechart_exit), (8 bytes).
    Removing statechart.o(.text.statechart_trigger_without_event), (8 bytes).
    Removing statechart.o(.ARM.exidx.text.statechart_trigger_without_event), (8 bytes).
    Removing statechart.o(.text.run_cycle), (230 bytes).
    Removing statechart.o(.ARM.exidx.text.run_cycle), (8 bytes).
    Removing statechart.o(.text.statechart_is_active), (8 bytes).
    Removing statechart.o(.ARM.exidx.text.statechart_is_active), (8 bytes).
    Removing statechart.o(.text.statechart_is_final), (4 bytes).
    Removing statechart.o(.ARM.exidx.text.statechart_is_final), (8 bytes).
    Removing statechart.o(.text.statechart_is_state_active), (20 bytes).
    Removing statechart.o(.ARM.exidx.text.statechart_is_state_active), (8 bytes).
    Removing statechart.o(.text.statechart_raise_getSample), (48 bytes).
    Removing statechart.o(.ARM.exidx.text.statechart_raise_getSample), (8 bytes).

901 unused section(s) (total 47784 bytes) removed from the image.
