Component: Arm Compiler for Embedded 6.19 Tool: armlink [5e73cb00]

==============================================================================

Section Cross References

    startup_stm32l073xx.o(STACK) refers (Special) to heapauxi.o(.text) for __use_two_region_memory
    startup_stm32l073xx.o(HEAP) refers (Special) to heapauxi.o(.text) for __use_two_region_memory
    startup_stm32l073xx.o(RESET) refers (Special) to heapauxi.o(.text) for __use_two_region_memory
    startup_stm32l073xx.o(RESET) refers to startup_stm32l073xx.o(STACK) for __initial_sp
    startup_stm32l073xx.o(RESET) refers to startup_stm32l073xx.o(.text) for Reset_Handler
    startup_stm32l073xx.o(RESET) refers to stm32l0xx_it.o(.text.NMI_Handler) for NMI_Handler
    startup_stm32l073xx.o(RESET) refers to stm32l0xx_it.o(.text.HardFault_Handler) for HardFault_Handler
    startup_stm32l073xx.o(RESET) refers to stm32l0xx_it.o(.text.SVC_Handler) for SVC_Handler
    startup_stm32l073xx.o(RESET) refers to stm32l0xx_it.o(.text.PendSV_Handler) for PendSV_Handler
    startup_stm32l073xx.o(RESET) refers to stm32l0xx_it.o(.text.SysTick_Handler) for SysTick_Handler
    startup_stm32l073xx.o(.text) refers (Special) to heapauxi.o(.text) for __use_two_region_memory
    startup_stm32l073xx.o(.text) refers to system_stm32l0xx.o(.text.SystemInit) for SystemInit
    startup_stm32l073xx.o(.text) refers to __main.o(!!!main) for __main
    startup_stm32l073xx.o(.text) refers to startup_stm32l073xx.o(HEAP) for Heap_Mem
    startup_stm32l073xx.o(.text) refers to startup_stm32l073xx.o(STACK) for Stack_Mem
    main.o(.text.adxl_write) refers to stm32l0xx_hal_i2c.o(.text.HAL_I2C_Master_Transmit) for HAL_I2C_Master_Transmit
    main.o(.text.adxl_write) refers to main.o(.bss.hi2c1) for hi2c1
    main.o(.ARM.exidx.text.adxl_write) refers to main.o(.text.adxl_write) for [Anonymous Symbol]
    main.o(.text.adxl_read_values) refers to stm32l0xx_hal_i2c.o(.text.HAL_I2C_Mem_Read) for HAL_I2C_Mem_Read
    main.o(.text.adxl_read_values) refers to main.o(.bss.data_rec) for data_rec
    main.o(.text.adxl_read_values) refers to main.o(.bss.hi2c1) for hi2c1
    main.o(.ARM.exidx.text.adxl_read_values) refers to main.o(.text.adxl_read_values) for [Anonymous Symbol]
    main.o(.text.adxl_read_address) refers to stm32l0xx_hal_i2c.o(.text.HAL_I2C_Mem_Read) for HAL_I2C_Mem_Read
    main.o(.text.adxl_read_address) refers to main.o(.bss.chipid) for chipid
    main.o(.text.adxl_read_address) refers to main.o(.bss.hi2c1) for hi2c1
    main.o(.ARM.exidx.text.adxl_read_address) refers to main.o(.text.adxl_read_address) for [Anonymous Symbol]
    main.o(.text.adxl_init) refers to main.o(.text.adxl_read_address) for adxl_read_address
    main.o(.text.adxl_init) refers to main.o(.text.adxl_write) for adxl_write
    main.o(.ARM.exidx.text.adxl_init) refers to main.o(.text.adxl_init) for [Anonymous Symbol]
    main.o(.text.ReadI2CSensor) refers to main.o(.text.adxl_read_values) for adxl_read_values
    main.o(.text.ReadI2CSensor) refers to dflti.o(.text) for __aeabi_i2d
    main.o(.text.ReadI2CSensor) refers to dmul.o(.text) for __aeabi_dmul
    main.o(.text.ReadI2CSensor) refers to d2f.o(.text) for __aeabi_d2f
    main.o(.text.ReadI2CSensor) refers to main.o(.bss.data_rec) for data_rec
    main.o(.text.ReadI2CSensor) refers to main.o(.bss.x) for x
    main.o(.text.ReadI2CSensor) refers to main.o(.bss.y) for y
    main.o(.text.ReadI2CSensor) refers to main.o(.bss.z) for z
    main.o(.text.ReadI2CSensor) refers to main.o(.bss.xg) for xg
    main.o(.text.ReadI2CSensor) refers to main.o(.bss.yg) for yg
    main.o(.text.ReadI2CSensor) refers to main.o(.bss.zg) for zg
    main.o(.ARM.exidx.text.ReadI2CSensor) refers to main.o(.text.ReadI2CSensor) for [Anonymous Symbol]
    main.o(.text.saveI2CSample) refers to main.o(.bss.xg) for xg
    main.o(.text.saveI2CSample) refers to main.o(.bss.sample_no) for sample_no
    main.o(.text.saveI2CSample) refers to main.o(.bss.DataBufferX) for DataBufferX
    main.o(.text.saveI2CSample) refers to main.o(.bss.yg) for yg
    main.o(.text.saveI2CSample) refers to main.o(.bss.DataBufferY) for DataBufferY
    main.o(.text.saveI2CSample) refers to main.o(.bss.zg) for zg
    main.o(.text.saveI2CSample) refers to main.o(.bss.DataBufferZ) for DataBufferZ
    main.o(.ARM.exidx.text.saveI2CSample) refers to main.o(.text.saveI2CSample) for [Anonymous Symbol]
    main.o(.text.ProcessData) refers to f2d.o(.text) for __aeabi_f2d
    main.o(.text.ProcessData) refers to pow.o(i.pow) for pow
    main.o(.text.ProcessData) refers to daddsub.o(.text) for __aeabi_dadd
    main.o(.text.ProcessData) refers to d2f.o(.text) for __aeabi_d2f
    main.o(.text.ProcessData) refers to fdiv.o(.text) for __aeabi_fdiv
    main.o(.text.ProcessData) refers to sqrt.o(i.sqrt) for sqrt
    main.o(.text.ProcessData) refers to main.o(.bss.RMSX) for RMSX
    main.o(.text.ProcessData) refers to main.o(.bss.RMSY) for RMSY
    main.o(.text.ProcessData) refers to main.o(.bss.RMSZ) for RMSZ
[...]
    fonts.c                                  0x00000000   Number         0  fonts.o ABSOLUTE
    main.c                                   0x00000000   Number         0  main.o ABSOLUTE
    ssd1306.c                                0x00000000   Number         0  ssd1306.o ABSOLUTE
    startup_stm32l073xx.s                    0x00000000   Number         0  startup_stm32l073xx.o ABSOLUTE
    stm32l0xx_hal.c                          0x00000000   Number         0  stm32l0xx_hal.o ABSOLUTE
    stm32l0xx_hal_cortex.c                   0x00000000   Number         0  stm32l0xx_hal_cortex.o ABSOLUTE
    stm32l0xx_hal_dma.c                      0x00000000   Number         0  stm32l0xx_hal_dma.o ABSOLUTE
    stm32l0xx_hal_exti.c                     0x00000000   Number         0  stm32l0xx_hal_exti.o ABSOLUTE
    stm32l0xx_hal_flash.c                    0x00000000   Number         0  stm32l0xx_hal_flash.o ABSOLUTE
    stm32l0xx_hal_flash_ex.c                 0x00000000   Number         0  stm32l0xx_hal_flash_ex.o ABSOLUTE
    stm32l0xx_hal_flash_ramfunc.c            0x00000000   Number         0  stm32l0xx_hal_flash_ramfunc.o ABSOLUTE
    stm32l0xx_hal_gpio.c                     0x00000000   Number         0  stm32l0xx_hal_gpio.o ABSOLUTE
    stm32l0xx_hal_i2c.c                      0x00000000   Number         0  stm32l0xx_hal_i2c.o ABSOLUTE
    stm32l0xx_hal_i2c_ex.c                   0x00000000   Number         0  stm32l0xx_hal_i2c_ex.o ABSOLUTE
    stm32l0xx_hal_msp.c                      0x00000000   Number         0  stm32l0xx_hal_msp.o ABSOLUTE
    stm32l0xx_hal_pwr.c                      0x00000000   Number         0  stm32l0xx_hal_pwr.o ABSOLUTE
    stm32l0xx_hal_pwr_ex.c                   0x00000000   Number         0  stm32l0xx_hal_pwr_ex.o ABSOLUTE
    stm32l0xx_hal_rcc.c                      0x00000000   Number         0  stm32l0xx_hal_rcc.o ABSOLUTE
    stm32l0xx_hal_rcc_ex.c                   0x00000000   Number         0  stm32l0xx_hal_rcc_ex.o ABSOLUTE
    stm32l0xx_hal_tim.c                      0x00000000   Number         0  stm32l0xx_hal_tim.o ABSOLUTE
    stm32l0xx_hal_tim_ex.c                   0x00000000   Number         0  stm32l0xx_hal_tim_ex.o ABSOLUTE
    stm32l0xx_hal_uart.c                     0x00000000   Number         0  stm32l0xx_hal_uart.o ABSOLUTE
    stm32l0xx_hal_uart_ex.c                  0x00000000   Number         0  stm32l0xx_hal_uart_ex.o ABSOLUTE
    stm32l0xx_it.c                           0x00000000   Number         0  stm32l0xx_it.o ABSOLUTE
    system_stm32l0xx.c                       0x00000000   Number         0  system_stm32l0xx.o ABSOLUTE
    RESET                                    0x08000000   Section      192  startup_stm32l073xx.o(RESET)
    !!!main                                  0x080000c0   Section        8  __main.o(!!!main)
    !!!scatter                               0x080000c8   Section       60  __scatter.o(!!!scatter)
    !!handler_copy                           0x08000104   Section       26  __scatter_copy.o(!!handler_copy)
    !!handler_zi                             0x08000120   Section       28  __scatter_zi.o(!!handler_zi)
    .ARM.Collect$$libinit$$00000000          0x0800013c   Section        2  libinit.o(.ARM.Collect$$libinit$$00000000)
    .ARM.Collect$$libinit$$00000002          0x0800013e   Section        0  libinit2.o(.ARM.Collect$$libinit$$00000002)
    .ARM.Collect$$libinit$$00000004          0x0800013e   Section        0  libinit2.o(.ARM.Collect$$libinit$$00000004)
    .ARM.Collect$$libinit$$00000006          0x0800013e   Section        0  libinit2.o(.ARM.Collect$$libinit$$00000006)
    .ARM.Collect$$libinit$$0000000C          0x0800013e   Section        0  libinit2.o(.ARM.Collect$$libinit$$0000000C)
    .ARM.Collect$$libinit$$0000000E          0x0800013e   Section        0  libinit2.o(.ARM.Collect$$libinit$$0000000E)
    .ARM.Collect$$libinit$$00000010          0x0800013e   Section        0  libinit2.o(.ARM.Collect$$libinit$$00000010)
    .ARM.Collect$$libinit$$00000013          0x0800013e   Section        0  libinit2.o(.ARM.Collect$$libinit$$00000013)
    .ARM.Collect$$libinit$$00000015          0x0800013e   Section        0  libinit2.o(.ARM.Collect$$libinit$$00000015)
    .ARM.Collect$$libinit$$00000017          0x0800013e   Section        0  libinit2.o(.ARM.Collect$$libinit$$00000017)
    .ARM.Collect$$libinit$$00000019          0x0800013e   Section        0  libinit2.o(.ARM.Collect$$libinit$$00000019)
    .ARM.Collect$$libinit$$0000001B          0x0800013e   Section        0  libinit2.o(.ARM.Collect$$libinit$$0000001B)
    .ARM.Collect$$libinit$$0000001D          0x0800013e   Section        0  libinit2.o(.ARM.Collect$$libinit$$0000001D)
    .ARM.Collect$$libinit$$0000001F          0x0800013e   Section        0  libinit2.o(.ARM.Collect$$libinit$$0000001F)
    .ARM.Collect$$libinit$$00000021          0x0800013e   Section        0  libinit2.o(.ARM.Collect$$libinit$$00000021)
    .ARM.Collect$$libinit$$00000023          0x0800013e   Section        0  libinit2.o(.ARM.Collect$$libinit$$00000023)
    .ARM.Collect$$libinit$$00000025          0x0800013e   Section        0  libinit2.o(.ARM.Collect$$libinit$$00000025)
    .ARM.Collect$$libinit$$00000027          0x0800013e   Section        0  libinit2.o(.ARM.Collect$$libinit$$00000027)
    .ARM.Collect$$libinit$$0000002E          0x0800013e   Section        0  libinit2.o(.ARM.Collect$$libinit$$0000002E)
    .ARM.Collect$$libinit$$00000030          0x0800013e   Section        0  libinit2.o(.ARM.Collect$$libinit$$00000030)
    .ARM.Collect$$libinit$$00000032          0x0800013e   Section        0  libinit2.o(.ARM.Collect$$libinit$$00000032)
    .ARM.Collect$$libinit$$00000034          0x0800013e   Section        0  libinit2.o(.ARM.Collect$$libinit$$00000034)
    .ARM.Collect$$libinit$$00000035          0x0800013e   Section        2  libinit2.o(.ARM.Collect$$libinit$$00000035)
    .ARM.Collect$$libshutdown$$00000000      0x08000140   Section        2  libshutdown.o(.ARM.Collect$$libshutdown$$00000000)
    .ARM.Collect$$libshutdown$$00000002      0x08000142   Section        0  libshutdown2.o(.ARM.Collect$$libshutdown$$00000002)
    .ARM.Collect$$libshutdown$$00000004      0x08000142   Section        0  libshutdown2.o(.ARM.Collect$$libshutdown$$00000004)
    .ARM.Collect$$libshutdown$$00000007      0x08000142   Section        0  libshutdown2.o(.ARM.Collect$$libshutdown$$00000007)
    .ARM.Collect$$libshutdown$$0000000A      0x08000142   Section        0  libshutdown2.o(.ARM.Collect$$libshutdown$$0000000A)
    .ARM.Collect$$libshutdown$$0000000C      0x08000142   Section        0  libshutdown2.o(.ARM.Collect$$libshutdown$$0000000C)
    .ARM.Collect$$libshutdown$$0000000F      0x08000142   Section        0  libshutdown2.o(.ARM.Collect$$libshutdown$$0000000F)
    .ARM.Collect$$libshutdown$$00000010      0x08000142   Section        2  libshutdown2.o(.ARM.Collect$$libshutdown$$00000010)
    .ARM.Collect$$rtentry$$00000000          0x08000144   Section        0  __rtentry.o(.ARM.Collect$$rtentry$$00000000)
    .ARM.Collect$$rtentry$$00000002          0x08000144   Section        0  __rtentry2.o(.ARM.Collect$$rtentry$$00000002)
    .ARM.Collect$$rtentry$$00000004          0x08000144   Section        6  __rtentry4.o(.ARM.Collect$$rtentry$$00000004)
    .ARM.Collect$$rtentry$$00000009          0x0800014a   Section        0  __rtentry2.o(.ARM.Collect$$rtentry$$00000009)
    .ARM.Collect$$rtentry$$0000000A          0x0800014a   Section        4  __rtentry2.o(.ARM.Collect$$rtentry$$0000000A)
    .ARM.Collect$$rtentry$$0000000C          0x0800014e   Section        0  __rtentry2.o(.ARM.Collect$$rtentry$$0000000C)
    .ARM.Collect$$rtentry$$0000000D          0x0800014e   Section        8  __rtentry2.o(.ARM.Collect$$rtentry$$0000000D)
    .ARM.Collect$$rtexit$$00000000           0x08000156   Section        2  rtexit.o(.ARM.Collect$$rtexit$$00000000)
    .ARM.Collect$$rtexit$$00000002           0x08000158   Section        0  rtexit2.o(.ARM.Collect$$rtexit$$00000002)
    .ARM.Collect$$rtexit$$00000003           0x08000158   Section        4  rtexit2.o(.ARM.Collect$$rtexit$$00000003)
    .ARM.Collect$$rtexit$$00000004           0x0800015c   Section        6  rtexit2.o(.ARM.Collect$$rtexit$$00000004)
    .text                                    0x08000164   Section       56  startup_stm32l073xx.o(.text)
    .text                                    0x0800019c   Section        0  llmul.o(.text)
    .text                                    0x080001cc   Section        0  lludiv.o(.text)
    .text                                    0x080002dc   Section        0  rt_memclr.o(.text)
    .text                                    0x0800031c   Section      364  aeabi_sdiv.o(.text)
    .text                                    0x08000488   Section        0  heapauxi.o(.text)
    .text                                    0x08000490   Section        0  d2f.o(.text)
    _dadd1                                   0x0800050d   Thumb Code   290  daddsub.o(.text)
    .text                                    0x0800050c   Section        0  daddsub.o(.text)
    _dsub1                                   0x0800062f   Thumb Code   470  daddsub.o(.text)
    .text                                    0x08000864   Section        0  dflti.o(.text)
    .text                                    0x080008bc   Section        0  dmul.o(.text)
    .text                                    0x08000b04   Section        0  f2d.o(.text)
    .text                                    0x08000b58   Section        0  fdiv.o(.text)
    .text                                    0x08000cb8   Section        0  _rserrno.o(.text)
    .text                                    0x08000cd0   Section        0  ddiv.o(.text)
    .text                                    0x08001118   Section        0  dscalbn.o(.text)
    .text                                    0x08001178   Section        0  dsqrt.o(.text)
    .text                                    0x08001278   Section        8  rt_errno_addr_intlibspace.o(.text)
    .text                                    0x08001280   Section        0  dcmpin.o(.text)
    .text                                    0x08001320   Section        8  libspace.o(.text)
    .text                                    0x08001328   Section       62  sys_stackheap_outer.o(.text)
    .text                                    0x08001366   Section        0  exit.o(.text)
    .text                                    0x08001376   Section        0  cmpret.o(.text)
    .text                                    0x080013a4   Section        0  dnan2.o(.text)
    .text                                    0x080013b8   Section        0  retnan.o(.text)
    .text                                    0x08001418   Section        0  sys_exit.o(.text)
    .text                                    0x08001424   Section        2  use_no_semi.o(.text)
    [Anonymous Symbol]                       0x08001426   Section        0  main.o(.text.Error_Handler)
    .text                                    0x08001426   Section        0  indicate_semi.o(.text)
    [Anonymous Symbol]                       0x08001434   Section        0  stm32l0xx_hal_gpio.o(.text.HAL_GPIO_Init)
    __arm_cp.0_0                             0x0800171c   Number         4  stm32l0xx_hal_gpio.o(.text.HAL_GPIO_Init)
    __arm_cp.0_1                             0x08001720   Number         4  stm32l0xx_hal_gpio.o(.text.HAL_GPIO_Init)
    __arm_cp.0_2                             0x08001724   Number         4  stm32l0xx_hal_gpio.o(.text.HAL_GPIO_Init)
    __arm_cp.0_3                             0x08001728   Number         4  stm32l0xx_hal_gpio.o(.text.HAL_GPIO_Init)
    __arm_cp.0_4                             0x0800172c   Number         4  stm32l0xx_hal_gpio.o(.text.HAL_GPIO_Init)
    __arm_cp.0_5                             0x08001730   Number         4  stm32l0xx_hal_gpio.o(.text.HAL_GPIO_Init)
    __arm_cp.0_6                             0x08001734   Number         4  stm32l0xx_hal_gpio.o(.text.HAL_GPIO_Init)
    __arm_cp.0_7                             0x08001738   Number         4  stm32l0xx_hal_gpio.o(.text.HAL_GPIO_Init)
    __arm_cp.0_8                             0x0800173c   Number         4  stm32l0xx_hal_gpio.o(.text.HAL_GPIO_Init)
    __arm_cp.0_9                             0x08001740   Number         4  stm32l0xx_hal_gpio.o(.text.HAL_GPIO_Init)
    __arm_cp.0_10                            0x08001744   Number         4  stm32l0xx_hal_gpio.o(.text.HAL_GPIO_Init)
    [Anonymous Symbol]                       0x08001748   Section        0  stm32l0xx_hal.o(.text.HAL_GetTick)
    __arm_cp.6_0                             0x08001750   Number         4  stm32l0xx_hal.o(.text.HAL_GetTick)
    [Anonymous Symbol]                       0x08001754   Section        0  stm32l0xx_hal_i2c_ex.o(.text.HAL_I2CEx_ConfigAnalogFilter)
    [Anonymous Symbol]                       0x080017ea   Section        0  stm32l0xx_hal_i2c_ex.o(.text.HAL_I2CEx_ConfigDigitalFilter)
    [Anonymous Symbol]                       0x0800188c   Section        0  stm32l0xx_hal_i2c.o(.text.HAL_I2C_Init)
    __arm_cp.0_0                             0x08001994   Number         4  stm32l0xx_hal_i2c.o(.text.HAL_I2C_Init)
    [Anonymous Symbol]                       0x08001998   Section        0  stm32l0xx_hal_i2c.o(.text.HAL_I2C_Master_Transmit)
    __arm_cp.4_0                             0x08001b90   Number         4  stm32l0xx_hal_i2c.o(.text.HAL_I2C_Master_Transmit)
    [Anonymous Symbol]                       0x08001b94   Section        0  stm32l0xx_hal_i2c.o(.text.HAL_I2C_Mem_Read)
    __arm_cp.34_0                            0x08001df4   Number         4  stm32l0xx_hal_i2c.o(.text.HAL_I2C_Mem_Read)
    __arm_cp.34_1                            0x08001df8   Number         4  stm32l0xx_hal_i2c.o(.text.HAL_I2C_Mem_Read)
    [Anonymous Symbol]                       0x08001dfc   Section        0  stm32l0xx_hal_msp.o(.text.HAL_I2C_MspInit)
    __arm_cp.1_0                             0x08001e60   Number         4  stm32l0xx_hal_msp.o(.text.HAL_I2C_MspInit)
    __arm_cp.1_1                             0x08001e64   Number         4  stm32l0xx_hal_msp.o(.text.HAL_I2C_MspInit)
    __arm_cp.1_2                             0x08001e68   Number         4  stm32l0xx_hal_msp.o(.text.HAL_I2C_MspInit)
    [Anonymous Symbol]                       0x08001e6c   Section        0  stm32l0xx_hal.o(.text.HAL_IncTick)
    __arm_cp.5_1                             0x08001e7c   Number         4  stm32l0xx_hal.o(.text.HAL_IncTick)
    [Anonymous Symbol]                       0x08001e80   Section        0  stm32l0xx_hal.o(.text.HAL_Init)
    __arm_cp.0_0                             0x08001eb8   Number         4  stm32l0xx_hal.o(.text.HAL_Init)
    [Anonymous Symbol]                       0x08001ebc   Section        0  stm32l0xx_hal.o(.text.HAL_InitTick)
    __arm_cp.1_0                             0x08001f20   Number         4  stm32l0xx_hal.o(.text.HAL_InitTick)
    __arm_cp.1_1                             0x08001f24   Number         4  stm32l0xx_hal.o(.text.HAL_InitTick)
    __arm_cp.1_2                             0x08001f28   Number         4  stm32l0xx_hal.o(.text.HAL_InitTick)
    [Anonymous Symbol]                       0x08001f2c   Section        0  stm32l0xx_hal_msp.o(.text.HAL_MspInit)
    __arm_cp.0_0                             0x08001f44   Number         4  stm32l0xx_hal_msp.o(.text.HAL_MspInit)
    __arm_cp.0_1                             0x08001f48   Number         4  stm32l0xx_hal_msp.o(.text.HAL_MspInit)
    [Anonymous Symbol]                       0x08001f4c   Section        0  stm32l0xx_hal_cortex.o(.text.HAL_NVIC_SetPriority)
    [Anonymous Symbol]                       0x08001f68   Section        0  stm32l0xx_hal_rcc_ex.o(.text.HAL_RCCEx_PeriphCLKConfig)
    __arm_cp.0_0                             0x080022bc   Number         4  stm32l0xx_hal_rcc_ex.o(.text.HAL_RCCEx_PeriphCLKConfig)
    __arm_cp.0_1                             0x080022c0   Number         4  stm32l0xx_hal_rcc_ex.o(.text.HAL_RCCEx_PeriphCLKConfig)
    __arm_cp.0_2                             0x080022c4   Number         4  stm32l0xx_hal_rcc_ex.o(.text.HAL_RCCEx_PeriphCLKConfig)
    __arm_cp.0_3                             0x080022c8   Number         4  stm32l0xx_hal_rcc_ex.o(.text.HAL_RCCEx_PeriphCLKConfig)
    __arm_cp.0_4                             0x080022cc   Number         4  stm32l0xx_hal_rcc_ex.o(.text.HAL_RCCEx_PeriphCLKConfig)
    __arm_cp.0_5                             0x080022d0   Number         4  stm32l0xx_hal_rcc_ex.o(.text.HAL_RCCEx_PeriphCLKConfig)
    [Anonymous Symbol]                       0x080022d4   Section        0  stm32l0xx_hal_rcc.o(.text.HAL_RCC_ClockConfig)
    __arm_cp.3_0                             0x080025bc   Number         4  stm32l0xx_hal_rcc.o(.text.HAL_RCC_ClockConfig)
    __arm_cp.3_3                             0x080025c0   Number         4  stm32l0xx_hal_rcc.o(.text.HAL_RCC_ClockConfig)
    __arm_cp.3_4                             0x080025c4   Number         4  stm32l0xx_hal_rcc.o(.text.HAL_RCC_ClockConfig)
    __arm_cp.3_6                             0x080025c8   Number         4  stm32l0xx_hal_rcc.o(.text.HAL_RCC_ClockConfig)
    [Anonymous Symbol]                       0x080025cc   Section        0  stm32l0xx_hal_rcc.o(.text.HAL_RCC_GetHCLKFreq)
    __arm_cp.6_0                             0x080025d4   Number         4  stm32l0xx_hal_rcc.o(.text.HAL_RCC_GetHCLKFreq)
    [Anonymous Symbol]                       0x080025d8   Section        0  stm32l0xx_hal_rcc.o(.text.HAL_RCC_GetPCLK1Freq)
    [Anonymous Symbol]                       0x080025f4   Section        0  stm32l0xx_hal_rcc.o(.text.HAL_RCC_GetPCLK2Freq)
    __arm_cp.8_0                             0x08002610   Number         4  stm32l0xx_hal_rcc.o(.text.HAL_RCC_GetPCLK2Freq)
    __arm_cp.8_1                             0x08002614   Number         4  stm32l0xx_hal_rcc.o(.text.HAL_RCC_GetPCLK2Freq)
    [Anonymous Symbol]                       0x08002618   Section        0  stm32l0xx_hal_rcc.o(.text.HAL_RCC_GetSysClockFreq)
    __arm_cp.2_0                             0x08002738   Number         4  stm32l0xx_hal_rcc.o(.text.HAL_RCC_GetSysClockFreq)
    __arm_cp.2_1                             0x0800273c   Number         4  stm32l0xx_hal_rcc.o(.text.HAL_RCC_GetSysClockFreq)
    __arm_cp.2_2                             0x08002740   Number         4  stm32l0xx_hal_rcc.o(.text.HAL_RCC_GetSysClockFreq)
    __arm_cp.2_3                             0x08002744   Number         4  stm32l0xx_hal_rcc.o(.text.HAL_RCC_GetSysClockFreq)
    __arm_cp.2_4                             0x08002748   Number         4  stm32l0xx_hal_rcc.o(.text.HAL_RCC_GetSysClockFreq)
    __arm_cp.2_5                             0x0800274c   Number         4  stm32l0xx_hal_rcc.o(.text.HAL_RCC_GetSysClockFreq)
    __arm_cp.2_6                             0x08002750   Number         4  stm32l0xx_hal_rcc.o(.text.HAL_RCC_GetSysClockFreq)
    [Anonymous Symbol]                       0x08002754   Section        0  stm32l0xx_hal_rcc.o(.text.HAL_RCC_OscConfig)
    __arm_cp.1_15                            0x08002b6c   Number         4  stm32l0xx_hal_rcc.o(.text.HAL_RCC_OscConfig)
    __arm_cp.1_16                            0x08002b70   Number         4  stm32l0xx_hal_rcc.o(.text.HAL_RCC_OscConfig)
    __arm_cp.1_17                            0x08002b74   Number         4  stm32l0xx_hal_rcc.o(.text.HAL_RCC_OscConfig)
    __arm_cp.1_18                            0x08002b78   Number         4  stm32l0xx_hal_rcc.o(.text.HAL_RCC_OscConfig)
    __arm_cp.1_0                             0x08002fa0   Number         4  stm32l0xx_hal_rcc.o(.text.HAL_RCC_OscConfig)
    __arm_cp.1_1                             0x08002fa4   Number         4  stm32l0xx_hal_rcc.o(.text.HAL_RCC_OscConfig)
    __arm_cp.1_6                             0x08002fa8   Number         4  stm32l0xx_hal_rcc.o(.text.HAL_RCC_OscConfig)
    __arm_cp.1_7                             0x08002fac   Number         4  stm32l0xx_hal_rcc.o(.text.HAL_RCC_OscConfig)
    __arm_cp.1_8                             0x08002fb0   Number         4  stm32l0xx_hal_rcc.o(.text.HAL_RCC_OscConfig)
    __arm_cp.1_9                             0x08002fb4   Number         4  stm32l0xx_hal_rcc.o(.text.HAL_RCC_OscConfig)
    __arm_cp.1_10                            0x08002fb8   Number         4  stm32l0xx_hal_rcc.o(.text.HAL_RCC_OscConfig)
    __arm_cp.1_11                            0x08002fbc   Number         4  stm32l0xx_hal_rcc.o(.text.HAL_RCC_OscConfig)
    __arm_cp.1_12                            0x08002fc0   Number         4  stm32l0xx_hal_rcc.o(.text.HAL_RCC_OscConfig)
    [Anonymous Symbol]                       0x08002fc4   Section        0  stm32l0xx_hal_cortex.o(.text.HAL_SYSTICK_Config)
    [Anonymous Symbol]                       0x08002fd4   Section        0  stm32l0xx_hal_tim_ex.o(.text.HAL_TIMEx_MasterConfigSynchronization)
    [Anonymous Symbol]                       0x080030a0   Section        0  stm32l0xx_hal_tim.o(.text.HAL_TIM_Base_Init)
    [Anonymous Symbol]                       0x08003120   Section        0  stm32l0xx_hal_msp.o(.text.HAL_TIM_Base_MspInit)
    __arm_cp.3_0                             0x08003140   Number         4  stm32l0xx_hal_msp.o(.text.HAL_TIM_Base_MspInit)
    __arm_cp.3_1                             0x08003144   Number         4  stm32l0xx_hal_msp.o(.text.HAL_TIM_Base_MspInit)
    [Anonymous Symbol]                       0x08003148   Section        0  stm32l0xx_hal_tim.o(.text.HAL_TIM_Base_Start_IT)
    __arm_cp.7_0                             0x080031e8   Number         4  stm32l0xx_hal_tim.o(.text.HAL_TIM_Base_Start_IT)
    __arm_cp.7_1                             0x080031ec   Number         4  stm32l0xx_hal_tim.o(.text.HAL_TIM_Base_Start_IT)
    __arm_cp.7_2                             0x080031f0   Number         4  stm32l0xx_hal_tim.o(.text.HAL_TIM_Base_Start_IT)
    [Anonymous Symbol]                       0x080031f4   Section        0  stm32l0xx_hal_uart.o(.text.HAL_UART_Init)
    [Anonymous Symbol]                       0x080032a4   Section        0  stm32l0xx_hal_msp.o(.text.HAL_UART_MspInit)
    __arm_cp.5_0                             0x08003308   Number         4  stm32l0xx_hal_msp.o(.text.HAL_UART_MspInit)
    __arm_cp.5_1                             0x0800330c   Number         4  stm32l0xx_hal_msp.o(.text.HAL_UART_MspInit)
    __arm_cp.5_2                             0x08003310   Number         4  stm32l0xx_hal_msp.o(.text.HAL_UART_MspInit)
    [Anonymous Symbol]                       0x08003314   Section        0  stm32l0xx_it.o(.text.HardFault_Handler)
    I2C_Flush_TXDR                           0x08003319   Thumb Code    64  stm32l0xx_hal_i2c.o(.text.I2C_Flush_TXDR)
    [Anonymous Symbol]                       0x08003318   Section        0  stm32l0xx_hal_i2c.o(.text.I2C_Flush_TXDR)
    I2C_IsErrorOccurred                      0x08003359   Thumb Code   500  stm32l0xx_hal_i2c.o(.text.I2C_IsErrorOccurred)
    [Anonymous Symbol]                       0x08003358   Section        0  stm32l0xx_hal_i2c.o(.text.I2C_IsErrorOccurred)
    __arm_cp.80_0                            0x0800354c   Number         4  stm32l0xx_hal_i2c.o(.text.I2C_IsErrorOccurred)
    I2C_RequestMemoryRead                    0x08003551   Thumb Code   184  stm32l0xx_hal_i2c.o(.text.I2C_RequestMemoryRead)
    [Anonymous Symbol]                       0x08003550   Section        0  stm32l0xx_hal_i2c.o(.text.I2C_RequestMemoryRead)
    __arm_cp.35_0                            0x08003608   Number         4  stm32l0xx_hal_i2c.o(.text.I2C_RequestMemoryRead)
    I2C_TransferConfig                       0x0800360d   Thumb Code    76  stm32l0xx_hal_i2c.o(.text.I2C_TransferConfig)
    [Anonymous Symbol]                       0x0800360c   Section        0  stm32l0xx_hal_i2c.o(.text.I2C_TransferConfig)
    __arm_cp.6_0                             0x08003658   Number         4  stm32l0xx_hal_i2c.o(.text.I2C_TransferConfig)
    __arm_cp.6_1                             0x0800365c   Number         4  stm32l0xx_hal_i2c.o(.text.I2C_TransferConfig)
    I2C_WaitOnFlagUntilTimeout               0x08003661   Thumb Code   170  stm32l0xx_hal_i2c.o(.text.I2C_WaitOnFlagUntilTimeout)
    [Anonymous Symbol]                       0x08003660   Section        0  stm32l0xx_hal_i2c.o(.text.I2C_WaitOnFlagUntilTimeout)
    I2C_WaitOnSTOPFlagUntilTimeout           0x0800370b   Thumb Code   160  stm32l0xx_hal_i2c.o(.text.I2C_WaitOnSTOPFlagUntilTimeout)
    [Anonymous Symbol]                       0x0800370a   Section        0  stm32l0xx_hal_i2c.o(.text.I2C_WaitOnSTOPFlagUntilTimeout)
    I2C_WaitOnTXISFlagUntilTimeout           0x080037ab   Thumb Code   172  stm32l0xx_hal_i2c.o(.text.I2C_WaitOnTXISFlagUntilTimeout)
    [Anonymous Symbol]                       0x080037aa   Section        0  stm32l0xx_hal_i2c.o(.text.I2C_WaitOnTXISFlagUntilTimeout)
    MX_GPIO_Init                             0x08003859   Thumb Code   136  main.o(.text.MX_GPIO_Init)
    [Anonymous Symbol]                       0x08003858   Section        0  main.o(.text.MX_GPIO_Init)
    __arm_cp.9_0                             0x080038e0   Number         4  main.o(.text.MX_GPIO_Init)
    __arm_cp.9_1                             0x080038e4   Number         4  main.o(.text.MX_GPIO_Init)
    MX_I2C1_Init                             0x080038e9   Thumb Code    96  main.o(.text.MX_I2C1_Init)
    [Anonymous Symbol]                       0x080038e8   Section        0  main.o(.text.MX_I2C1_Init)
    __arm_cp.10_0                            0x08003948   Number         4  main.o(.text.MX_I2C1_Init)
    __arm_cp.10_1                            0x0800394c   Number         4  main.o(.text.MX_I2C1_Init)
    __arm_cp.10_2                            0x08003950   Number         4  main.o(.text.MX_I2C1_Init)
    MX_TIM6_Init                             0x08003955   Thumb Code    80  main.o(.text.MX_TIM6_Init)
    [Anonymous Symbol]                       0x08003954   Section        0  main.o(.text.MX_TIM6_Init)
    __arm_cp.12_0                            0x080039a4   Number         4  main.o(.text.MX_TIM6_Init)
    __arm_cp.12_1                            0x080039a8   Number         4  main.o(.text.MX_TIM6_Init)
    __arm_cp.12_2                            0x080039ac   Number         4  main.o(.text.MX_TIM6_Init)
    MX_USART4_UART_Init                      0x080039b1   Thumb Code    60  main.o(.text.MX_USART4_UART_Init)
    [Anonymous Symbol]                       0x080039b0   Section        0  main.o(.text.MX_USART4_UART_Init)
    __arm_cp.11_0                            0x080039ec   Number         4  main.o(.text.MX_USART4_UART_Init)
    __arm_cp.11_1                            0x080039f0   Number         4  main.o(.text.MX_USART4_UART_Init)
    [Anonymous Symbol]                       0x080039f4   Section        0  stm32l0xx_it.o(.text.NMI_Handler)
    [Anonymous Symbol]                       0x080039f8   Section        0  stm32l0xx_it.o(.text.PendSV_Handler)
    [Anonymous Symbol]                       0x080039fc   Section        0  main.o(.text.ProcessData)
    __arm_cp.6_0                             0x08003af8   Number         4  main.o(.text.ProcessData)
    __arm_cp.6_1                             0x08003afc   Number         4  main.o(.text.ProcessData)
    __arm_cp.6_2                             0x08003b00   Number         4  main.o(.text.ProcessData)
    __arm_cp.6_3                             0x08003b04   Number         4  main.o(.text.ProcessData)
    __arm_cp.6_4                             0x08003b08   Number         4  main.o(.text.ProcessData)
    __arm_cp.6_5                             0x08003b0c   Number         4  main.o(.text.ProcessData)
    __arm_cp.6_6                             0x08003b10   Number         4  main.o(.text.ProcessData)
    [Anonymous Symbol]                       0x08003b14   Section        0  main.o(.text.ReadI2CSensor)
    __arm_cp.4_0                             0x08003bb0   Number         4  main.o(.text.ReadI2CSensor)
    __arm_cp.4_1                             0x08003bb4   Number         4  main.o(.text.ReadI2CSensor)
    __arm_cp.4_2                             0x08003bb8   Number         4  main.o(.text.ReadI2CSensor)
    __arm_cp.4_3                             0x08003bbc   Number         4  main.o(.text.ReadI2CSensor)
    __arm_cp.4_4                             0x08003bc0   Number         4  main.o(.text.ReadI2CSensor)
    __arm_cp.4_5                             0x08003bc4   Number         4  main.o(.text.ReadI2CSensor)
    __arm_cp.4_6                             0x08003bc8   Number         4  main.o(.text.ReadI2CSensor)
    __arm_cp.4_7                             0x08003bcc   Number         4  main.o(.text.ReadI2CSensor)
    __arm_cp.4_8                             0x08003bd0   Number         4  main.o(.text.ReadI2CSensor)
    __arm_cp.4_9                             0x08003bd4   Number         4  main.o(.text.ReadI2CSensor)
    [Anonymous Symbol]                       0x08003bd8   Section        0  stm32l0xx_it.o(.text.SVC_Handler)
    SysTick_Config                           0x08003bdd   Thumb Code    68  stm32l0xx_hal_cortex.o(.text.SysTick_Config)
    [Anonymous Symbol]                       0x08003bdc   Section        0  stm32l0xx_hal_cortex.o(.text.SysTick_Config)
    __arm_cp.9_0                             0x08003c20   Number         4  stm32l0xx_hal_cortex.o(.text.SysTick_Config)
    __arm_cp.9_1                             0x08003c24   Number         4  stm32l0xx_hal_cortex.o(.text.SysTick_Config)
    __arm_cp.9_2                             0x08003c28   Number         4  stm32l0xx_hal_cortex.o(.text.SysTick_Config)
    [Anonymous Symbol]                       0x08003c2c   Section        0  stm32l0xx_it.o(.text.SysTick_Handler)
    __arm_cp.4_0                             0x08003c3c   Number         4  stm32l0xx_it.o(.text.SysTick_Handler)
    [Anonymous Symbol]                       0x08003c40   Section        0  main.o(.text.SystemClock_Config)
    __arm_cp.8_0                             0x08003ce0   Number         4  main.o(.text.SystemClock_Config)
    [Anonymous Symbol]                       0x08003ce4   Section        0  system_stm32l0xx.o(.text.SystemInit)
    TIM_Base_SetConfig                       0x08003ce9   Thumb Code   184  stm32l0xx_hal_tim.o(.text.TIM_Base_SetConfig)
    [Anonymous Symbol]                       0x08003ce8   Section        0  stm32l0xx_hal_tim.o(.text.TIM_Base_SetConfig)
    __arm_cp.2_0                             0x08003da0   Number         4  stm32l0xx_hal_tim.o(.text.TIM_Base_SetConfig)
    __arm_cp.2_1                             0x08003da4   Number         4  stm32l0xx_hal_tim.o(.text.TIM_Base_SetConfig)
    __arm_cp.2_2                             0x08003da8   Number         4  stm32l0xx_hal_tim.o(.text.TIM_Base_SetConfig)
    [Anonymous Symbol]                       0x08003dac   Section        0  stm32l0xx_hal_uart.o(.text.UART_AdvFeatureConfig)
    [Anonymous Symbol]                       0x08003f08   Section        0  stm32l0xx_hal_uart.o(.text.UART_CheckIdleState)
    __arm_cp.4_0                             0x08004060   Number         4  stm32l0xx_hal_uart.o(.text.UART_CheckIdleState)
    UART_EndRxTransfer                       0x08004065   Thumb Code   176  stm32l0xx_hal_uart.o(.text.UART_EndRxTransfer)
    [Anonymous Symbol]                       0x08004064   Section        0  stm32l0xx_hal_uart.o(.text.UART_EndRxTransfer)
    [Anonymous Symbol]                       0x08004114   Section        0  stm32l0xx_hal_uart.o(.text.UART_SetConfig)
    __arm_cp.2_16                            0x08004528   Number         4  stm32l0xx_hal_uart.o(.text.UART_SetConfig)
    __arm_cp.2_17                            0x08004560   Number         4  stm32l0xx_hal_uart.o(.text.UART_SetConfig)
    __arm_cp.2_0                             0x080045f8   Number         4  stm32l0xx_hal_uart.o(.text.UART_SetConfig)
    __arm_cp.2_3                             0x080045fc   Number         4  stm32l0xx_hal_uart.o(.text.UART_SetConfig)
    __arm_cp.2_4                             0x08004600   Number         4  stm32l0xx_hal_uart.o(.text.UART_SetConfig)
    __arm_cp.2_5                             0x08004604   Number         4  stm32l0xx_hal_uart.o(.text.UART_SetConfig)
    __arm_cp.2_6                             0x08004608   Number         4  stm32l0xx_hal_uart.o(.text.UART_SetConfig)
    __arm_cp.2_7                             0x0800460c   Number         4  stm32l0xx_hal_uart.o(.text.UART_SetConfig)
    __arm_cp.2_8                             0x08004610   Number         4  stm32l0xx_hal_uart.o(.text.UART_SetConfig)
    __arm_cp.2_9                             0x08004614   Number         4  stm32l0xx_hal_uart.o(.text.UART_SetConfig)
    [Anonymous Symbol]                       0x08004618   Section        0  stm32l0xx_hal_uart.o(.text.UART_WaitOnFlagUntilTimeout)
    __NVIC_SetPriority                       0x08004711   Thumb Code   124  stm32l0xx_hal_cortex.o(.text.__NVIC_SetPriority)
    [Anonymous Symbol]                       0x08004710   Section        0  stm32l0xx_hal_cortex.o(.text.__NVIC_SetPriority)
    __arm_cp.1_0                             0x0800478c   Number         4  stm32l0xx_hal_cortex.o(.text.__NVIC_SetPriority)
    __arm_cp.1_1                             0x08004790   Number         4  stm32l0xx_hal_cortex.o(.text.__NVIC_SetPriority)
    [Anonymous Symbol]                       0x08004794   Section        0  main.o(.text.adxl_init)
    [Anonymous Symbol]                       0x080047c0   Section        0  main.o(.text.adxl_read_address)
    __arm_cp.2_0                             0x080047e4   Number         4  main.o(.text.adxl_read_address)
    [Anonymous Symbol]                       0x080047e8   Section        0  main.o(.text.adxl_read_values)
    __arm_cp.1_0                             0x08004810   Number         4  main.o(.text.adxl_read_values)
    [Anonymous Symbol]                       0x08004814   Section        0  main.o(.text.adxl_write)
    __arm_cp.0_0                             0x0800483c   Number         4  main.o(.text.adxl_write)
    [Anonymous Symbol]                       0x08004840   Section        0  main.o(.text.main)
    __arm_cp.7_0                             0x080048ac   Number         4  main.o(.text.main)
    __arm_cp.7_1                             0x080048b0   Number         4  main.o(.text.main)
    __arm_cp.7_2                             0x080048b4   Number         4  main.o(.text.main)
    [Anonymous Symbol]                       0x080048b8   Section        0  main.o(.text.saveI2CSample)
    __arm_cp.5_0                             0x080048e8   Number         4  main.o(.text.saveI2CSample)
    __arm_cp.5_1                             0x080048ec   Number         4  main.o(.text.saveI2CSample)
    __arm_cp.5_2                             0x080048f0   Number         4  main.o(.text.saveI2CSample)
    __arm_cp.5_3                             0x080048f4   Number         4  main.o(.text.saveI2CSample)
    __arm_cp.5_4                             0x080048f8   Number         4  main.o(.text.saveI2CSample)
    __arm_cp.5_5                             0x080048fc   Number         4  main.o(.text.saveI2CSample)
    __arm_cp.5_6                             0x08004900   Number         4  main.o(.text.saveI2CSample)
    i.__ARM_fpclassify                       0x08004904   Section        0  fpclassify.o(i.__ARM_fpclassify)
    i.__kernel_poly                          0x08004930   Section        0  poly.o(i.__kernel_poly)
    i.__mathlib_dbl_divzero                  0x080049dc   Section        0  dunder.o(i.__mathlib_dbl_divzero)
    i.__mathlib_dbl_infnan2                  0x080049f0   Section        0  dunder.o(i.__mathlib_dbl_infnan2)
    i.__mathlib_dbl_invalid                  0x080049f8   Section        0  dunder.o(i.__mathlib_dbl_invalid)
    i.__mathlib_dbl_overflow                 0x08004a08   Section        0  dunder.o(i.__mathlib_dbl_overflow)
    i.__mathlib_dbl_underflow                0x08004a1c   Section        0  dunder.o(i.__mathlib_dbl_underflow)
    i.pow                                    0x08004a30   Section        0  pow.o(i.pow)
    i.sqrt                                   0x08005404   Section        0  sqrt.o(i.sqrt)
    x$fpl$drleqf                             0x0800544c   Section      104  drlef.o(x$fpl$drleqf)
    fdiv_tab                                 0x080054b4   Data          64  fdiv.o(.constdata)
    .constdata                               0x080054b4   Section       64  fdiv.o(.constdata)
    x$fpl$usenofp                            0x080054b4   Section        0  usenofp.o(x$fpl$usenofp)
    bp                                       0x080054f8   Data          16  pow.o(.constdata)
    .constdata                               0x080054f8   Section      136  pow.o(.constdata)
    dp_h                                     0x08005508   Data          16  pow.o(.constdata)
    dp_l                                     0x08005518   Data          16  pow.o(.constdata)
    L                                        0x08005528   Data          48  pow.o(.constdata)
    P                                        0x08005558   Data          40  pow.o(.constdata)
    ddiv_reciptbl                            0x08005580   Data         128  ddiv.o(.constdata)
    .constdata                               0x08005580   Section      128  ddiv.o(.constdata)
    .constdata                               0x08005600   Section        8  qnan.o(.constdata)
    .bss                                     0x20000010   Section       96  libspace.o(.bss)
    Heap_Mem                                 0x20000240   Data         512  startup_stm32l073xx.o(HEAP)
    HEAP                                     0x20000240   Section      512  startup_stm32l073xx.o(HEAP)
    Stack_Mem                                0x20000440   Data        1024  startup_stm32l073xx.o(STACK)
    STACK                                    0x20000440   Section     1024  startup_stm32l073xx.o(STACK)
    __initial_sp                             0x20000840   Data           0  startup_stm32l073xx.o(STACK)

    Global Symbols

    Symbol Name                              Value     Ov Type        Size  Object(Section)

    BuildAttributes$$THM_ISAv3M$S$PE$A:L22$X:L11$S22$IEEE1$IW$~IW$USESV6$~STKCKD$USESV7$~SHL$OTIME$ROPI$IEEEX$EBA8$UX$STANDARDLIB$REQ8$PRES8$EABIv2 0x00000000   Number         0  anon$$obj.o ABSOLUTE
    __ARM_exceptions_init                     - Undefined Weak Reference
    __alloca_initialize                       - Undefined Weak Reference
    __arm_preinit_                            - Undefined Weak Reference
    __arm_relocate_pie_                       - Undefined Weak Reference
    __cpp_initialize__aeabi_                  - Undefined Weak Reference
    __cxa_finalize                            - Undefined Weak Reference
    __rt_locale                               - Undefined Weak Reference
    __sigvec_lookup                           - Undefined Weak Reference
    _atexit_init                              - Undefined Weak Reference
    _call_atexit_fns                          - Undefined Weak Reference
    _clock_init                               - Undefined Weak Reference
    _fp_trap_init                             - Undefined Weak Reference
    _fp_trap_shutdown                         - Undefined Weak Reference
    _get_lc_collate                           - Undefined Weak Reference
    _get_lc_ctype                             - Undefined Weak Reference
    _get_lc_monetary                          - Undefined Weak Reference
    _get_lc_numeric                           - Undefined Weak Reference
    _get_lc_time                              - Undefined Weak Reference
    _getenv_init                              - Undefined Weak Reference
    _handle_redirection                       - Undefined Weak Reference
    _init_alloc                               - Undefined Weak Reference
    _init_user_alloc                          - Undefined Weak Reference
    _initio                                   - Undefined Weak Reference
    _rand_init                                - Undefined Weak Reference
    _signal_finish                            - Undefined Weak Reference
    _signal_init                              - Undefined Weak Reference
    _terminate_alloc                          - Undefined Weak Reference
    _terminate_user_alloc                     - Undefined Weak Reference
    _terminateio                              - Undefined Weak Reference
    __Vectors_Size                           0x000000c0   Number         0  startup_stm32l073xx.o ABSOLUTE
    __Vectors                                0x08000000   Data           4  startup_stm32l073xx.o(RESET)
    __Vectors_End                            0x080000c0   Data           0  startup_stm32l073xx.o(RESET)
    __main                                   0x080000c1   Thumb Code     8  __main.o(!!!main)
    __scatterload                            0x080000c9   Thumb Code     0  __scatter.o(!!!scatter)
    __scatterload_rt2                        0x080000c9   Thumb Code    52  __scatter.o(!!!scatter)
    __scatterload_rt2_thumb_only             0x080000c9   Thumb Code     0  __scatter.o(!!!scatter)
    __scatterload_null                       0x080000d9   Thumb Code     0  __scatter.o(!!!scatter)
    __scatterload_copy                       0x08000105   Thumb Code    26  __scatter_copy.o(!!handler_copy)
    __scatterload_zeroinit                   0x08000121   Thumb Code    28  __scatter_zi.o(!!handler_zi)
    __rt_lib_init                            0x0800013d   Thumb Code     0  libinit.o(.ARM.Collect$$libinit$$00000000)
    __rt_lib_init_alloca_1                   0x0800013f   Thumb Code     0  libinit2.o(.ARM.Collect$$libinit$$00000030)
    __rt_lib_init_argv_1                     0x0800013f   Thumb Code     0  libinit2.o(.ARM.Collect$$libinit$$0000002E)
    __rt_lib_init_atexit_1                   0x0800013f   Thumb Code     0  libinit2.o(.ARM.Collect$$libinit$$0000001D)
    __rt_lib_init_clock_1                    0x0800013f   Thumb Code     0  libinit2.o(.ARM.Collect$$libinit$$00000023)
    __rt_lib_init_cpp_1                      0x0800013f   Thumb Code     0  libinit2.o(.ARM.Collect$$libinit$$00000034)
    __rt_lib_init_exceptions_1               0x0800013f   Thumb Code     0  libinit2.o(.ARM.Collect$$libinit$$00000032)
    __rt_lib_init_fp_1                       0x0800013f   Thumb Code     0  libinit2.o(.ARM.Collect$$libinit$$00000002)
    __rt_lib_init_fp_trap_1                  0x0800013f   Thumb Code     0  libinit2.o(.ARM.Collect$$libinit$$00000021)
    __rt_lib_init_getenv_1                   0x0800013f   Thumb Code     0  libinit2.o(.ARM.Collect$$libinit$$00000025)
    __rt_lib_init_heap_1                     0x0800013f   Thumb Code     0  libinit2.o(.ARM.Collect$$libinit$$0000000C)
    __rt_lib_init_lc_collate_1               0x0800013f   Thumb Code     0  libinit2.o(.ARM.Collect$$libinit$$00000013)
    __rt_lib_init_lc_ctype_1                 0x0800013f   Thumb Code     0  libinit2.o(.ARM.Collect$$libinit$$00000015)
    __rt_lib_init_lc_monetary_1              0x0800013f   Thumb Code     0  libinit2.o(.ARM.Collect$$libinit$$00000017)
    __rt_lib_init_lc_numeric_1               0x0800013f   Thumb Code     0  libinit2.o(.ARM.Collect$$libinit$$00000019)
    __rt_lib_init_lc_time_1                  0x0800013f   Thumb Code     0  libinit2.o(.ARM.Collect$$libinit$$0000001B)
    __rt_lib_init_preinit_1                  0x0800013f   Thumb Code     0  libinit2.o(.ARM.Collect$$libinit$$00000006)
    __rt_lib_init_rand_1                     0x0800013f   Thumb Code     0  libinit2.o(.ARM.Collect$$libinit$$00000010)
    __rt_lib_init_relocate_pie_1             0x0800013f   Thumb Code     0  libinit2.o(.ARM.Collect$$libinit$$00000004)
    __rt_lib_init_return                     0x0800013f   Thumb Code     0  libinit2.o(.ARM.Collect$$libinit$$00000035)
    __rt_lib_init_signal_1                   0x0800013f   Thumb Code     0  libinit2.o(.ARM.Collect$$libinit$$0000001F)
    __rt_lib_init_stdio_1                    0x0800013f   Thumb Code     0  libinit2.o(.ARM.Collect$$libinit$$00000027)
    __rt_lib_init_user_alloc_1               0x0800013f   Thumb Code     0  libinit2.o(.ARM.Collect$$libinit$$0000000E)
    __rt_lib_shutdown                        0x08000141   Thumb Code     0  libshutdown.o(.ARM.Collect$$libshutdown$$00000000)
    __rt_lib_shutdown_cpp_1                  0x08000143   Thumb Code     0  libshutdown2.o(.ARM.Collect$$libshutdown$$00000002)
    __rt_lib_shutdown_fp_trap_1              0x08000143   Thumb Code     0  libshutdown2.o(.ARM.Collect$$libshutdown$$00000007)
    __rt_lib_shutdown_heap_1                 0x08000143   Thumb Code     0  libshutdown2.o(.ARM.Collect$$libshutdown$$0000000F)
    __rt_lib_shutdown_return                 0x08000143   Thumb Code     0  libshutdown2.o(.ARM.Collect$$libshutdown$$00000010)
    __rt_lib_shutdown_signal_1               0x08000143   Thumb Code     0  libshutdown2.o(.ARM.Collect$$libshutdown$$0000000A)
    __rt_lib_shutdown_stdio_1                0x08000143   Thumb Code     0  libshutdown2.o(.ARM.Collect$$libshutdown$$00000004)
    __rt_lib_shutdown_user_alloc_1           0x08000143   Thumb Code     0  libshutdown2.o(.ARM.Collect$$libshutdown$$0000000C)
    __rt_entry                               0x08000145   Thumb Code     0  __rtentry.o(.ARM.Collect$$rtentry$$00000000)
    __rt_entry_presh_1                       0x08000145   Thumb Code     0  __rtentry2.o(.ARM.Collect$$rtentry$$00000002)
    __rt_entry_sh                            0x08000145   Thumb Code     0  __rtentry4.o(.ARM.Collect$$rtentry$$00000004)
    __rt_entry_li                            0x0800014b   Thumb Code     0  __rtentry2.o(.ARM.Collect$$rtentry$$0000000A)
    __rt_entry_postsh_1                      0x0800014b   Thumb Code     0  __rtentry2.o(.ARM.Collect$$rtentry$$00000009)
    __rt_entry_main                          0x0800014f   Thumb Code     0  __rtentry2.o(.ARM.Collect$$rtentry$$0000000D)
    __rt_entry_postli_1                      0x0800014f   Thumb Code     0  __rtentry2.o(.ARM.Collect$$rtentry$$0000000C)
    __rt_exit                                0x08000157   Thumb Code     0  rtexit.o(.ARM.Collect$$rtexit$$00000000)
    __rt_exit_ls                             0x08000159   Thumb Code     0  rtexit2.o(.ARM.Collect$$rtexit$$00000003)
    __rt_exit_prels_1                        0x08000159   Thumb Code     0  rtexit2.o(.ARM.Collect$$rtexit$$00000002)
    __rt_exit_exit                           0x0800015d   Thumb Code     0  rtexit2.o(.ARM.Collect$$rtexit$$00000004)
    Reset_Handler                            0x08000165   Thumb Code     8  startup_stm32l073xx.o(.text)
    ADC1_COMP_IRQHandler                     0x08000177   Thumb Code     0  startup_stm32l073xx.o(.text)
    DMA1_Channel1_IRQHandler                 0x08000177   Thumb Code     0  startup_stm32l073xx.o(.text)
    DMA1_Channel2_3_IRQHandler               0x08000177   Thumb Code     0  startup_stm32l073xx.o(.text)
    DMA1_Channel4_5_6_7_IRQHandler           0x08000177   Thumb Code     0  startup_stm32l073xx.o(.text)
    EXTI0_1_IRQHandler                       0x08000177   Thumb Code     0  startup_stm32l073xx.o(.text)
    EXTI2_3_IRQHandler                       0x08000177   Thumb Code     0  startup_stm32l073xx.o(.text)
    EXTI4_15_IRQHandler                      0x08000177   Thumb Code     0  startup_stm32l073xx.o(.text)
    FLASH_IRQHandler                         0x08000177   Thumb Code     0  startup_stm32l073xx.o(.text)
    I2C1_IRQHandler                          0x08000177   Thumb Code     0  startup_stm32l073xx.o(.text)
    I2C2_IRQHandler                          0x08000177   Thumb Code     0  startup_stm32l073xx.o(.text)
    I2C3_IRQHandler                          0x08000177   Thumb Code     0  startup_stm32l073xx.o(.text)
    LCD_IRQHandler                           0x08000177   Thumb Code     0  startup_stm32l073xx.o(.text)
    LPTIM1_IRQHandler                        0x08000177   Thumb Code     0  startup_stm32l073xx.o(.text)
    PVD_IRQHandler                           0x08000177   Thumb Code     0  startup_stm32l073xx.o(.text)
    RCC_CRS_IRQHandler                       0x08000177   Thumb Code     0  startup_stm32l073xx.o(.text)
    RNG_LPUART1_IRQHandler                   0x08000177   Thumb Code     0  startup_stm32l073xx.o(.text)
    RTC_IRQHandler                           0x08000177   Thumb Code     0  startup_stm32l073xx.o(.text)
    SPI1_IRQHandler                          0x08000177   Thumb Code     0  startup_stm32l073xx.o(.text)
    SPI2_IRQHandler                          0x08000177   Thumb Code     0  startup_stm32l073xx.o(.text)
    TIM21_IRQHandler                         0x08000177   Thumb Code     0  startup_stm32l073xx.o(.text)
    TIM22_IRQHandler                         0x08000177   Thumb Code     0  startup_stm32l073xx.o(.text)
    TIM2_IRQHandler                          0x08000177   Thumb Code     0  startup_stm32l073xx.o(.text)
    TIM3_IRQHandler                          0x08000177   Thumb Code     0  startup_stm32l073xx.o(.text)
    TIM6_DAC_IRQHandler                      0x08000177   Thumb Code     0  startup_stm32l073xx.o(.text)
    TIM7_IRQHandler                          0x08000177   Thumb Code     0  startup_stm32l073xx.o(.text)
    TSC_IRQHandler                           0x08000177   Thumb Code     0  startup_stm32l073xx.o(.text)
    USART1_IRQHandler                        0x08000177   Thumb Code     0  startup_stm32l073xx.o(.text)
    USART2_IRQHandler                        0x08000177   Thumb Code     0  startup_stm32l073xx.o(.text)
    USART4_5_IRQHandler                      0x08000177   Thumb Code     0  startup_stm32l073xx.o(.text)
    USB_IRQHandler                           0x08000177   Thumb Code     0  startup_stm32l073xx.o(.text)
    WWDG_IRQHandler                          0x08000177   Thumb Code     0  startup_stm32l073xx.o(.text)
    __user_initial_stackheap                 0x08000179   Thumb Code     0  startup_stm32l073xx.o(.text)
    __aeabi_lmul                             0x0800019d   Thumb Code    48  llmul.o(.text)
    _ll_mul                                  0x0800019d   Thumb Code     0  llmul.o(.text)
    __aeabi_uldivmod                         0x080001cd   Thumb Code   272  lludiv.o(.text)
    _ll_udiv                                 0x080001cd   Thumb Code     0  lludiv.o(.text)
    _memset_w                                0x080002dd   Thumb Code    26  rt_memclr.o(.text)
    _memset                                  0x080002f7   Thumb Code    30  rt_memclr.o(.text)
    __aeabi_memclr                           0x08000315   Thumb Code     4  rt_memclr.o(.text)
    __rt_memclr                              0x08000315   Thumb Code     0  rt_memclr.o(.text)
    __aeabi_memclr4                          0x08000319   Thumb Code     0  rt_memclr.o(.text)
    __aeabi_memclr8                          0x08000319   Thumb Code     0  rt_memclr.o(.text)
    __rt_memclr_w                            0x08000319   Thumb Code     4  rt_memclr.o(.text)
    __aeabi_uidiv                            0x0800031d   Thumb Code     0  aeabi_sdiv.o(.text)
    __aeabi_uidivmod                         0x0800031d   Thumb Code    20  aeabi_sdiv.o(.text)
    __aeabi_idiv                             0x08000331   Thumb Code     0  aeabi_sdiv.o(.text)
    __aeabi_idivmod                          0x08000331   Thumb Code   338  aeabi_sdiv.o(.text)
    __use_two_region_memory                  0x08000489   Thumb Code     2  heapauxi.o(.text)
    __rt_heap_escrow$2region                 0x0800048b   Thumb Code     2  heapauxi.o(.text)
    __rt_heap_expand$2region                 0x0800048d   Thumb Code     2  heapauxi.o(.text)
    __aeabi_d2f                              0x08000491   Thumb Code     0  d2f.o(.text)
    _d2f                                     0x08000491   Thumb Code   120  d2f.o(.text)
    __aeabi_dadd                             0x08000805   Thumb Code     0  daddsub.o(.text)
    _dadd                                    0x08000805   Thumb Code    26  daddsub.o(.text)
    __aeabi_dsub                             0x0800081f   Thumb Code     0  daddsub.o(.text)
    _dsub                                    0x0800081f   Thumb Code    22  daddsub.o(.text)
    __aeabi_drsub                            0x08000835   Thumb Code     0  daddsub.o(.text)
    _drsb                                    0x08000835   Thumb Code    28  daddsub.o(.text)
    __aeabi_i2d_normalise                    0x08000865   Thumb Code    66  dflti.o(.text)
    __aeabi_i2d                              0x080008a7   Thumb Code    16  dflti.o(.text)
    _dflt                                    0x080008a7   Thumb Code     0  dflti.o(.text)
    __aeabi_ui2d                             0x080008b7   Thumb Code     6  dflti.o(.text)
    _dfltu                                   0x080008b7   Thumb Code     0  dflti.o(.text)
    __aeabi_dmul                             0x080008bd   Thumb Code     0  dmul.o(.text)
    _dmul                                    0x080008bd   Thumb Code   558  dmul.o(.text)
    __aeabi_f2d                              0x08000b05   Thumb Code     0  f2d.o(.text)
    _f2d                                     0x08000b05   Thumb Code    80  f2d.o(.text)
    __aeabi_fdiv                             0x08000b59   Thumb Code     0  fdiv.o(.text)
    _fdiv                                    0x08000b59   Thumb Code   334  fdiv.o(.text)
    _frdiv                                   0x08000ca7   Thumb Code     8  fdiv.o(.text)
    __read_errno                             0x08000cb9   Thumb Code    10  _rserrno.o(.text)
    __set_errno                              0x08000cc3   Thumb Code    12  _rserrno.o(.text)
    __aeabi_ddiv                             0x08000cd1   Thumb Code     0  ddiv.o(.text)
    _ddiv                                    0x08000cd1   Thumb Code  1072  ddiv.o(.text)
    _drdiv                                   0x08001101   Thumb Code    20  ddiv.o(.text)
    __ARM_scalbn                             0x08001119   Thumb Code    84  dscalbn.o(.text)
    _dsqrt                                   0x08001179   Thumb Code   248  dsqrt.o(.text)
    __aeabi_errno_addr                       0x08001279   Thumb Code     8  rt_errno_addr_intlibspace.o(.text)
    __errno$intlibspace                      0x08001279   Thumb Code     0  rt_errno_addr_intlibspace.o(.text)
    __rt_errno_addr$intlibspace              0x08001279   Thumb Code     0  rt_errno_addr_intlibspace.o(.text)
    __fpl_dcmp_InfNaN                        0x08001281   Thumb Code   154  dcmpin.o(.text)
    __user_libspace                          0x08001321   Thumb Code     8  libspace.o(.text)
    __user_perproc_libspace                  0x08001321   Thumb Code     0  libspace.o(.text)
    __user_perthread_libspace                0x08001321   Thumb Code     0  libspace.o(.text)
    __user_setup_stackheap                   0x08001329   Thumb Code    62  sys_stackheap_outer.o(.text)
    exit                                     0x08001367   Thumb Code    16  exit.o(.text)
    __fpl_cmpreturn                          0x08001377   Thumb Code    46  cmpret.o(.text)
    __fpl_dcheck_NaN2                        0x080013a5   Thumb Code    14  dnan2.o(.text)
    __fpl_return_NaN                         0x080013b9   Thumb Code    94  retnan.o(.text)
    _sys_exit                                0x08001419   Thumb Code     8  sys_exit.o(.text)
    __I$use$semihosting                      0x08001425   Thumb Code     0  use_no_semi.o(.text)
    __use_no_semihosting_swi                 0x08001425   Thumb Code     2  use_no_semi.o(.text)
    Error_Handler                            0x08001427   Thumb Code    14  main.o(.text.Error_Handler)
    __semihosting_library_function           0x08001427   Thumb Code     0  indicate_semi.o(.text)
    HAL_GPIO_Init                            0x08001435   Thumb Code   744  stm32l0xx_hal_gpio.o(.text.HAL_GPIO_Init)
    HAL_GetTick                              0x08001749   Thumb Code     8  stm32l0xx_hal.o(.text.HAL_GetTick)
    HAL_I2CEx_ConfigAnalogFilter             0x08001755   Thumb Code   150  stm32l0xx_hal_i2c_ex.o(.text.HAL_I2CEx_ConfigAnalogFilter)
    HAL_I2CEx_ConfigDigitalFilter            0x080017eb   Thumb Code   160  stm32l0xx_hal_i2c_ex.o(.text.HAL_I2CEx_ConfigDigitalFilter)
    HAL_I2C_Init                             0x0800188d   Thumb Code   264  stm32l0xx_hal_i2c.o(.text.HAL_I2C_Init)
    HAL_I2C_Master_Transmit                  0x08001999   Thumb Code   504  stm32l0xx_hal_i2c.o(.text.HAL_I2C_Master_Transmit)
    HAL_I2C_Mem_Read                         0x08001b95   Thumb Code   608  stm32l0xx_hal_i2c.o(.text.HAL_I2C_Mem_Read)
    HAL_I2C_MspInit                          0x08001dfd   Thumb Code   100  stm32l0xx_hal_msp.o(.text.HAL_I2C_MspInit)
    HAL_IncTick                              0x08001e6d   Thumb Code    16  stm32l0xx_hal.o(.text.HAL_IncTick)
    HAL_Init                                 0x08001e81   Thumb Code    56  stm32l0xx_hal.o(.text.HAL_Init)
    HAL_InitTick                             0x08001ebd   Thumb Code   100  stm32l0xx_hal.o(.text.HAL_InitTick)
    HAL_MspInit                              0x08001f2d   Thumb Code    24  stm32l0xx_hal_msp.o(.text.HAL_MspInit)
    HAL_NVIC_SetPriority                     0x08001f4d   Thumb Code    28  stm32l0xx_hal_cortex.o(.text.HAL_NVIC_SetPriority)
    HAL_RCCEx_PeriphCLKConfig                0x08001f69   Thumb Code   852  stm32l0xx_hal_rcc_ex.o(.text.HAL_RCCEx_PeriphCLKConfig)
    HAL_RCC_ClockConfig                      0x080022d5   Thumb Code   744  stm32l0xx_hal_rcc.o(.text.HAL_RCC_ClockConfig)
    HAL_RCC_GetHCLKFreq                      0x080025cd   Thumb Code     8  stm32l0xx_hal_rcc.o(.text.HAL_RCC_GetHCLKFreq)
    HAL_RCC_GetPCLK1Freq                     0x080025d9   Thumb Code    28  stm32l0xx_hal_rcc.o(.text.HAL_RCC_GetPCLK1Freq)
    HAL_RCC_GetPCLK2Freq                     0x080025f5   Thumb Code    28  stm32l0xx_hal_rcc.o(.text.HAL_RCC_GetPCLK2Freq)
    HAL_RCC_GetSysClockFreq                  0x08002619   Thumb Code   288  stm32l0xx_hal_rcc.o(.text.HAL_RCC_GetSysClockFreq)
    HAL_RCC_OscConfig                        0x08002755   Thumb Code  2124  stm32l0xx_hal_rcc.o(.text.HAL_RCC_OscConfig)
    HAL_SYSTICK_Config                       0x08002fc5   Thumb Code    16  stm32l0xx_hal_cortex.o(.text.HAL_SYSTICK_Config)
    HAL_TIMEx_MasterConfigSynchronization    0x08002fd5   Thumb Code   204  stm32l0xx_hal_tim_ex.o(.text.HAL_TIMEx_MasterConfigSynchronization)
    HAL_TIM_Base_Init                        0x080030a1   Thumb Code   128  stm32l0xx_hal_tim.o(.text.HAL_TIM_Base_Init)
    HAL_TIM_Base_MspInit                     0x08003121   Thumb Code    32  stm32l0xx_hal_msp.o(.text.HAL_TIM_Base_MspInit)
    HAL_TIM_Base_Start_IT                    0x08003149   Thumb Code   160  stm32l0xx_hal_tim.o(.text.HAL_TIM_Base_Start_IT)
    HAL_UART_Init                            0x080031f5   Thumb Code   176  stm32l0xx_hal_uart.o(.text.HAL_UART_Init)
    HAL_UART_MspInit                         0x080032a5   Thumb Code   100  stm32l0xx_hal_msp.o(.text.HAL_UART_MspInit)
    HardFault_Handler                        0x08003315   Thumb Code     4  stm32l0xx_it.o(.text.HardFault_Handler)
    NMI_Handler                              0x080039f5   Thumb Code     4  stm32l0xx_it.o(.text.NMI_Handler)
    PendSV_Handler                           0x080039f9   Thumb Code     2  stm32l0xx_it.o(.text.PendSV_Handler)
    ProcessData                              0x080039fd   Thumb Code   252  main.o(.text.ProcessData)
    ReadI2CSensor                            0x08003b15   Thumb Code   156  main.o(.text.ReadI2CSensor)
    SVC_Handler                              0x08003bd9   Thumb Code     2  stm32l0xx_it.o(.text.SVC_Handler)
    SysTick_Handler                          0x08003c2d   Thumb Code    16  stm32l0xx_it.o(.text.SysTick_Handler)
    SystemClock_Config                       0x08003c41   Thumb Code   160  main.o(.text.SystemClock_Config)
    SystemInit                               0x08003ce5   Thumb Code     2  system_stm32l0xx.o(.text.SystemInit)
    UART_AdvFeatureConfig                    0x08003dad   Thumb Code   346  stm32l0xx_hal_uart.o(.text.UART_AdvFeatureConfig)
    UART_CheckIdleState                      0x08003f09   Thumb Code   344  stm32l0xx_hal_uart.o(.text.UART_CheckIdleState)
    UART_SetConfig                           0x08004115   Thumb Code  1252  stm32l0xx_hal_uart.o(.text.UART_SetConfig)
    UART_WaitOnFlagUntilTimeout              0x08004619   Thumb Code   248  stm32l0xx_hal_uart.o(.text.UART_WaitOnFlagUntilTimeout)
    adxl_init                                0x08004795   Thumb Code    42  main.o(.text.adxl_init)
    adxl_read_address                        0x080047c1   Thumb Code    36  main.o(.text.adxl_read_address)
    adxl_read_values                         0x080047e9   Thumb Code    40  main.o(.text.adxl_read_values)
    adxl_write                               0x08004815   Thumb Code    40  main.o(.text.adxl_write)
    main                                     0x08004841   Thumb Code   108  main.o(.text.main)
    saveI2CSample                            0x080048b9   Thumb Code    48  main.o(.text.saveI2CSample)
    __ARM_fpclassify                         0x08004905   Thumb Code    40  fpclassify.o(i.__ARM_fpclassify)
    __kernel_poly                            0x08004931   Thumb Code   172  poly.o(i.__kernel_poly)
    __mathlib_dbl_divzero                    0x080049dd   Thumb Code    16  dunder.o(i.__mathlib_dbl_divzero)
    __mathlib_dbl_infnan2                    0x080049f1   Thumb Code     8  dunder.o(i.__mathlib_dbl_infnan2)
    __mathlib_dbl_invalid                    0x080049f9   Thumb Code    16  dunder.o(i.__mathlib_dbl_invalid)
    __mathlib_dbl_overflow                   0x08004a09   Thumb Code    16  dunder.o(i.__mathlib_dbl_overflow)
    __mathlib_dbl_underflow                  0x08004a1d   Thumb Code    14  dunder.o(i.__mathlib_dbl_underflow)
    pow                                      0x08004a31   Thumb Code  2506  pow.o(i.pow)
    sqrt                                     0x08005405   Thumb Code    66  sqrt.o(i.sqrt)
    __aeabi_cdrcmple                         0x0800544d   Thumb Code     0  drlef.o(x$fpl$drleqf)
    _drcmple                                 0x0800544d   Thumb Code   100  drlef.o(x$fpl$drleqf)
    __I$use$fp                               0x080054b4   Number         0  usenofp.o(x$fpl$usenofp)
    __mathlib_zero                           0x08005600   Data           8  qnan.o(.constdata)
    AHBPrescTable                            0x08005608   Data          16  system_stm32l0xx.o(.rodata.AHBPrescTable)
    APBPrescTable                            0x08005618   Data           8  system_stm32l0xx.o(.rodata.APBPrescTable)
    PLLMulTable                              0x08005620   Data           9  system_stm32l0xx.o(.rodata.PLLMulTable)
    Region$$Table$$Base                      0x0800562c   Number         0  anon$$obj.o(Region$$Table)
    Region$$Table$$Limit                     0x0800564c   Number         0  anon$$obj.o(Region$$Table)
    SystemCoreClock                          0x20000000   Data           4  system_stm32l0xx.o(.data.SystemCoreClock)
    uwTickFreq                               0x20000004   Data           1  stm32l0xx_hal.o(.data.uwTickFreq)
    uwTickPrio                               0x20000008   Data           4  stm32l0xx_hal.o(.data.uwTickPrio)
    __libspace_start                         0x20000010   Data          96  libspace.o(.bss)
    DataBufferX                              0x20000070   Data          40  main.o(.bss.DataBufferX)
    __temporary_stack_top$libspace           0x20000070   Data           0  libspace.o(.bss)
    DataBufferY                              0x20000098   Data          40  main.o(.bss.DataBufferY)
    DataBufferZ                              0x200000c0   Data          40  main.o(.bss.DataBufferZ)
    RMSX                                     0x200000e8   Data           4  main.o(.bss.RMSX)
    RMSY                                     0x200000ec   Data           4  main.o(.bss.RMSY)
    RMSZ                                     0x200000f0   Data           4  main.o(.bss.RMSZ)
    chipid                                   0x200000f4   Data           1  main.o(.bss.chipid)
    cnt                                      0x200000f8   Data           4  main.o(.bss.cnt)
    data_rec                                 0x200000fc   Data           6  main.o(.bss.data_rec)
    g                                        0x20000102   Data           1  main.o(.bss.g)
    hi2c1                                    0x20000104   Data          84  main.o(.bss.hi2c1)
    htim6                                    0x20000158   Data          64  main.o(.bss.htim6)
    huart4                                   0x20000198   Data         136  main.o(.bss.huart4)
    sample_no                                0x20000220   Data           4  main.o(.bss.sample_no)
    uwTick                                   0x20000224   Data           4  stm32l0xx_hal.o(.bss.uwTick)
    x                                        0x20000228   Data           2  main.o(.bss.x)
    xg                                       0x2000022c   Data           4  main.o(.bss.xg)
    y                                        0x20000230   Data           2  main.o(.bss.y)
    yg                                       0x20000234   Data           4  main.o(.bss.yg)
    z                                        0x20000238   Data           2  main.o(.bss.z)
    zg                                       0x2000023c   Data           4  main.o(.bss.zg)



==============================================================================

Memory Map of the image

  Image Entry point : 0x080000c1

  Load Region LR_IROM1 (Base: 0x08000000, Size: 0x00005660, Max: 0x00030000, ABSOLUTE)

    Execution Region ER_IROM1 (Exec base: 0x08000000, Load base: 0x08000000, Size: 0x0000564c, Max: 0x00030000, ABSOLUTE)

    Exec Addr    Load Addr    Size         Type   Attr      Idx    E Section Name        Object

    0x08000000   0x08000000   0x000000c0   Data   RO            3    RESET               startup_stm32l073xx.o
    0x080000c0   0x080000c0   0x00000008   Code   RO         1256  * !!!main             c_p.l(__main.o)
    0x080000c8   0x080000c8   0x0000003c   Code   RO         1503    !!!scatter          c_p.l(__scatter.o)
    0x08000104   0x08000104   0x0000001a   Code   RO         1505    !!handler_copy      c_p.l(__scatter_copy.o)
    0x0800011e   0x0800011e   0x00000002   PAD
    0x08000120   0x08000120   0x0000001c   Code   RO         1507    !!handler_zi        c_p.l(__scatter_zi.o)
    0x0800013c   0x0800013c   0x00000002   Code   RO         1361    .ARM.Collect$$libinit$$00000000  c_p.l(libinit.o)
    0x0800013e   0x0800013e   0x00000000   Code   RO         1376    .ARM.Collect$$libinit$$00000002  c_p.l(libinit2.o)
    0x0800013e   0x0800013e   0x00000000   Code   RO         1378    .ARM.Collect$$libinit$$00000004  c_p.l(libinit2.o)
    0x0800013e   0x0800013e   0x00000000   Code   RO         1380    .ARM.Collect$$libinit$$00000006  c_p.l(libinit2.o)
    0x0800013e   0x0800013e   0x00000000   Code   RO         1383    .ARM.Collect$$libinit$$0000000C  c_p.l(libinit2.o)
    0x0800013e   0x0800013e   0x00000000   Code   RO         1385    .ARM.Collect$$libinit$$0000000E  c_p.l(libinit2.o)
    0x0800013e   0x0800013e   0x00000000   Code   RO         1387    .ARM.Collect$$libinit$$00000010  c_p.l(libinit2.o)
    0x0800013e   0x0800013e   0x00000000   Code   RO         1390    .ARM.Collect$$libinit$$00000013  c_p.l(libinit2.o)
    0x0800013e   0x0800013e   0x00000000   Code   RO         1392    .ARM.Collect$$libinit$$00000015  c_p.l(libinit2.o)
    0x0800013e   0x0800013e   0x00000000   Code   RO         1394    .ARM.Collect$$libinit$$00000017  c_p.l(libinit2.o)
    0x0800013e   0x0800013e   0x00000000   Code   RO         1396    .ARM.Collect$$libinit$$00000019  c_p.l(libinit2.o)
    0x0800013e   0x0800013e   0x00000000   Code   RO         1398    .ARM.Collect$$libinit$$0000001B  c_p.l(libinit2.o)
    0x0800013e   0x0800013e   0x00000000   Code   RO         1400    .ARM.Collect$$libinit$$0000001D  c_p.l(libinit2.o)
    0x0800013e   0x0800013e   0x00000000   Code   RO         1402    .ARM.Collect$$libinit$$0000001F  c_p.l(libinit2.o)
    0x0800013e   0x0800013e   0x00000000   Code   RO         1404    .ARM.Collect$$libinit$$00000021  c_p.l(libinit2.o)
    0x0800013e   0x0800013e   0x00000000   Code   RO         1406    .ARM.Collect$$libinit$$00000023  c_p.l(libinit2.o)
    0x0800013e   0x0800013e   0x00000000   Code   RO         1408    .ARM.Collect$$libinit$$00000025  c_p.l(libinit2.o)
    0x0800013e   0x0800013e   0x00000000   Code   RO         1410    .ARM.Collect$$libinit$$00000027  c_p.l(libinit2.o)
    0x0800013e   0x0800013e   0x00000000   Code   RO         1414    .ARM.Collect$$libinit$$0000002E  c_p.l(libinit2.o)
    0x0800013e   0x0800013e   0x00000000   Code   RO         1416    .ARM.Collect$$libinit$$00000030  c_p.l(libinit2.o)
    0x0800013e   0x0800013e   0x00000000   Code   RO         1418    .ARM.Collect$$libinit$$00000032  c_p.l(libinit2.o)
    0x0800013e   0x0800013e   0x00000000   Code   RO         1420    .ARM.Collect$$libinit$$00000034  c_p.l(libinit2.o)
    0x0800013e   0x0800013e   0x00000002   Code   RO         1421    .ARM.Collect$$libinit$$00000035  c_p.l(libinit2.o)
    0x08000140   0x08000140   0x00000002   Code   RO         1458    .ARM.Collect$$libshutdown$$00000000  c_p.l(libshutdown.o)
    0x08000142   0x08000142   0x00000000   Code   RO         1486    .ARM.Collect$$libshutdown$$00000002  c_p.l(libshutdown2.o)
    0x08000142   0x08000142   0x00000000   Code   RO         1488    .ARM.Collect$$libshutdown$$00000004  c_p.l(libshutdown2.o)
    0x08000142   0x08000142   0x00000000   Code   RO         1491    .ARM.Collect$$libshutdown$$00000007  c_p.l(libshutdown2.o)
    0x08000142   0x08000142   0x00000000   Code   RO         1494    .ARM.Collect$$libshutdown$$0000000A  c_p.l(libshutdown2.o)
    0x08000142   0x08000142   0x00000000   Code   RO         1496    .ARM.Collect$$libshutdown$$0000000C  c_p.l(libshutdown2.o)
    0x08000142   0x08000142   0x00000000   Code   RO         1499    .ARM.Collect$$libshutdown$$0000000F  c_p.l(libshutdown2.o)
    0x08000142   0x08000142   0x00000002   Code   RO         1500    .ARM.Collect$$libshutdown$$00000010  c_p.l(libshutdown2.o)
    0x08000144   0x08000144   0x00000000   Code   RO         1280    .ARM.Collect$$rtentry$$00000000  c_p.l(__rtentry.o)
    0x08000144   0x08000144   0x00000000   Code   RO         1321    .ARM.Collect$$rtentry$$00000002  c_p.l(__rtentry2.o)
    0x08000144   0x08000144   0x00000006   Code   RO         1333    .ARM.Collect$$rtentry$$00000004  c_p.l(__rtentry4.o)
    0x0800014a   0x0800014a   0x00000000   Code   RO         1323    .ARM.Collect$$rtentry$$00000009  c_p.l(__rtentry2.o)
    0x0800014a   0x0800014a   0x00000004   Code   RO         1324    .ARM.Collect$$rtentry$$0000000A  c_p.l(__rtentry2.o)
    0x0800014e   0x0800014e   0x00000000   Code   RO         1326    .ARM.Collect$$rtentry$$0000000C  c_p.l(__rtentry2.o)
    0x0800014e   0x0800014e   0x00000008   Code   RO         1327    .ARM.Collect$$rtentry$$0000000D  c_p.l(__rtentry2.o)
    0x08000156   0x08000156   0x00000002   Code   RO         1367    .ARM.Collect$$rtexit$$00000000  c_p.l(rtexit.o)
    0x08000158   0x08000158   0x00000000   Code   RO         1429    .ARM.Collect$$rtexit$$00000002  c_p.l(rtexit2.o)
    0x08000158   0x08000158   0x00000004   Code   RO         1430    .ARM.Collect$$rtexit$$00000003  c_p.l(rtexit2.o)
    0x0800015c   0x0800015c   0x00000006   Code   RO         1431    .ARM.Collect$$rtexit$$00000004  c_p.l(rtexit2.o)
    0x08000162   0x08000162   0x00000002   PAD
    0x08000164   0x08000164   0x00000038   Code   RO            4    .text               startup_stm32l073xx.o
    0x0800019c   0x0800019c   0x00000030   Code   RO         1244    .text               c_p.l(llmul.o)
    0x080001cc   0x080001cc   0x00000110   Code   RO         1246    .text               c_p.l(lludiv.o)
    0x080002dc   0x080002dc   0x00000040   Code   RO         1248    .text               c_p.l(rt_memclr.o)
    0x0800031c   0x0800031c   0x0000016c   Code   RO         1250    .text               c_p.l(aeabi_sdiv.o)
    0x08000488   0x08000488   0x00000006   Code   RO         1254    .text               c_p.l(heapauxi.o)
    0x0800048e   0x0800048e   0x00000002   PAD
    0x08000490   0x08000490   0x0000007c   Code   RO         1258    .text               fz_ps.l(d2f.o)
    0x0800050c   0x0800050c   0x00000358   Code   RO         1260    .text               fz_ps.l(daddsub.o)
    0x08000864   0x08000864   0x00000058   Code   RO         1262    .text               fz_ps.l(dflti.o)
    0x080008bc   0x080008bc   0x00000248   Code   RO         1264    .text               fz_ps.l(dmul.o)
    0x08000b04   0x08000b04   0x00000054   Code   RO         1266    .text               fz_ps.l(f2d.o)
    0x08000b58   0x08000b58   0x00000160   Code   RO         1268    .text               fz_ps.l(fdiv.o)
    0x08000cb8   0x08000cb8   0x00000016   Code   RO         1289    .text               c_p.l(_rserrno.o)
    0x08000cce   0x08000cce   0x00000002   PAD
    0x08000cd0   0x08000cd0   0x00000448   Code   RO         1291    .text               fz_ps.l(ddiv.o)
    0x08001118   0x08001118   0x00000060   Code   RO         1296    .text               fz_ps.l(dscalbn.o)
    0x08001178   0x08001178   0x00000100   Code   RO         1298    .text               fz_ps.l(dsqrt.o)
    0x08001278   0x08001278   0x00000008   Code   RO         1340    .text               c_p.l(rt_errno_addr_intlibspace.o)
    0x08001280   0x08001280   0x000000a0   Code   RO         1342    .text               fz_ps.l(dcmpin.o)
    0x08001320   0x08001320   0x00000008   Code   RO         1344    .text               c_p.l(libspace.o)
    0x08001328   0x08001328   0x0000003e   Code   RO         1347    .text               c_p.l(sys_stackheap_outer.o)
    0x08001366   0x08001366   0x00000010   Code   RO         1350    .text               c_p.l(exit.o)
    0x08001376   0x08001376   0x0000002e   Code   RO         1362    .text               fz_ps.l(cmpret.o)
    0x080013a4   0x080013a4   0x00000014   Code   RO         1364    .text               fz_ps.l(dnan2.o)
    0x080013b8   0x080013b8   0x0000005e   Code   RO         1422    .text               fz_ps.l(retnan.o)
    0x08001416   0x08001416   0x00000002   PAD
    0x08001418   0x08001418   0x0000000c   Code   RO         1424    .text               c_p.l(sys_exit.o)
    0x08001424   0x08001424   0x00000002   Code   RO         1447    .text               c_p.l(use_no_semi.o)
    0x08001426   0x08001426   0x00000000   Code   RO         1449    .text               c_p.l(indicate_semi.o)
    0x08001426   0x08001426   0x0000000e   Code   RO           37    .text.Error_Handler  main.o
    0x08001434   0x08001434   0x00000314   Code   RO          564    .text.HAL_GPIO_Init  stm32l0xx_hal_gpio.o
    0x08001748   0x08001748   0x0000000c   Code   RO          308    .text.HAL_GetTick   stm32l0xx_hal.o
    0x08001754   0x08001754   0x00000096   Code   RO          277    .text.HAL_I2CEx_ConfigAnalogFilter  stm32l0xx_hal_i2c_ex.o
    0x080017ea   0x080017ea   0x000000a0   Code   RO          279    .text.HAL_I2CEx_ConfigDigitalFilter  stm32l0xx_hal_i2c_ex.o
    0x0800188a   0x0800188a   0x00000002   PAD
    0x0800188c   0x0800188c   0x0000010c   Code   RO          108    .text.HAL_I2C_Init  stm32l0xx_hal_i2c.o
    0x08001998   0x08001998   0x000001fc   Code   RO          116    .text.HAL_I2C_Master_Transmit  stm32l0xx_hal_i2c.o
    0x08001b94   0x08001b94   0x00000268   Code   RO          176    .text.HAL_I2C_Mem_Read  stm32l0xx_hal_i2c.o
    0x08001dfc   0x08001dfc   0x00000070   Code   RO           89    .text.HAL_I2C_MspInit  stm32l0xx_hal_msp.o
    0x08001e6c   0x08001e6c   0x00000014   Code   RO          306    .text.HAL_IncTick   stm32l0xx_hal.o
    0x08001e80   0x08001e80   0x0000003c   Code   RO          296    .text.HAL_Init      stm32l0xx_hal.o
    0x08001ebc   0x08001ebc   0x00000070   Code   RO          298    .text.HAL_InitTick  stm32l0xx_hal.o
    0x08001f2c   0x08001f2c   0x00000020   Code   RO           87    .text.HAL_MspInit   stm32l0xx_hal_msp.o
    0x08001f4c   0x08001f4c   0x0000001c   Code   RO          682    .text.HAL_NVIC_SetPriority  stm32l0xx_hal_cortex.o
    0x08001f68   0x08001f68   0x0000036c   Code   RO          401    .text.HAL_RCCEx_PeriphCLKConfig  stm32l0xx_hal_rcc_ex.o
    0x080022d4   0x080022d4   0x000002f8   Code   RO          374    .text.HAL_RCC_ClockConfig  stm32l0xx_hal_rcc.o
    0x080025cc   0x080025cc   0x0000000c   Code   RO          380    .text.HAL_RCC_GetHCLKFreq  stm32l0xx_hal_rcc.o
    0x080025d8   0x080025d8   0x0000001c   Code   RO          382    .text.HAL_RCC_GetPCLK1Freq  stm32l0xx_hal_rcc.o
    0x080025f4   0x080025f4   0x00000024   Code   RO          384    .text.HAL_RCC_GetPCLK2Freq  stm32l0xx_hal_rcc.o
    0x08002618   0x08002618   0x0000013c   Code   RO          372    .text.HAL_RCC_GetSysClockFreq  stm32l0xx_hal_rcc.o
    0x08002754   0x08002754   0x00000870   Code   RO          370    .text.HAL_RCC_OscConfig  stm32l0xx_hal_rcc.o
    0x08002fc4   0x08002fc4   0x00000010   Code   RO          698    .text.HAL_SYSTICK_Config  stm32l0xx_hal_cortex.o
    0x08002fd4   0x08002fd4   0x000000cc   Code   RO         1007    .text.HAL_TIMEx_MasterConfigSynchronization  stm32l0xx_hal_tim_ex.o
    0x080030a0   0x080030a0   0x00000080   Code   RO          762    .text.HAL_TIM_Base_Init  stm32l0xx_hal_tim.o
    0x08003120   0x08003120   0x00000028   Code   RO           93    .text.HAL_TIM_Base_MspInit  stm32l0xx_hal_msp.o
    0x08003148   0x08003148   0x000000ac   Code   RO          776    .text.HAL_TIM_Base_Start_IT  stm32l0xx_hal_tim.o
    0x080031f4   0x080031f4   0x000000b0   Code   RO         1018    .text.HAL_UART_Init  stm32l0xx_hal_uart.o
    0x080032a4   0x080032a4   0x00000070   Code   RO           97    .text.HAL_UART_MspInit  stm32l0xx_hal_msp.o
    0x08003314   0x08003314   0x00000004   Code   RO           72    .text.HardFault_Handler  stm32l0xx_it.o
    0x08003318   0x08003318   0x00000040   Code   RO          132    .text.I2C_Flush_TXDR  stm32l0xx_hal_i2c.o
    0x08003358   0x08003358   0x000001f8   Code   RO          268    .text.I2C_IsErrorOccurred  stm32l0xx_hal_i2c.o
    0x08003550   0x08003550   0x000000bc   Code   RO          178    .text.I2C_RequestMemoryRead  stm32l0xx_hal_i2c.o
    0x0800360c   0x0800360c   0x00000054   Code   RO          120    .text.I2C_TransferConfig  stm32l0xx_hal_i2c.o
    0x08003660   0x08003660   0x000000aa   Code   RO          118    .text.I2C_WaitOnFlagUntilTimeout  stm32l0xx_hal_i2c.o
    0x0800370a   0x0800370a   0x000000a0   Code   RO          124    .text.I2C_WaitOnSTOPFlagUntilTimeout  stm32l0xx_hal_i2c.o
    0x080037aa   0x080037aa   0x000000ac   Code   RO          122    .text.I2C_WaitOnTXISFlagUntilTimeout  stm32l0xx_hal_i2c.o
    0x08003856   0x08003856   0x00000002   PAD
    0x08003858   0x08003858   0x00000090   Code   RO           29    .text.MX_GPIO_Init  main.o
    0x080038e8   0x080038e8   0x0000006c   Code   RO           31    .text.MX_I2C1_Init  main.o
    0x08003954   0x08003954   0x0000005c   Code   RO           35    .text.MX_TIM6_Init  main.o
    0x080039b0   0x080039b0   0x00000044   Code   RO           33    .text.MX_USART4_UART_Init  main.o
    0x080039f4   0x080039f4   0x00000004   Code   RO           70    .text.NMI_Handler   stm32l0xx_it.o
    0x080039f8   0x080039f8   0x00000002   Code   RO           76    .text.PendSV_Handler  stm32l0xx_it.o
    0x080039fa   0x080039fa   0x00000002   PAD
    0x080039fc   0x080039fc   0x00000118   Code   RO           23    .text.ProcessData   main.o
    0x08003b14   0x08003b14   0x000000c4   Code   RO           19    .text.ReadI2CSensor  main.o
    0x08003bd8   0x08003bd8   0x00000002   Code   RO           74    .text.SVC_Handler   stm32l0xx_it.o
    0x08003bda   0x08003bda   0x00000002   PAD
    0x08003bdc   0x08003bdc   0x00000050   Code   RO          700    .text.SysTick_Config  stm32l0xx_hal_cortex.o
    0x08003c2c   0x08003c2c   0x00000014   Code   RO           78    .text.SysTick_Handler  stm32l0xx_it.o
    0x08003c40   0x08003c40   0x000000a4   Code   RO           27    .text.SystemClock_Config  main.o
    0x08003ce4   0x08003ce4   0x00000002   Code   RO         1190    .text.SystemInit    system_stm32l0xx.o
    0x08003ce6   0x08003ce6   0x00000002   PAD
    0x08003ce8   0x08003ce8   0x000000c4   Code   RO          766    .text.TIM_Base_SetConfig  stm32l0xx_hal_tim.o
    0x08003dac   0x08003dac   0x0000015a   Code   RO         1024    .text.UART_AdvFeatureConfig  stm32l0xx_hal_uart.o
    0x08003f06   0x08003f06   0x00000002   PAD
    0x08003f08   0x08003f08   0x0000015c   Code   RO         1026    .text.UART_CheckIdleState  stm32l0xx_hal_uart.o
    0x08004064   0x08004064   0x000000b0   Code   RO         1074    .text.UART_EndRxTransfer  stm32l0xx_hal_uart.o
    0x08004114   0x08004114   0x00000504   Code   RO         1022    .text.UART_SetConfig  stm32l0xx_hal_uart.o
    0x08004618   0x08004618   0x000000f8   Code   RO         1040    .text.UART_WaitOnFlagUntilTimeout  stm32l0xx_hal_uart.o
    0x08004710   0x08004710   0x00000084   Code   RO          684    .text.__NVIC_SetPriority  stm32l0xx_hal_cortex.o
    0x08004794   0x08004794   0x0000002a   Code   RO           17    .text.adxl_init     main.o
    0x080047be   0x080047be   0x00000002   PAD
    0x080047c0   0x080047c0   0x00000028   Code   RO           15    .text.adxl_read_address  main.o
    0x080047e8   0x080047e8   0x0000002c   Code   RO           13    .text.adxl_read_values  main.o
    0x08004814   0x08004814   0x0000002c   Code   RO           11    .text.adxl_write    main.o
    0x08004840   0x08004840   0x00000078   Code   RO           25    .text.main          main.o
    0x080048b8   0x080048b8   0x0000004c   Code   RO           21    .text.saveI2CSample  main.o
    0x08004904   0x08004904   0x0000002c   Code   RO         1315    i.__ARM_fpclassify  m_ps.l(fpclassify.o)
    0x08004930   0x08004930   0x000000ac   Code   RO         1317    i.__kernel_poly     m_ps.l(poly.o)
    0x080049dc   0x080049dc   0x00000014   Code   RO         1301    i.__mathlib_dbl_divzero  m_ps.l(dunder.o)
    0x080049f0   0x080049f0   0x00000008   Code   RO         1303    i.__mathlib_dbl_infnan2  m_ps.l(dunder.o)
    0x080049f8   0x080049f8   0x00000010   Code   RO         1304    i.__mathlib_dbl_invalid  m_ps.l(dunder.o)
    0x08004a08   0x08004a08   0x00000014   Code   RO         1305    i.__mathlib_dbl_overflow  m_ps.l(dunder.o)
    0x08004a1c   0x08004a1c   0x00000014   Code   RO         1307    i.__mathlib_dbl_underflow  m_ps.l(dunder.o)
    0x08004a30   0x08004a30   0x000009d4   Code   RO         1272    i.pow               m_ps.l(pow.o)
    0x08005404   0x08005404   0x00000048   Code   RO         1277    i.sqrt              m_ps.l(sqrt.o)
    0x0800544c   0x0800544c   0x00000068   Code   RO         1294    x$fpl$drleqf        fz_ps.l(drlef.o)
    0x080054b4   0x080054b4   0x00000000   Code   RO         1300    x$fpl$usenofp       fz_ps.l(usenofp.o)
    0x080054b4   0x080054b4   0x00000040   Data   RO         1269    .constdata          fz_ps.l(fdiv.o)
    0x080054f4   0x080054f4   0x00000004   PAD
    0x080054f8   0x080054f8   0x00000088   Data   RO         1273    .constdata          m_ps.l(pow.o)
    0x08005580   0x08005580   0x00000080   Data   RO         1292    .constdata          fz_ps.l(ddiv.o)
    0x08005600   0x08005600   0x00000008   Data   RO         1319    .constdata          m_ps.l(qnan.o)
    0x08005608   0x08005608   0x00000010   Data   RO         1195    .rodata.AHBPrescTable  system_stm32l0xx.o
    0x08005618   0x08005618   0x00000008   Data   RO         1196    .rodata.APBPrescTable  system_stm32l0xx.o
    0x08005620   0x08005620   0x00000009   Data   RO         1197    .rodata.PLLMulTable  system_stm32l0xx.o
    0x08005629   0x08005629   0x00000003   PAD
    0x0800562c   0x0800562c   0x00000020   Data   RO         1502    Region$$Table       anon$$obj.o


    Execution Region RW_IRAM1 (Exec base: 0x20000000, Load base: 0x08005650, Size: 0x00000840, Max: 0x00005000, ABSOLUTE)

    Exec Addr    Load Addr    Size         Type   Attr      Idx    E Section Name        Object

    0x20000000   0x08005650   0x00000004   Data   RW         1194    .data.SystemCoreClock  system_stm32l0xx.o
    0x20000004   0x08005654   0x00000001   Data   RW          359    .data.uwTickFreq    stm32l0xx_hal.o
    0x20000005   0x08005655   0x00000003   PAD
    0x20000008   0x08005658   0x00000004   Data   RW          358    .data.uwTickPrio    stm32l0xx_hal.o
    0x2000000c   0x0800565c   0x00000004   PAD
    0x20000010        -       0x00000060   Zero   RW         1345    .bss                c_p.l(libspace.o)
    0x20000070        -       0x00000028   Zero   RW           50    .bss.DataBufferX    main.o
    0x20000098        -       0x00000028   Zero   RW           51    .bss.DataBufferY    main.o
    0x200000c0        -       0x00000028   Zero   RW           52    .bss.DataBufferZ    main.o
    0x200000e8        -       0x00000004   Zero   RW           53    .bss.RMSX           main.o
    0x200000ec        -       0x00000004   Zero   RW           54    .bss.RMSY           main.o
    0x200000f0        -       0x00000004   Zero   RW           55    .bss.RMSZ           main.o
    0x200000f4        -       0x00000001   Zero   RW           39    .bss.chipid         main.o
    0x200000f5   0x0800565c   0x00000003   PAD
    0x200000f8        -       0x00000004   Zero   RW           57    .bss.cnt            main.o
    0x200000fc        -       0x00000006   Zero   RW           43    .bss.data_rec       main.o
    0x20000102        -       0x00000001   Zero   RW           40    .bss.g              main.o
    0x20000103   0x0800565c   0x00000001   PAD
    0x20000104        -       0x00000054   Zero   RW           42    .bss.hi2c1          main.o
    0x20000158        -       0x00000040   Zero   RW           56    .bss.htim6          main.o
    0x20000198        -       0x00000088   Zero   RW           58    .bss.huart4         main.o
    0x20000220        -       0x00000004   Zero   RW           41    .bss.sample_no      main.o
    0x20000224        -       0x00000004   Zero   RW          360    .bss.uwTick         stm32l0xx_hal.o
    0x20000228        -       0x00000002   Zero   RW           44    .bss.x              main.o
    0x2000022a   0x0800565c   0x00000002   PAD
    0x2000022c        -       0x00000004   Zero   RW           47    .bss.xg             main.o
    0x20000230        -       0x00000002   Zero   RW           45    .bss.y              main.o
    0x20000232   0x0800565c   0x00000002   PAD
    0x20000234        -       0x00000004   Zero   RW           48    .bss.yg             main.o
    0x20000238        -       0x00000002   Zero   RW           46    .bss.z              main.o
    0x2000023a   0x0800565c   0x00000002   PAD
    0x2000023c        -       0x00000004   Zero   RW           49    .bss.zg             main.o
    0x20000240        -       0x00000200   Zero   RW            2    HEAP                startup_stm32l073xx.o
    0x20000440        -       0x00000400   Zero   RW            1    STACK               startup_stm32l073xx.o


==============================================================================

Image component sizes


      Code (inc. data)   RO Data    RW Data    ZI Data      Debug   Object Name

      1432        164          0          0        450      11458   main.o
        56         26        192          0       1536        644   startup_stm32l073xx.o
       204         24          0          5          4       6657   stm32l0xx_hal.o
       256         20          0          0          0       6213   stm32l0xx_hal_cortex.o
       788         44          0          0          0       4735   stm32l0xx_hal_gpio.o
      2734         32          0          0          0      36837   stm32l0xx_hal_i2c.o
       310          0          0          0          0       5336   stm32l0xx_hal_i2c_ex.o
       296         40          0          0          0       8188   stm32l0xx_hal_msp.o
      3312        172          0          0          0       8912   stm32l0xx_hal_rcc.o
       876         24          0          0          0       7973   stm32l0xx_hal_rcc_ex.o
       496         24          0          0          0      34822   stm32l0xx_hal_tim.o
       204          0          0          0          0       4170   stm32l0xx_hal_tim_ex.o
      2578        228          0          0          0      34944   stm32l0xx_hal_uart.o
        32          4          0          0          0        734   stm32l0xx_it.o
         2          0         33          4          0       1936   system_stm32l0xx.o

    ----------------------------------------------------------------------
     13590        802        260         12       2004     173559   Object Totals
         0          0         32          0          0          0   (incl. Generated)
        14          0          3          3         14          0   (incl. Padding)

    ----------------------------------------------------------------------

      Code (inc. data)   RO Data    RW Data    ZI Data      Debug   Library Member Name

         8          0          0          0          0         68   __main.o
         0          0          0          0          0          0   __rtentry.o
        12          0          0          0          0          0   __rtentry2.o
         6          0          0          0          0          0   __rtentry4.o
        60          8          0          0          0          0   __scatter.o
        26          0          0          0          0          0   __scatter_copy.o
        28          0          0          0          0          0   __scatter_zi.o
        22          0          0          0          0         92   _rserrno.o
       364          4          0          0          0         92   aeabi_sdiv.o
        16          0          0          0          0         68   exit.o
         6          0          0          0          0        136   heapauxi.o
         0          0          0          0          0          0   indicate_semi.o
         2          0          0          0          0          0   libinit.o
         2          0          0          0          0          0   libinit2.o
         2          0          0          0          0          0   libshutdown.o
         2          0          0          0          0          0   libshutdown2.o
         8          4          0          0         96         68   libspace.o
        48          0          0          0          0         72   llmul.o
       272          0          0          0          0         88   lludiv.o
         8          4          0          0          0         68   rt_errno_addr_intlibspace.o
        64          0          0          0          0        108   rt_memclr.o
         2          0          0          0          0          0   rtexit.o
        10          0          0          0          0          0   rtexit2.o
        12          4          0          0          0         60   sys_exit.o
        62          0          0          0          0         80   sys_stackheap_outer.o
         2          0          0          0          0         68   use_no_semi.o
        46          0          0          0          0         60   cmpret.o
       124          4          0          0          0         72   d2f.o
       856         20          0          0          0        208   daddsub.o
       160          6          0          0          0         76   dcmpin.o
      1096         26        128          0          0        112   ddiv.o
        88          0          0          0          0         92   dflti.o
       584         26          0          0          0         84   dmul.o
        20          6          0          0          0         68   dnan2.o
       104          4          0          0          0        104   drlef.o
        96         12          0          0          0         72   dscalbn.o
       256          8          0          0          0         76   dsqrt.o
        84          4          0          0          0         60   f2d.o
       352         10         64          0          0         92   fdiv.o
        94          0          0          0          0         68   retnan.o
         0          0          0          0          0          0   usenofp.o
        84         14          0          0          0        340   dunder.o
        44          4          0          0          0         60   fpclassify.o
       172          0          0          0          0         76   poly.o
      2516        206        136          0          0        236   pow.o
         0          0          8          0          0          0   qnan.o
        72          6          0          0          0         76   sqrt.o

    ----------------------------------------------------------------------
      7902        380        340          0         96       3100   Library Totals
        10          0          4          0          0          0   (incl. Padding)

    ----------------------------------------------------------------------

      Code (inc. data)   RO Data    RW Data    ZI Data      Debug   Library Name

      1044         24          0          0         96       1068   c_p.l
      3960        126        192          0          0       1244   fz_ps.l
      2888        230        144          0          0        788   m_ps.l

    ----------------------------------------------------------------------
      7902        380        340          0         96       3100   Library Totals

    ----------------------------------------------------------------------

==============================================================================


      Code (inc. data)   RO Data    RW Data    ZI Data      Debug   

     21492       1182        600         12       2100     175007   Grand Totals
     21492       1182        600         12       2100     175007   ELF Image Totals
     21492       1182        600         12          0          0   ROM Totals

==============================================================================

    Total RO  Size (Code + RO Data)                22092 (  21.57kB)
    Total RW  Size (RW Data + ZI Data)              2112 (   2.06kB)
    Total ROM Size (Code + RO Data + RW Data)      22104 (  21.59kB)

==============================================================================

